
 Start         Length     Name                   Class
 0001:00000000 000DD574H .text                   CODE
 0002:00000000 000096C4H .data                   DATA
 0002:000096C4 00003CC5H .bss                    BSS


Detailed map of segments

 0001:00000000 00005577 C=CODE     S=.text    G=(none)   M=System   ACBP=A9
 0001:00005578 00000140 C=CODE     S=.text    G=(none)   M=SysInit  ACBP=A9
 0001:000056B8 0000017C C=CODE     S=.text    G=(none)   M=Types    ACBP=A9
 0001:00005834 00000F14 C=CODE     S=.text    G=(none)   M=Windows  ACBP=A9
 0001:00006748 00000038 C=CODE     S=.text    G=(none)   M=Messages ACBP=A9
 0001:00006780 00000338 C=CODE     S=.text    G=(none)   M=SysConst ACBP=A9
 0001:00006AB8 00006B64 C=CODE     S=.text    G=(none)   M=SysUtils ACBP=A9
 0001:0000D61C 00000813 C=CODE     S=.text    G=(none)   M=VarUtils ACBP=A9
 0001:0000DE30 0000793A C=CODE     S=.text    G=(none)   M=Variants ACBP=A9
 0001:0001576C 00000150 C=CODE     S=.text    G=(none)   M=RTLConsts ACBP=A9
 0001:000158BC 0000083C C=CODE     S=.text    G=(none)   M=TypInfo  ACBP=A9
 0001:000160F8 000000A0 C=CODE     S=.text    G=(none)   M=ActiveX  ACBP=A9
 0001:00016198 0000AE1A C=CODE     S=.text    G=(none)   M=Classes  ACBP=A9
 0001:00020FB4 00000328 C=CODE     S=.text    G=(none)   M=Consts   ACBP=A9
 0001:000212DC 000091FF C=CODE     S=.text    G=(none)   M=Graphics ACBP=A9
 0001:0002A4DC 00000088 C=CODE     S=.text    G=(none)   M=Math     ACBP=A9
 0001:0002A564 000002FC C=CODE     S=.text    G=(none)   M=Contnrs  ACBP=A9
 0001:0002A860 0000041C C=CODE     S=.text    G=(none)   M=CommCtrl ACBP=A9
 0001:0002AC7C 00000787 C=CODE     S=.text    G=(none)   M=MultiMon ACBP=A9
 0001:0002B404 00000038 C=CODE     S=.text    G=(none)   M=Imm      ACBP=A9
 0001:0002B43C 00000FF8 C=CODE     S=.text    G=(none)   M=HelpIntfs ACBP=A9
 0001:0002C434 00000038 C=CODE     S=.text    G=(none)   M=WinSpool ACBP=A9
 0001:0002C46C 00000044 C=CODE     S=.text    G=(none)   M=Printers ACBP=A9
 0001:0002C4B0 0000031F C=CODE     S=.text    G=(none)   M=FlatSB   ACBP=A9
 0001:0002C7D0 000001A4 C=CODE     S=.text    G=(none)   M=SyncObjs ACBP=A9
 0001:0002C974 000009BB C=CODE     S=.text    G=(none)   M=UxTheme  ACBP=A9
 0001:0002D330 00000038 C=CODE     S=.text    G=(none)   M=RichEdit ACBP=A9
 0001:0002D368 00000038 C=CODE     S=.text    G=(none)   M=ToolWin  ACBP=A9
 0001:0002D3A0 00000040 C=CODE     S=.text    G=(none)   M=ShellAPI ACBP=A9
 0001:0002D3E0 00000038 C=CODE     S=.text    G=(none)   M=RegStr   ACBP=A9
 0001:0002D418 00000038 C=CODE     S=.text    G=(none)   M=WinInet  ACBP=A9
 0001:0002D450 00000040 C=CODE     S=.text    G=(none)   M=UrlMon   ACBP=A9
 0001:0002D490 0000006C C=CODE     S=.text    G=(none)   M=ShlObj   ACBP=A9
 0001:0002D4FC 00000040 C=CODE     S=.text    G=(none)   M=CommDlg  ACBP=A9
 0001:0002D53C 00000038 C=CODE     S=.text    G=(none)   M=Dlgs     ACBP=A9
 0001:0002D574 00002369 C=CODE     S=.text    G=(none)   M=Dialogs  ACBP=A9
 0001:0002F8E0 0000327A C=CODE     S=.text    G=(none)   M=ExtCtrls ACBP=A9
 0001:00032B5C 00000088 C=CODE     S=.text    G=(none)   M=ComStrs  ACBP=A9
 0001:00032BE4 00000094 C=CODE     S=.text    G=(none)   M=Clipbrd  ACBP=A9
 0001:00032C78 00000038 C=CODE     S=.text    G=(none)   M=StrUtils ACBP=A9
 0001:00032CB0 00003A91 C=CODE     S=.text    G=(none)   M=Buttons  ACBP=A9
 0001:00036744 00000038 C=CODE     S=.text    G=(none)   M=ExtDlgs  ACBP=A9
 0001:0003677C 00001FC0 C=CODE     S=.text    G=(none)   M=IniFiles ACBP=A9
 0001:0003873C 00000068 C=CODE     S=.text    G=(none)   M=Registry ACBP=A9
 0001:000387A4 0000006C C=CODE     S=.text    G=(none)   M=Mapi     ACBP=A9
 0001:00038810 00000058 C=CODE     S=.text    G=(none)   M=ExtActns ACBP=A9
 0001:00038868 00000038 C=CODE     S=.text    G=(none)   M=ListActns ACBP=A9
 0001:000388A0 0000C58C C=CODE     S=.text    G=(none)   M=ComCtrls ACBP=A9
 0001:00044E2C 00000F80 C=CODE     S=.text    G=(none)   M=Themes   ACBP=A9
 0001:00045DAC 000060D0 C=CODE     S=.text    G=(none)   M=StdCtrls ACBP=A9
 0001:0004BE7C 00000168 C=CODE     S=.text    G=(none)   M=StdActns ACBP=A9
 0001:0004BFE4 00000D1F C=CODE     S=.text    G=(none)   M=WinHelpViewer ACBP=A9
 0001:0004CD04 000113EF C=CODE     S=.text    G=(none)   M=Controls ACBP=A9
 0001:0005E0F4 00001292 C=CODE     S=.text    G=(none)   M=ActnList ACBP=A9
 0001:0005F388 00001B9C C=CODE     S=.text    G=(none)   M=ImgList  ACBP=A9
 0001:00060F24 00006639 C=CODE     S=.text    G=(none)   M=Menus    ACBP=A9
 0001:00067560 0000D1E0 C=CODE     S=.text    G=(none)   M=Forms    ACBP=A9
 0001:00074740 000003C8 C=CODE     S=.text    G=(none)   M=JclResources ACBP=A9
 0001:00074B08 0000015B C=CODE     S=.text    G=(none)   M=JclBase  ACBP=A9
 0001:00074C64 00000038 C=CODE     S=.text    G=(none)   M=AccCtrl  ACBP=A9
 0001:00074C9C 00000040 C=CODE     S=.text    G=(none)   M=JclWin32 ACBP=A9
 0001:00074CDC 00000038 C=CODE     S=.text    G=(none)   M=JclStringConversions ACBP=A9
 0001:00074D14 00000038 C=CODE     S=.text    G=(none)   M=Jcl8087  ACBP=A9
 0001:00074D4C 00000074 C=CODE     S=.text    G=(none)   M=JclMath  ACBP=A9
 0001:00074DC0 00001634 C=CODE     S=.text    G=(none)   M=JclCharsets ACBP=A9
 0001:000763F4 00000038 C=CODE     S=.text    G=(none)   M=JclStreams ACBP=A9
 0001:0007642C 00000038 C=CODE     S=.text    G=(none)   M=JclLogic ACBP=A9
 0001:00076464 00000038 C=CODE     S=.text    G=(none)   M=JclDateTime ACBP=A9
 0001:0007649C 00001304 C=CODE     S=.text    G=(none)   M=JclRegistry ACBP=A9
 0001:000777A0 00000038 C=CODE     S=.text    G=(none)   M=JclSecurity ACBP=A9
 0001:000777D8 00000044 C=CODE     S=.text    G=(none)   M=JclShell ACBP=A9
 0001:0007781C 00000058 C=CODE     S=.text    G=(none)   M=ComConst ACBP=A9
 0001:00077874 00000E9D C=CODE     S=.text    G=(none)   M=ComObj   ACBP=A9
 0001:00078714 00000260 C=CODE     S=.text    G=(none)   M=JclFileUtils ACBP=A9
 0001:00078974 00000038 C=CODE     S=.text    G=(none)   M=JclConsole ACBP=A9
 0001:000789AC 00000148 C=CODE     S=.text    G=(none)   M=JclAnsiStrings ACBP=A9
 0001:00078AF4 00000038 C=CODE     S=.text    G=(none)   M=JclIniFiles ACBP=A9
 0001:00078B2C 00000038 C=CODE     S=.text    G=(none)   M=PsAPI    ACBP=A9
 0001:00078B64 00000038 C=CODE     S=.text    G=(none)   M=TlHelp32 ACBP=A9
 0001:00078B9C 0000004F C=CODE     S=.text    G=(none)   M=Snmp     ACBP=A9
 0001:00078BEC 00000038 C=CODE     S=.text    G=(none)   M=WinSock  ACBP=A9
 0001:00078C24 000035F1 C=CODE     S=.text    G=(none)   M=JclSysInfo ACBP=A9
 0001:0007C218 00002B6E C=CODE     S=.text    G=(none)   M=JclUnicode ACBP=A9
 0001:0007ED88 000000A0 C=CODE     S=.text    G=(none)   M=JclWideStrings ACBP=A9
 0001:0007EE28 00000330 C=CODE     S=.text    G=(none)   M=JclStrings ACBP=A9
 0001:0007F158 0000010C C=CODE     S=.text    G=(none)   M=JclSynch ACBP=A9
 0001:0007F264 000001B5 C=CODE     S=.text    G=(none)   M=JclSysUtils ACBP=A9
 0001:0007F41C 00000038 C=CODE     S=.text    G=(none)   M=MaskUtils ACBP=A9
 0001:0007F454 00000038 C=CODE     S=.text    G=(none)   M=Mask     ACBP=A9
 0001:0007F48C 00000038 C=CODE     S=.text    G=(none)   M=Grids    ACBP=A9
 0001:0007F4C4 00000340 C=CODE     S=.text    G=(none)   M=JvResources ACBP=A9
 0001:0007F804 000011A8 C=CODE     S=.text    G=(none)   M=JvTypes  ACBP=A9
 0001:000809AC 00000038 C=CODE     S=.text    G=(none)   M=MMSystem ACBP=A9
 0001:000809E4 0000044C C=CODE     S=.text    G=(none)   M=JvJCLUtils ACBP=A9
 0001:00080E30 0000006C C=CODE     S=.text    G=(none)   M=JVCLVer  ACBP=A9
 0001:00080E9C 00000118 C=CODE     S=.text    G=(none)   M=JvComponentBase ACBP=A9
 0001:00080FB4 000001E7 C=CODE     S=.text    G=(none)   M=JclRTTI  ACBP=A9
 0001:0008119C 00000038 C=CODE     S=.text    G=(none)   M=JclMime  ACBP=A9
 0001:000811D4 00000038 C=CODE     S=.text    G=(none)   M=JvPropertyStoreEditorIntf ACBP=A9
 0001:0008120C 00000038 C=CODE     S=.text    G=(none)   M=JvConsts ACBP=A9
 0001:00081244 00000090 C=CODE     S=.text    G=(none)   M=JclSimpleXml ACBP=A9
 0001:000812D4 00000104 C=CODE     S=.text    G=(none)   M=JvStrings ACBP=A9
 0001:000813D8 00000050 C=CODE     S=.text    G=(none)   M=JConsts  ACBP=A9
 0001:00081428 000133EC C=CODE     S=.text    G=(none)   M=jpeg     ACBP=A9
 0001:00094814 00000218 C=CODE     S=.text    G=(none)   M=JvPropertyStore ACBP=A9
 0001:00094A2C 00000038 C=CODE     S=.text    G=(none)   M=JvTranslateString ACBP=A9
 0001:00094A64 0000005C C=CODE     S=.text    G=(none)   M=JvAppStorage ACBP=A9
 0001:00094AC0 00001957 C=CODE     S=.text    G=(none)   M=JvJVCLUtils ACBP=A9
 0001:00096418 00000070 C=CODE     S=.text    G=(none)   M=JvImageList ACBP=A9
 0001:00096488 00001098 C=CODE     S=.text    G=(none)   M=JvWndProcHook ACBP=A9
 0001:00097520 0000052F C=CODE     S=.text    G=(none)   M=JvThemes ACBP=A9
 0001:00097A50 00000048 C=CODE     S=.text    G=(none)   M=JvDsgnIntf ACBP=A9
 0001:00097A98 00003CD0 C=CODE     S=.text    G=(none)   M=JvCaptionButton ACBP=A9
 0001:0009B768 00002190 C=CODE     S=.text    G=(none)   M=JvGradientCaption ACBP=A9
 0001:0009D8F8 00000FC8 C=CODE     S=.text    G=(none)   M=JvExControls ACBP=A9
 0001:0009E8C0 00000038 C=CODE     S=.text    G=(none)   M=JvExForms ACBP=A9
 0001:0009E8F8 00000038 C=CODE     S=.text    G=(none)   M=JvExStdCtrls ACBP=A9
 0001:0009E930 00000038 C=CODE     S=.text    G=(none)   M=JvComponent ACBP=A9
 0001:0009E968 00000650 C=CODE     S=.text    G=(none)   M=JvExButtons ACBP=A9
 0001:0009EFB8 00006580 C=CODE     S=.text    G=(none)   M=JvOutlookBar ACBP=A9
 0001:000A5538 0000133C C=CODE     S=.text    G=(none)   M=JvExExtCtrls ACBP=A9
 0001:000A6874 00000388 C=CODE     S=.text    G=(none)   M=JvSplitter ACBP=A9
 0001:000A6BFC 00001678 C=CODE     S=.text    G=(none)   M=JvExComCtrls ACBP=A9
 0001:000A8274 000002B4 C=CODE     S=.text    G=(none)   M=JvExtComponent ACBP=A9
 0001:000A8528 000003B4 C=CODE     S=.text    G=(none)   M=JvHotTrackPersistent ACBP=A9
 0001:000A88DC 0000394C C=CODE     S=.text    G=(none)   M=JvPanel  ACBP=A9
 0001:000AC228 000009D8 C=CODE     S=.text    G=(none)   M=JvProgressBar ACBP=A9
 0001:000ACC00 0000094C C=CODE     S=.text    G=(none)   M=JvStatusBar ACBP=A9
 0001:000AD54C 00000038 C=CODE     S=.text    G=(none)   M=JvArrowButton ACBP=A9
 0001:000AD584 00000158 C=CODE     S=.text    G=(none)   M=sevenzip ACBP=A9
 0001:000AD6DC 00000038 C=CODE     S=.text    G=(none)   M=zlibh    ACBP=A9
 0001:000AD714 00000038 C=CODE     S=.text    G=(none)   M=bzip2    ACBP=A9
 0001:000AD74C 000001EC C=CODE     S=.text    G=(none)   M=JclCompression ACBP=A9
 0001:000AD938 00000458 C=CODE     S=.text    G=(none)   M=JvZlibMultiple ACBP=A9
 0001:000ADD90 000001A8 C=CODE     S=.text    G=(none)   M=FrameApache ACBP=A9
 0001:000ADF38 000001A8 C=CODE     S=.text    G=(none)   M=FrameLocalDNS ACBP=A9
 0001:000AE0E0 000020D8 C=CODE     S=.text    G=(none)   M=JvCreateProcess ACBP=A9
 0001:000B01B8 00000038 C=CODE     S=.text    G=(none)   M=JclVclResources ACBP=A9
 0001:000B01F0 00000605 C=CODE     S=.text    G=(none)   M=JclGraphUtils ACBP=A9
 0001:000B07F8 00005CEC C=CODE     S=.text    G=(none)   M=JvMenus  ACBP=A9
 0001:000B64E4 00000634 C=CODE     S=.text    G=(none)   M=JvWizardCommon ACBP=A9
 0001:000B6B18 00005848 C=CODE     S=.text    G=(none)   M=JvWizard ACBP=A9
 0001:000BC360 00001044 C=CODE     S=.text    G=(none)   M=JvWizardRouteMapSteps ACBP=A9
 0001:000BD3A4 00000118 C=CODE     S=.text    G=(none)   M=LMDRTLConst ACBP=A9
 0001:000BD4BC 00000C80 C=CODE     S=.text    G=(none)   M=LMDUnicode ACBP=A9
 0001:000BE13C 00000038 C=CODE     S=.text    G=(none)   M=LMDHashTable ACBP=A9
 0001:000BE174 000002A7 C=CODE     S=.text    G=(none)   M=LMDObject ACBP=A9
 0001:000BE41C 00000038 C=CODE     S=.text    G=(none)   M=intfLMDBase ACBP=A9
 0001:000BE454 0000046B C=CODE     S=.text    G=(none)   M=LMDCustomComponent ACBP=A9
 0001:000BE8C0 00000330 C=CODE     S=.text    G=(none)   M=DateUtils ACBP=A9
 0001:000BEBF0 0000BAB5 C=CODE     S=.text    G=(none)   M=LMDXML   ACBP=A9
 0001:000CA6A8 0000072B C=CODE     S=.text    G=(none)   M=LMDSysIn ACBP=A9
 0001:000CADD4 000000DB C=CODE     S=.text    G=(none)   M=LMDShUtils ACBP=A9
 0001:000CAEB0 00000D60 C=CODE     S=.text    G=(none)   M=LMDIniCtrl ACBP=A9
 0001:000CBC10 00000ECE C=CODE     S=.text    G=(none)   M=LMDClass ACBP=A9
 0001:000CCAE0 00000564 C=CODE     S=.text    G=(none)   M=LMDStrings ACBP=A9
 0001:000CD044 000001E8 C=CODE     S=.text    G=(none)   M=LMDZCommonUnit ACBP=A9
 0001:000CD22C 00002770 C=CODE     S=.text    G=(none)   M=LMDZCompressUnit ACBP=A9
 0001:000CF99C 00002210 C=CODE     S=.text    G=(none)   M=LMDZUncompressUnit ACBP=A9
 0001:000D1BAC 00000040 C=CODE     S=.text    G=(none)   M=SHFolder ACBP=A9
 0001:000D1BEC 000002AC C=CODE     S=.text    G=(none)   M=LMDProcs ACBP=A9
 0001:000D1E98 000003E4 C=CODE     S=.text    G=(none)   M=LMDFiles ACBP=A9
 0001:000D227C 00000038 C=CODE     S=.text    G=(none)   M=LMDArray ACBP=A9
 0001:000D22B4 00000038 C=CODE     S=.text    G=(none)   M=LMDUnicodeStrings ACBP=A9
 0001:000D22EC 000002F8 C=CODE     S=.text    G=(none)   M=LMDTypes ACBP=A9
 0001:000D25E4 00000038 C=CODE     S=.text    G=(none)   M=LMDZLib  ACBP=A9
 0001:000D261C 000000B8 C=CODE     S=.text    G=(none)   M=LMDRTLXConst ACBP=A9
 0001:000D26D4 00007174 C=CODE     S=.text    G=(none)   M=LMDPNGImage ACBP=A9
 0001:000D9848 0000175F C=CODE     S=.text    G=(none)   M=CheckLst ACBP=A9
 0001:000DAFA8 00001CAC C=CODE     S=.text    G=(none)   M=MainForm ACBP=A9
 0001:000DCC54 00000038 C=CODE     S=.text    G=(none)   M=JvBaseDlg ACBP=A9
 0001:000DCC8C 00000038 C=CODE     S=.text    G=(none)   M=FileCtrl ACBP=A9
 0001:000DCCC4 00000038 C=CODE     S=.text    G=(none)   M=JvSelectDirectory ACBP=A9
 0001:000DCCFC 00000038 C=CODE     S=.text    G=(none)   M=wizardA  ACBP=A9
 0001:000DCD34 00000248 C=CODE     S=.text    G=(none)   M=FrameCAroot ACBP=A9
 0001:000DCF7C 000005F5 C=CODE     S=.text    G=(none)   M=SignTool ACBP=A9
 0002:00000000 0000009C C=DATA     S=.data    G=DGROUP   M=System   ACBP=A9
 0002:0000009C 00000020 C=DATA     S=.data    G=DGROUP   M=SysInit  ACBP=A9
 0002:000000BC 00000254 C=DATA     S=.data    G=DGROUP   M=SysUtils ACBP=A9
 0002:00000310 00000110 C=DATA     S=.data    G=DGROUP   M=VarUtils ACBP=A9
 0002:00000420 000001B2 C=DATA     S=.data    G=DGROUP   M=Variants ACBP=A9
 0002:000005D4 0000000C C=DATA     S=.data    G=DGROUP   M=TypInfo  ACBP=A9
 0002:000005E0 00000010 C=DATA     S=.data    G=DGROUP   M=ActiveX  ACBP=A9
 0002:000005F0 00000100 C=DATA     S=.data    G=DGROUP   M=Classes  ACBP=A9
 0002:000006F0 0000030C C=DATA     S=.data    G=DGROUP   M=Graphics ACBP=A9
 0002:000009FC 00000004 C=DATA     S=.data    G=DGROUP   M=Printers ACBP=A9
 0002:00000A00 00000114 C=DATA     S=.data    G=DGROUP   M=Dialogs  ACBP=A9
 0002:00000B14 0000018C C=DATA     S=.data    G=DGROUP   M=ExtCtrls ACBP=A9
 0002:00000CA0 0000009E C=DATA     S=.data    G=DGROUP   M=Buttons  ACBP=A9
 0002:00000D40 00000008 C=DATA     S=.data    G=DGROUP   M=IniFiles ACBP=A9
 0002:00000D48 00000008 C=DATA     S=.data    G=DGROUP   M=Registry ACBP=A9
 0002:00000D50 00000008 C=DATA     S=.data    G=DGROUP   M=Mapi     ACBP=A9
 0002:00000D58 000000DC C=DATA     S=.data    G=DGROUP   M=ComCtrls ACBP=A9
 0002:00000E34 00000068 C=DATA     S=.data    G=DGROUP   M=Themes   ACBP=A9
 0002:00000E9C 000000B0 C=DATA     S=.data    G=DGROUP   M=StdCtrls ACBP=A9
 0002:00000F4C 0000013C C=DATA     S=.data    G=DGROUP   M=Controls ACBP=A9
 0002:00001088 00000020 C=DATA     S=.data    G=DGROUP   M=ImgList  ACBP=A9
 0002:000010A8 000000EC C=DATA     S=.data    G=DGROUP   M=Menus    ACBP=A9
 0002:00001194 0000011C C=DATA     S=.data    G=DGROUP   M=Forms    ACBP=A9
 0002:000012B0 00000008 C=DATA     S=.data    G=DGROUP   M=JclMath  ACBP=A9
 0002:000012B8 000008F0 C=DATA     S=.data    G=DGROUP   M=JclCharsets ACBP=A9
 0002:00001BA8 000000CC C=DATA     S=.data    G=DGROUP   M=JclRegistry ACBP=A9
 0002:00001C74 00000004 C=DATA     S=.data    G=DGROUP   M=JclShell ACBP=A9
 0002:00001C78 00000030 C=DATA     S=.data    G=DGROUP   M=ComObj   ACBP=A9
 0002:00001CA8 00000030 C=DATA     S=.data    G=DGROUP   M=JclFileUtils ACBP=A9
 0002:00001CD8 00000001 C=DATA     S=.data    G=DGROUP   M=JclAnsiStrings ACBP=A9
 0002:00001CDC 000008D8 C=DATA     S=.data    G=DGROUP   M=JclSysInfo ACBP=A9
 0002:000025B4 00000E7C C=DATA     S=.data    G=DGROUP   M=JclUnicode ACBP=A9
 0002:00003430 0000000C C=DATA     S=.data    G=DGROUP   M=JclStrings ACBP=A9
 0002:0000343C 00000010 C=DATA     S=.data    G=DGROUP   M=JclSysUtils ACBP=A9
 0002:0000344C 00000438 C=DATA     S=.data    G=DGROUP   M=JvTypes  ACBP=A9
 0002:00003884 00000050 C=DATA     S=.data    G=DGROUP   M=JvJCLUtils ACBP=A9
 0002:000038D4 0000000E C=DATA     S=.data    G=DGROUP   M=JvConsts ACBP=A9
 0002:000038E4 00000014 C=DATA     S=.data    G=DGROUP   M=JclSimpleXml ACBP=A9
 0002:000038F8 0000000C C=DATA     S=.data    G=DGROUP   M=JvStrings ACBP=A9
 0002:00003904 00000908 C=DATA     S=.data    G=DGROUP   M=jpeg     ACBP=A9
 0002:0000420C 00000048 C=DATA     S=.data    G=DGROUP   M=JvPropertyStore ACBP=A9
 0002:00004254 0000009C C=DATA     S=.data    G=DGROUP   M=JvJVCLUtils ACBP=A9
 0002:000042F0 00000001 C=DATA     S=.data    G=DGROUP   M=JvImageList ACBP=A9
 0002:000042F4 00000008 C=DATA     S=.data    G=DGROUP   M=JvWndProcHook ACBP=A9
 0002:000042FC 0000003C C=DATA     S=.data    G=DGROUP   M=JvCaptionButton ACBP=A9
 0002:00004338 00000008 C=DATA     S=.data    G=DGROUP   M=JvExControls ACBP=A9
 0002:00004340 00000008 C=DATA     S=.data    G=DGROUP   M=JvOutlookBar ACBP=A9
 0002:00004348 00000014 C=DATA     S=.data    G=DGROUP   M=JvPanel  ACBP=A9
 0002:0000435C 00000030 C=DATA     S=.data    G=DGROUP   M=JvProgressBar ACBP=A9
 0002:0000438C 00000020 C=DATA     S=.data    G=DGROUP   M=sevenzip ACBP=A9
 0002:000043AC 00000038 C=DATA     S=.data    G=DGROUP   M=JclCompression ACBP=A9
 0002:000043E4 00000050 C=DATA     S=.data    G=DGROUP   M=JvCreateProcess ACBP=A9
 0002:00004434 00000008 C=DATA     S=.data    G=DGROUP   M=JvMenus  ACBP=A9
 0002:0000443C 00000038 C=DATA     S=.data    G=DGROUP   M=JvWizardCommon ACBP=A9
 0002:00004474 0000000C C=DATA     S=.data    G=DGROUP   M=JvWizard ACBP=A9
 0002:00004480 00002BCC C=DATA     S=.data    G=DGROUP   M=LMDUnicode ACBP=A9
 0002:0000704C 00000078 C=DATA     S=.data    G=DGROUP   M=LMDXML   ACBP=A9
 0002:000070C4 000000C0 C=DATA     S=.data    G=DGROUP   M=LMDSysIn ACBP=A9
 0002:00007184 00000008 C=DATA     S=.data    G=DGROUP   M=LMDIniCtrl ACBP=A9
 0002:0000718C 00000020 C=DATA     S=.data    G=DGROUP   M=LMDClass ACBP=A9
 0002:000071AC 00000F28 C=DATA     S=.data    G=DGROUP   M=LMDZCompressUnit ACBP=A9
 0002:000080D4 000009CC C=DATA     S=.data    G=DGROUP   M=LMDZUncompressUnit ACBP=A9
 0002:00008AA0 00000038 C=DATA     S=.data    G=DGROUP   M=LMDFiles ACBP=A9
 0002:00008AD8 00000168 C=DATA     S=.data    G=DGROUP   M=LMDTypes ACBP=A9
 0002:00008C40 00000168 C=DATA     S=.data    G=DGROUP   M=LMDPNGImage ACBP=A9
 0002:0000A000 00000664 C=BSS      S=.bss     G=DGROUP   M=System   ACBP=A9
 0002:0000A664 00000010 C=BSS      S=.bss     G=DGROUP   M=SysInit  ACBP=A9
 0002:0000A674 00000004 C=BSS      S=.bss     G=DGROUP   M=Types    ACBP=A9
 0002:0000A678 00000004 C=BSS      S=.bss     G=DGROUP   M=Windows  ACBP=A9
 0002:0000A67C 00000004 C=BSS      S=.bss     G=DGROUP   M=Messages ACBP=A9
 0002:0000A680 00000004 C=BSS      S=.bss     G=DGROUP   M=SysConst ACBP=A9
 0002:0000A684 00000120 C=BSS      S=.bss     G=DGROUP   M=SysUtils ACBP=A9
 0002:0000A7A4 0000005C C=BSS      S=.bss     G=DGROUP   M=VarUtils ACBP=A9
 0002:0000A800 00000040 C=BSS      S=.bss     G=DGROUP   M=Variants ACBP=A9
 0002:0000A840 00000004 C=BSS      S=.bss     G=DGROUP   M=RTLConsts ACBP=A9
 0002:0000A844 00000004 C=BSS      S=.bss     G=DGROUP   M=TypInfo  ACBP=A9
 0002:0000A848 00000004 C=BSS      S=.bss     G=DGROUP   M=ActiveX  ACBP=A9
 0002:0000A84C 00000044 C=BSS      S=.bss     G=DGROUP   M=Classes  ACBP=A9
 0002:0000A890 00000004 C=BSS      S=.bss     G=DGROUP   M=Consts   ACBP=A9
 0002:0000A894 00000060 C=BSS      S=.bss     G=DGROUP   M=Graphics ACBP=A9
 0002:0000A8F4 00000004 C=BSS      S=.bss     G=DGROUP   M=Math     ACBP=A9
 0002:0000A8F8 00000004 C=BSS      S=.bss     G=DGROUP   M=Contnrs  ACBP=A9
 0002:0000A8FC 0000000C C=BSS      S=.bss     G=DGROUP   M=CommCtrl ACBP=A9
 0002:0000A908 00000031 C=BSS      S=.bss     G=DGROUP   M=MultiMon ACBP=A9
 0002:0000A93C 00000004 C=BSS      S=.bss     G=DGROUP   M=Imm      ACBP=A9
 0002:0000A940 00000008 C=BSS      S=.bss     G=DGROUP   M=HelpIntfs ACBP=A9
 0002:0000A948 00000004 C=BSS      S=.bss     G=DGROUP   M=WinSpool ACBP=A9
 0002:0000A94C 00000004 C=BSS      S=.bss     G=DGROUP   M=Printers ACBP=A9
 0002:0000A950 00000034 C=BSS      S=.bss     G=DGROUP   M=FlatSB   ACBP=A9
 0002:0000A984 00000004 C=BSS      S=.bss     G=DGROUP   M=SyncObjs ACBP=A9
 0002:0000A988 000000CC C=BSS      S=.bss     G=DGROUP   M=UxTheme  ACBP=A9
 0002:0000AA54 00000004 C=BSS      S=.bss     G=DGROUP   M=RichEdit ACBP=A9
 0002:0000AA58 00000004 C=BSS      S=.bss     G=DGROUP   M=ToolWin  ACBP=A9
 0002:0000AA5C 00000004 C=BSS      S=.bss     G=DGROUP   M=ShellAPI ACBP=A9
 0002:0000AA60 00000004 C=BSS      S=.bss     G=DGROUP   M=RegStr   ACBP=A9
 0002:0000AA64 00000004 C=BSS      S=.bss     G=DGROUP   M=WinInet  ACBP=A9
 0002:0000AA68 00000004 C=BSS      S=.bss     G=DGROUP   M=UrlMon   ACBP=A9
 0002:0000AA6C 00000004 C=BSS      S=.bss     G=DGROUP   M=ShlObj   ACBP=A9
 0002:0000AA70 00000004 C=BSS      S=.bss     G=DGROUP   M=CommDlg  ACBP=A9
 0002:0000AA74 00000004 C=BSS      S=.bss     G=DGROUP   M=Dlgs     ACBP=A9
 0002:0000AA78 00000038 C=BSS      S=.bss     G=DGROUP   M=Dialogs  ACBP=A9
 0002:0000AAB0 00000004 C=BSS      S=.bss     G=DGROUP   M=ExtCtrls ACBP=A9
 0002:0000AAB4 00000004 C=BSS      S=.bss     G=DGROUP   M=ComStrs  ACBP=A9
 0002:0000AAB8 0000000C C=BSS      S=.bss     G=DGROUP   M=Clipbrd  ACBP=A9
 0002:0000AAC4 00000004 C=BSS      S=.bss     G=DGROUP   M=StrUtils ACBP=A9
 0002:0000AAC8 00000030 C=BSS      S=.bss     G=DGROUP   M=Buttons  ACBP=A9
 0002:0000AAF8 00000004 C=BSS      S=.bss     G=DGROUP   M=ExtDlgs  ACBP=A9
 0002:0000AAFC 00000004 C=BSS      S=.bss     G=DGROUP   M=IniFiles ACBP=A9
 0002:0000AB00 00000004 C=BSS      S=.bss     G=DGROUP   M=Registry ACBP=A9
 0002:0000AB04 00000004 C=BSS      S=.bss     G=DGROUP   M=Mapi     ACBP=A9
 0002:0000AB08 00000009 C=BSS      S=.bss     G=DGROUP   M=ExtActns ACBP=A9
 0002:0000AB14 00000004 C=BSS      S=.bss     G=DGROUP   M=ListActns ACBP=A9
 0002:0000AB18 00000010 C=BSS      S=.bss     G=DGROUP   M=ComCtrls ACBP=A9
 0002:0000AB28 00000008 C=BSS      S=.bss     G=DGROUP   M=Themes   ACBP=A9
 0002:0000AB30 00000004 C=BSS      S=.bss     G=DGROUP   M=StdCtrls ACBP=A9
 0002:0000AB34 00000004 C=BSS      S=.bss     G=DGROUP   M=StdActns ACBP=A9
 0002:0000AB38 00000014 C=BSS      S=.bss     G=DGROUP   M=WinHelpViewer ACBP=A9
 0002:0000AB4C 00000080 C=BSS      S=.bss     G=DGROUP   M=Controls ACBP=A9
 0002:0000ABCC 00000004 C=BSS      S=.bss     G=DGROUP   M=ActnList ACBP=A9
 0002:0000ABD0 0000000C C=BSS      S=.bss     G=DGROUP   M=ImgList  ACBP=A9
 0002:0000ABDC 00000010 C=BSS      S=.bss     G=DGROUP   M=Menus    ACBP=A9
 0002:0000ABEC 00000020 C=BSS      S=.bss     G=DGROUP   M=Forms    ACBP=A9
 0002:0000AC0C 00000004 C=BSS      S=.bss     G=DGROUP   M=JclResources ACBP=A9
 0002:0000AC10 00000008 C=BSS      S=.bss     G=DGROUP   M=JclBase  ACBP=A9
 0002:0000AC18 00000004 C=BSS      S=.bss     G=DGROUP   M=AccCtrl  ACBP=A9
 0002:0000AC1C 00000004 C=BSS      S=.bss     G=DGROUP   M=JclWin32 ACBP=A9
 0002:0000AC20 00000004 C=BSS      S=.bss     G=DGROUP   M=JclStringConversions ACBP=A9
 0002:0000AC24 00000004 C=BSS      S=.bss     G=DGROUP   M=Jcl8087  ACBP=A9
 0002:0000AC28 00000004 C=BSS      S=.bss     G=DGROUP   M=JclMath  ACBP=A9
 0002:0000AC2C 00000004 C=BSS      S=.bss     G=DGROUP   M=JclCharsets ACBP=A9
 0002:0000AC30 00000004 C=BSS      S=.bss     G=DGROUP   M=JclStreams ACBP=A9
 0002:0000AC34 00000004 C=BSS      S=.bss     G=DGROUP   M=JclLogic ACBP=A9
 0002:0000AC38 00000004 C=BSS      S=.bss     G=DGROUP   M=JclDateTime ACBP=A9
 0002:0000AC3C 00000004 C=BSS      S=.bss     G=DGROUP   M=JclRegistry ACBP=A9
 0002:0000AC40 00000004 C=BSS      S=.bss     G=DGROUP   M=JclSecurity ACBP=A9
 0002:0000AC44 00000004 C=BSS      S=.bss     G=DGROUP   M=JclShell ACBP=A9
 0002:0000AC48 00000004 C=BSS      S=.bss     G=DGROUP   M=ComConst ACBP=A9
 0002:0000AC4C 00000011 C=BSS      S=.bss     G=DGROUP   M=ComObj   ACBP=A9
 0002:0000AC60 00000004 C=BSS      S=.bss     G=DGROUP   M=JclFileUtils ACBP=A9
 0002:0000AC64 00000004 C=BSS      S=.bss     G=DGROUP   M=JclConsole ACBP=A9
 0002:0000AC68 00000504 C=BSS      S=.bss     G=DGROUP   M=JclAnsiStrings ACBP=A9
 0002:0000B16C 00000004 C=BSS      S=.bss     G=DGROUP   M=JclIniFiles ACBP=A9
 0002:0000B170 00000004 C=BSS      S=.bss     G=DGROUP   M=PsAPI    ACBP=A9
 0002:0000B174 00000004 C=BSS      S=.bss     G=DGROUP   M=TlHelp32 ACBP=A9
 0002:0000B178 00000004 C=BSS      S=.bss     G=DGROUP   M=Snmp     ACBP=A9
 0002:0000B17C 00000004 C=BSS      S=.bss     G=DGROUP   M=WinSock  ACBP=A9
 0002:0000B180 00000010 C=BSS      S=.bss     G=DGROUP   M=JclSysInfo ACBP=A9
 0002:0000B190 00001018 C=BSS      S=.bss     G=DGROUP   M=JclUnicode ACBP=A9
 0002:0000C1A8 00000004 C=BSS      S=.bss     G=DGROUP   M=JclWideStrings ACBP=A9
 0002:0000C1AC 00000504 C=BSS      S=.bss     G=DGROUP   M=JclStrings ACBP=A9
 0002:0000C6B0 00000004 C=BSS      S=.bss     G=DGROUP   M=JclSynch ACBP=A9
 0002:0000C6B4 00000008 C=BSS      S=.bss     G=DGROUP   M=JclSysUtils ACBP=A9
 0002:0000C6BC 00000004 C=BSS      S=.bss     G=DGROUP   M=MaskUtils ACBP=A9
 0002:0000C6C0 00000004 C=BSS      S=.bss     G=DGROUP   M=Mask     ACBP=A9
 0002:0000C6C4 00000004 C=BSS      S=.bss     G=DGROUP   M=Grids    ACBP=A9
 0002:0000C6C8 00000004 C=BSS      S=.bss     G=DGROUP   M=JvResources ACBP=A9
 0002:0000C6CC 00000008 C=BSS      S=.bss     G=DGROUP   M=JvTypes  ACBP=A9
 0002:0000C6D4 00000004 C=BSS      S=.bss     G=DGROUP   M=MMSystem ACBP=A9
 0002:0000C6D8 00000004 C=BSS      S=.bss     G=DGROUP   M=JvJCLUtils ACBP=A9
 0002:0000C6DC 00000004 C=BSS      S=.bss     G=DGROUP   M=JVCLVer  ACBP=A9
 0002:0000C6E0 00000004 C=BSS      S=.bss     G=DGROUP   M=JvComponentBase ACBP=A9
 0002:0000C6E4 00000008 C=BSS      S=.bss     G=DGROUP   M=JclRTTI  ACBP=A9
 0002:0000C6EC 00000004 C=BSS      S=.bss     G=DGROUP   M=JclMime  ACBP=A9
 0002:0000C6F0 00000004 C=BSS      S=.bss     G=DGROUP   M=JvPropertyStoreEditorIntf ACBP=A9
 0002:0000C6F4 00000004 C=BSS      S=.bss     G=DGROUP   M=JvConsts ACBP=A9
 0002:0000C6F8 00000004 C=BSS      S=.bss     G=DGROUP   M=JclSimpleXml ACBP=A9
 0002:0000C6FC 00000004 C=BSS      S=.bss     G=DGROUP   M=JvStrings ACBP=A9
 0002:0000C700 00000004 C=BSS      S=.bss     G=DGROUP   M=JConsts  ACBP=A9
 0002:0000C704 00000004 C=BSS      S=.bss     G=DGROUP   M=jpeg     ACBP=A9
 0002:0000C708 00000004 C=BSS      S=.bss     G=DGROUP   M=JvPropertyStore ACBP=A9
 0002:0000C70C 00000004 C=BSS      S=.bss     G=DGROUP   M=JvTranslateString ACBP=A9
 0002:0000C710 00000009 C=BSS      S=.bss     G=DGROUP   M=JvAppStorage ACBP=A9
 0002:0000C71C 00000004 C=BSS      S=.bss     G=DGROUP   M=JvJVCLUtils ACBP=A9
 0002:0000C720 00000009 C=BSS      S=.bss     G=DGROUP   M=JvImageList ACBP=A9
 0002:0000C72C 00000004 C=BSS      S=.bss     G=DGROUP   M=JvWndProcHook ACBP=A9
 0002:0000C730 00000008 C=BSS      S=.bss     G=DGROUP   M=JvThemes ACBP=A9
 0002:0000C738 00000008 C=BSS      S=.bss     G=DGROUP   M=JvDsgnIntf ACBP=A9
 0002:0000C740 00000010 C=BSS      S=.bss     G=DGROUP   M=JvCaptionButton ACBP=A9
 0002:0000C750 00000004 C=BSS      S=.bss     G=DGROUP   M=JvGradientCaption ACBP=A9
 0002:0000C754 00000004 C=BSS      S=.bss     G=DGROUP   M=JvExControls ACBP=A9
 0002:0000C758 00000004 C=BSS      S=.bss     G=DGROUP   M=JvExForms ACBP=A9
 0002:0000C75C 00000004 C=BSS      S=.bss     G=DGROUP   M=JvExStdCtrls ACBP=A9
 0002:0000C760 00000004 C=BSS      S=.bss     G=DGROUP   M=JvComponent ACBP=A9
 0002:0000C764 00000004 C=BSS      S=.bss     G=DGROUP   M=JvExButtons ACBP=A9
 0002:0000C768 00000004 C=BSS      S=.bss     G=DGROUP   M=JvOutlookBar ACBP=A9
 0002:0000C76C 00000004 C=BSS      S=.bss     G=DGROUP   M=JvExExtCtrls ACBP=A9
 0002:0000C770 00000004 C=BSS      S=.bss     G=DGROUP   M=JvSplitter ACBP=A9
 0002:0000C774 00000004 C=BSS      S=.bss     G=DGROUP   M=JvExComCtrls ACBP=A9
 0002:0000C778 00000004 C=BSS      S=.bss     G=DGROUP   M=JvExtComponent ACBP=A9
 0002:0000C77C 00000004 C=BSS      S=.bss     G=DGROUP   M=JvHotTrackPersistent ACBP=A9
 0002:0000C780 00000004 C=BSS      S=.bss     G=DGROUP   M=JvPanel  ACBP=A9
 0002:0000C784 00000004 C=BSS      S=.bss     G=DGROUP   M=JvProgressBar ACBP=A9
 0002:0000C788 00000004 C=BSS      S=.bss     G=DGROUP   M=JvStatusBar ACBP=A9
 0002:0000C78C 00000004 C=BSS      S=.bss     G=DGROUP   M=JvArrowButton ACBP=A9
 0002:0000C790 00000004 C=BSS      S=.bss     G=DGROUP   M=sevenzip ACBP=A9
 0002:0000C794 00000004 C=BSS      S=.bss     G=DGROUP   M=zlibh    ACBP=A9
 0002:0000C798 00000004 C=BSS      S=.bss     G=DGROUP   M=bzip2    ACBP=A9
 0002:0000C79C 0000000C C=BSS      S=.bss     G=DGROUP   M=JclCompression ACBP=A9
 0002:0000C7A8 00000004 C=BSS      S=.bss     G=DGROUP   M=JvZlibMultiple ACBP=A9
 0002:0000C7AC 00000004 C=BSS      S=.bss     G=DGROUP   M=FrameApache ACBP=A9
 0002:0000C7B0 00000004 C=BSS      S=.bss     G=DGROUP   M=FrameLocalDNS ACBP=A9
 0002:0000C7B4 00000004 C=BSS      S=.bss     G=DGROUP   M=JvCreateProcess ACBP=A9
 0002:0000C7B8 00000004 C=BSS      S=.bss     G=DGROUP   M=JclVclResources ACBP=A9
 0002:0000C7BC 00000034 C=BSS      S=.bss     G=DGROUP   M=JclGraphUtils ACBP=A9
 0002:0000C7F0 0000000C C=BSS      S=.bss     G=DGROUP   M=JvMenus  ACBP=A9
 0002:0000C7FC 00000004 C=BSS      S=.bss     G=DGROUP   M=JvWizardCommon ACBP=A9
 0002:0000C800 00000004 C=BSS      S=.bss     G=DGROUP   M=JvWizard ACBP=A9
 0002:0000C804 00000004 C=BSS      S=.bss     G=DGROUP   M=JvWizardRouteMapSteps ACBP=A9
 0002:0000C808 00000004 C=BSS      S=.bss     G=DGROUP   M=LMDRTLConst ACBP=A9
 0002:0000C80C 0000000C C=BSS      S=.bss     G=DGROUP   M=LMDUnicode ACBP=A9
 0002:0000C818 00000004 C=BSS      S=.bss     G=DGROUP   M=LMDHashTable ACBP=A9
 0002:0000C81C 00000004 C=BSS      S=.bss     G=DGROUP   M=LMDObject ACBP=A9
 0002:0000C820 00000004 C=BSS      S=.bss     G=DGROUP   M=intfLMDBase ACBP=A9
 0002:0000C824 00000004 C=BSS      S=.bss     G=DGROUP   M=LMDCustomComponent ACBP=A9
 0002:0000C828 00000004 C=BSS      S=.bss     G=DGROUP   M=DateUtils ACBP=A9
 0002:0000C82C 00000004 C=BSS      S=.bss     G=DGROUP   M=LMDXML   ACBP=A9
 0002:0000C830 00000008 C=BSS      S=.bss     G=DGROUP   M=LMDSysIn ACBP=A9
 0002:0000C838 00000010 C=BSS      S=.bss     G=DGROUP   M=LMDShUtils ACBP=A9
 0002:0000C848 00000004 C=BSS      S=.bss     G=DGROUP   M=LMDIniCtrl ACBP=A9
 0002:0000C84C 00000008 C=BSS      S=.bss     G=DGROUP   M=LMDClass ACBP=A9
 0002:0000C854 00000004 C=BSS      S=.bss     G=DGROUP   M=LMDStrings ACBP=A9
 0002:0000C858 00000004 C=BSS      S=.bss     G=DGROUP   M=LMDZCommonUnit ACBP=A9
 0002:0000C85C 00001010 C=BSS      S=.bss     G=DGROUP   M=LMDZCompressUnit ACBP=A9
 0002:0000D86C 00000004 C=BSS      S=.bss     G=DGROUP   M=LMDZUncompressUnit ACBP=A9
 0002:0000D870 00000004 C=BSS      S=.bss     G=DGROUP   M=SHFolder ACBP=A9
 0002:0000D874 00000004 C=BSS      S=.bss     G=DGROUP   M=LMDProcs ACBP=A9
 0002:0000D878 00000004 C=BSS      S=.bss     G=DGROUP   M=LMDFiles ACBP=A9
 0002:0000D87C 00000004 C=BSS      S=.bss     G=DGROUP   M=LMDArray ACBP=A9
 0002:0000D880 00000004 C=BSS      S=.bss     G=DGROUP   M=LMDUnicodeStrings ACBP=A9
 0002:0000D884 00000004 C=BSS      S=.bss     G=DGROUP   M=LMDTypes ACBP=A9
 0002:0000D888 00000004 C=BSS      S=.bss     G=DGROUP   M=LMDZLib  ACBP=A9
 0002:0000D88C 00000004 C=BSS      S=.bss     G=DGROUP   M=LMDRTLXConst ACBP=A9
 0002:0000D890 00000409 C=BSS      S=.bss     G=DGROUP   M=LMDPNGImage ACBP=A9
 0002:0000DC9C 0000000C C=BSS      S=.bss     G=DGROUP   M=CheckLst ACBP=A9
 0002:0000DCA8 00000008 C=BSS      S=.bss     G=DGROUP   M=MainForm ACBP=A9
 0002:0000DCB0 00000004 C=BSS      S=.bss     G=DGROUP   M=JvBaseDlg ACBP=A9
 0002:0000DCB4 00000004 C=BSS      S=.bss     G=DGROUP   M=FileCtrl ACBP=A9
 0002:0000DCB8 00000004 C=BSS      S=.bss     G=DGROUP   M=JvSelectDirectory ACBP=A9
 0002:0000DCBC 00000004 C=BSS      S=.bss     G=DGROUP   M=wizardA  ACBP=A9
 0002:0000DCC0 00000004 C=BSS      S=.bss     G=DGROUP   M=FrameCAroot ACBP=A9


  Address         Publics by Name

 0001:00084D14       ..
 0001:00085A3C       ..
 0001:0008AB00       ..
 0002:000039A0       ..
 0002:00003BAC       ..
 0001:0008ADD0       ..
 0001:0008C324       ..
 0002:00003AA0       ..
 0001:000845D4       ..
 0001:00087DA4       ..
 0001:00092500       ..
 0002:0000414C       ..
 0001:0008E2A0       ..
 0001:00092A18       ..
 0001:00093A84       ..
 0001:0008715C       ..
 0001:00084110       ..
 0002:00003A20       ..
 0001:0008A80C       ..
 0001:0008E3B0       ..
 0002:00003DAC       ..
 0001:00082F48       ..
 0001:0008977C       ..
 0001:00086BB4       ..
 0001:0008F35C       ..
 0001:0008FB84       ..
 0001:000890A4       ..
 0001:000906B4       ..
 0001:00090810       ..
 0002:00003990       ..
 0001:00091BD8       ..
 0001:00090D4C       ..
 0001:00083BAC       ..
 0001:00091550       ..
 0001:000865C8       ..
 0002:0000AC64       .01
 0002:0000C6E4       .02
 0002:0000D890       .04
 0002:0000C798       .1
 0002:0000C858       .1
 0002:0000C6C8       .1
 0002:0000A8FC       .1
 0002:0000C73C       .1
 0002:0000D86C       .1
 0002:0000AC24       .1
 0002:0000C828       .1
 0002:0000C6EC       .1
 0002:0000C6F0       .1
 0002:0000AB40       .1
 0002:0000B16C       .1
 0002:0000C6F4       .1
 0002:0000C808       .1
 0002:0000C7B8       .1
 0002:0000A67C       .1
 0002:0000B170       .1
 0002:0000C700       .1
 0002:0000C838       .1
 0002:0000C834       .1
 0002:0000C794       .1
 0002:0000AC18       .1
 0002:0000C790       .1
 0002:0000AA44       .1
 0002:0000AC34       .1
 0002:0000AA54       .1
 0002:0000AAC4       .1
 0002:0000A680       .1
 0002:0000AA5C       .1
 0002:0000AA60       .1
 0002:0000C6DC       .1
 0002:0000AA64       .1
 0002:0000AAB4       .1
 0002:0000AA68       .1
 0002:0000AA6C       .1
 0002:0000AA70       .1
 0002:0000D870       .1
 0002:0000A840       .1
 0002:0000A970       .1
 0002:0000D88C       .1
 0002:0000A66C       .1
 0002:0000C82C       .1
 0002:0000AB04       .1
 0002:0000B180       .1
 0002:0000A890       .1
 0002:0000A93C       .1
 0002:0000A674       .1
 0002:0000AC44       .1
 0002:0000C820       .1
 0002:0000AC48       .1
 0002:0000C6FC       .1
 0002:0000A928       .1
 0002:0000B17C       .1
 0002:0000B174       .1
 0002:0000AA74       .1
 0002:0000AC0C       .1
 0002:0000B178       .1
 0002:0000C6C4       .11
 0002:0000AA78       .11
 0002:0000A898       .12
 0002:0000C76C       .12
 0002:0000AAB0       .12
 0002:0000DCAC       .2
 0002:0000C7FC       .2
 0002:0000DC9C       .2
 0002:0000A940       .2
 0002:0000AC40       .2
 0002:0000C7DC       .2
 0002:0000AC38       .2
 0002:0000DCB0       .2
 0002:0000C804       .2
 0002:0000C80C       .2
 0002:0000DCB8       .2
 0002:0000A8F4       .2
 0002:0000C7B0       .2
 0002:0000C7AC       .2
 0002:0000D87C       .2
 0002:0000C7A8       .2
 0002:0000C88C       .2
 0002:0000C70C       .2
 0002:0000C78C       .2
 0002:0000C6E0       .2
 0002:0000AB28       .2
 0002:0000DCBC       .2
 0002:0000DCC0       .2
 0002:0000C778       .2
 0002:0000C72C       .2
 0002:0000C730       .2
 0002:0000C770       .2
 0002:0000C824       .2
 0002:0000AABC       .2
 0002:0000C81C       .2
 0002:0000D878       .2
 0002:0000D874       .2
 0002:0000C6BC       .2
 0002:0000C710       .21
 0002:0000A8F8       .21
 0002:0000AC2C       .3
 0002:0000A94C       .3
 0002:0000C848       .3
 0002:0000AC3C       .3
 0002:0000C760       .3
 0002:0000C764       .3
 0002:0000C740       .3
 0002:0000C6D8       .3
 0002:0000A848       .3
 0002:0000C704       .3
 0002:0000AAF8       .3
 0002:0000B168       .3
 0002:0000ABD0       .3
 0002:0000A678       .3
 0002:0000A948       .3
 0002:0000AC20       .3
 0002:0000C7F0       .31
 0002:0000A794       .35
 0002:0000AB18       .36
 0002:0000C788       .4
 0002:0000AA58       .4
 0002:0000D884       .4
 0002:0000D888       .4
 0002:0000C77C       .4
 0002:0000AAC8       .4
 0002:0000C750       .4
 0002:0000C708       .4
 0002:0000C1A8       .4
 0002:0000AC14       .4
 0002:0000D880       .4
 0002:0000AC4C       .41
 0002:0000ABF4       .41
 0002:0000C6F8       .42
 0002:0000AB30       .42
 0002:0000A858       .45
 0002:0000DCB4       .5
 0002:0000A5BC       .5
 0002:0000C780       .5
 0002:0000C6C0       .5
 0002:0000C720       .5
 0002:0000C854       .5
 0002:0000A7FC       .5
 0002:0000C7B4       .5
 0002:0000AB00       .5
 0002:0000C818       .5
 0002:0000C79C       .501
 0002:0000C784       .6
 0002:0000A984       .6
 0002:0000A844       .6
 0002:0000AC1C       .6
 0002:0000C800       .61
 0002:0000AC60       .62
 0002:0000C850       .7
 0002:0000C6D4       .7
 0002:0000C754       .7
 0002:0000AC28       .7
 0002:0000B194       .71
 0002:0000AB54       .72
 0002:0000AB08       .72
 0002:0000AB34       .73
 0002:0000AAFC       .8
 0002:0000ABCC       .8
 0002:0000C6D0       .8
 0002:0000C71C       .8
 0002:0000AB14       .8
 0002:0000C75C       .81
 0002:0000A820       .81
 0002:0000C6B8       .81
 0002:0000C758       .9
 0002:0000C768       .9
 0002:0000ABE4       .9
 0002:0000C6AC       .9
 0002:0000C6B0       .91
 0002:0000AC30       .92
 0002:0000C774       .92
 0001:00001B54       @AbstractError
 0001:000026C0       @AfterConstruction
 0001:000024F4       @AsClass
 0001:000030B0       @Assert
 0001:00001CBC       @AStrCmp
 0001:000026D0       @BeforeDestruction
 0001:0000227C       @BoundErr
 0001:00002540       @CallDynaInst
 0001:00002668       @ClassCreate
 0001:000026B8       @ClassDestroy
 0001:00001BC4       @Close
 0001:000018D8       @Copy
 0001:0000414C       @CopyArray
 0001:00004030       @CopyRecord
 0001:000042B8       @DispCallByIDError
 0001:0000EA10       @DispInvokeError
 0001:00004254       @Dispose
 0001:00002B4C       @DoneExcept
 0001:00004850       @DynArrayAsg
 0001:00004814       @DynArrayClear
 0001:00004654       @DynArrayHigh
 0001:0000464C       @DynArrayLength
 0001:00004808       @DynArraySetLength
 0001:00002C34       @ExceptionHandler
 0001:00001AEC       @EXP
 0001:00001D2C       @FillChar
 0001:0000400C       @Finalize
 0001:00003F20       @FinalizeArray
 0001:00003ED4       @FinalizeRecord
 0001:00002558       @FindDynaInst
 0001:00002270       @FpuInit
 0001:000021AC       @FpuMaskInit
 0001:00001760       @FreeMem
 0001:00001740       @GetMem
 0001:000055F0       @GetTls
 0001:00003098       @Halt
 0001:00002FC0       @Halt0
 0001:000027E4       @HandleAnyException
 0001:00002A98       @HandleFinally
 0001:00002910       @HandleOnException
 0001:0000563C       @InitExe
 0001:00003EC8       @Initialize
 0001:00003E34       @InitializeArray
 0001:00003E04       @InitializeRecord
 0001:00002E68       @InitImports
 0001:00002E40       @InitResStringImports
 0001:00002E1C       @InitResStrings
 0001:00002E8C       @InitWideStrings
 0001:00001B04       @INT
 0001:00004F34       @IntfAddRef
 0001:00004F04       @IntfCast
 0001:00004EC0       @IntfClear
 0001:00004ED8       @IntfCopy
 0001:00002284       @IntOver
 0001:000024D0       @IsClass
 0001:0000217C       @isNECWindows
 0001:0008E1F0       @jcopy_block_row
 0001:0008E1A4       @jcopy_sample_rows
 0001:0008E17C       @jdiv_round_up
 0001:00087D10       @jinit_1pass_quantizer
 0001:00088F84       @jinit_2pass_quantizer
 0001:0009198C       @jinit_color_converter
 0001:00086F90       @jinit_color_deconverter
 0001:0008F2B0       @jinit_compress_master
 0001:00091488       @jinit_c_coef_controller
 0001:0009078C       @jinit_c_main_controller
 0001:000905EC       @jinit_c_master_control
 0001:00090CA4       @jinit_c_prep_controller
 0001:00092378       @jinit_downsampler
 0001:0008A6F8       @jinit_d_coef_controller
 0001:0008969C       @jinit_d_main_controller
 0001:0008AA6C       @jinit_d_post_controller
 0001:0009299C       @jinit_forward_dct
 0001:00086588       @jinit_huff_decoder
 0001:000946E0       @jinit_huff_encoder
 0001:000840C8       @jinit_input_controller
 0001:0008AD54       @jinit_inverse_dct
 0001:0008E020       @jinit_marker_reader
 0001:0008FB30       @jinit_marker_writer
 0001:00084CDC       @jinit_master_decompress
 0001:00083A74       @jinit_memory_mgr
 0001:00086B34       @jinit_merged_upsampler
 0001:000859C8       @jinit_phuff_decoder
 0001:000934A8       @jinit_phuff_encoder
 0001:0008B2B4       @jinit_upsampler
 0001:0008E210       @jpeg_abort
 0001:0008E288       @jpeg_alloc_huff_table
 0001:0008E270       @jpeg_alloc_quant_table
 0001:00093758       @jpeg_fdct_float
 0001:000934EC       @jpeg_fdct_ifast
 0001:00085E70       @jpeg_fill_bit_buffer
 0001:00083B80       @jpeg_free_large
 0001:00083B70       @jpeg_free_small
 0001:00094424       @jpeg_gen_optimal_table
 0001:00083B78       @jpeg_get_large
 0001:00083B68       @jpeg_get_small
 0001:00085FBC       @jpeg_huff_decode
 0001:0008C2E8       @jpeg_idct_1x1
 0001:0008C0F8       @jpeg_idct_2x2
 0001:0008BD44       @jpeg_idct_4x4
 0001:0008B4CC       @jpeg_idct_float
 0001:0008B910       @jpeg_idct_ifast
 0001:00093C14       @jpeg_make_c_derived_tbl
 0001:00085B74       @jpeg_make_d_derived_tbl
 0001:00083B88       @jpeg_mem_available
 0001:00083BA4       @jpeg_mem_init
 0001:00083BA8       @jpeg_mem_term
 0001:00083B94       @jpeg_open_backing_store
 0001:0008DEEC       @jpeg_resync_to_restart
 0001:0008F074       @jpeg_suppress_tables
 0001:0008E18C       @jround_up
 0001:0008E200       @jzero_far
 0001:00003620       @LStrAddRef
 0001:00003178       @LStrArrayClr
 0001:000031A8       @LStrAsg
 0001:00003438       @LStrCat
 0001:0000347C       @LStrCat3
 0001:000034F0       @LStrCatN
 0001:00003154       @LStrClr
 0001:0000357C       @LStrCmp
 0001:00003690       @LStrCopy
 0001:000036D0       @LStrDelete
 0001:000033C4       @LStrFromArray
 0001:0000333C       @LStrFromChar
 0001:0000334C       @LStrFromPChar
 0001:00003244       @LStrFromPCharLen
 0001:0000337C       @LStrFromPWChar
 0001:000032B0       @LStrFromPWCharLen
 0001:000033B8       @LStrFromString
 0001:000033DC       @LStrFromWArray
 0001:000033F8       @LStrFromWStr
 0001:00003718       @LStrInsert
 0001:000031EC       @LStrLAsg
 0001:00003430       @LStrLen
 0001:00003820       @LStrOfChar
 0001:00003774       @LStrPos
 0001:000037BC       @LStrSetLength
 0001:00003630       @LStrToPChar
 0001:0000340C       @LStrToString
 0001:00004240       @New
 0001:00003218       @NewAnsiString
 0001:00003854       @NewWideString
 0001:00001E90       @Pow10
 0001:00001C38       @PStrCmp
 0001:00001C1C       @PStrNCpy
 0001:00002AF8       @RaiseAgain
 0001:00002AD0       @RaiseExcept
 0001:00001780       @ReallocMem
 0001:00001B24       @ROUND
 0001:000030A4       @RunError
 0001:00001E50       @SetElem
 0001:00001E74       @SetEq
 0001:00002DDC       @StartExe
 0001:00000320       @strlen
 0001:00001B30       @TRUNC
 0001:00002B7C       @TryFinallyExit
 0001:00003688       @UniqueStringA
 0001:0000441C       @ValInt64
 0001:00001D4C       @ValLong
 0001:0001562C       @VarAdd
 0001:00014BD8       @VarAddRef
 0001:0000F540       @VarCast
 0001:0000ECFC       @VarClear
 0001:0000ED10       @VarClr
 0001:00003F08       @VarClr
 0001:00015638       @VarCmpEQ
 0001:0000F024       @VarCopy
 0001:00004018       @VarCopy
 0001:0000F2A4       @VarCopyNoInd
 0001:000132AC       @VarFromBool
 0001:00013138       @VarFromByte
 0001:000132FC       @VarFromCurr
 0001:00013254       @VarFromCurrency
 0001:00013280       @VarFromDate
 0001:000133F0       @VarFromDisp
 0001:00013228       @VarFromDouble
 0001:000130DC       @VarFromInt
 0001:000131D8       @VarFromInt64
 0001:00013118       @VarFromInteger
 0001:000133C4       @VarFromIntf
 0001:00013178       @VarFromLongWord
 0001:00013310       @VarFromLStr
 0001:0001333C       @VarFromPStr
 0001:000132D4       @VarFromReal
 0001:00013198       @VarFromShortInt
 0001:00013204       @VarFromSingle
 0001:000131B8       @VarFromSmallInt
 0001:000132E8       @VarFromTDateTime
 0001:00013158       @VarFromWord
 0001:0001338C       @VarFromWStr
 0001:0000EA64       @VarNull
 0001:0001422C       @VarOp
 0001:00010D0C       @VarToBool
 0001:000109C4       @VarToBoolean
 0001:0000FE04       @VarToByte
 0001:00011BB0       @VarToCurrency
 0001:00011648       @VarToDate
 0001:00013030       @VarToDisp
 0001:00010ED8       @VarToDouble
 0001:000103C8       @VarToInt64
 0001:0000F904       @VarToInteger
 0001:00012F64       @VarToIntf
 0001:0001007C       @VarToLongWord
 0001:00012264       @VarToLStr
 0001:00011254       @VarToReal
 0001:0000FD54       @VarToShortInt
 0001:00011270       @VarToSingle
 0001:0000FEAC       @VarToSmallInt
 0001:0000FFA4       @VarToWord
 0001:0001298C       @VarToWStr
 0001:00003DE4       @WStrAddRef
 0001:00003894       @WStrArrayClr
 0001:000038B8       @WStrAsg
 0001:00003A48       @WStrCat
 0001:00003AA8       @WStrCat3
 0001:00003B0C       @WStrCatN
 0001:0000387C       @WStrClr
 0001:00003B54       @WStrCmp
 0001:00003BD8       @WStrCopy
 0001:00003C24       @WStrDelete
 0001:00003A1C       @WStrFromLStr
 0001:000039A4       @WStrFromPChar
 0001:000038E4       @WStrFromPCharLen
 0001:000039D4       @WStrFromPWChar
 0001:00003970       @WStrFromPWCharLen
 0001:00003A10       @WStrFromString
 0001:00003994       @WStrFromWChar
 0001:00003CB4       @WStrInsert
 0001:000038DC       @WStrLAsg
 0001:00003A3C       @WStrLen
 0001:00003D50       @WStrPos
 0001:00003DA0       @WStrSetLength
 0001:00003A2C       @WStrToPWChar
 0001:00001E2C       @_CLenToPasStr
 0001:00001E20       @_CToPasStr
 0001:000018A8       @_IOTest
 0001:000042E4       @_lldiv
 0001:00004360       @_llmod
 0001:000042C0       @_llmul
 0001:000043DC       @_llshl
 0001:000043FC       @_llushr
 0001:0004FEC8       AbsMin
 0001:0000B840       AbstractErrorHandler
 0002:0000A02C       AbstractErrorProc
 0001:00074C94       AccCtrl
 0002:00008AB8       AccessMode
 0002:00000140       AccessMode
 0001:00001810       AcquireExceptionObject
 0001:000188A4       ActivateClassGroup
 0001:00005F00       ActivateKeyboardLayout
 0002:0000AB88       ActiveDrag
 0001:00016190       ActiveX
 0001:0005F35C       ActnList
 0001:0000044C       AddBlockAfter
 0001:000C680C       AddCDATASection
 0002:000005F0       AddDataModule
 0001:00007744       AddExitProc
 0001:0001C668       AddFinished
 0001:00062B58       AddIn
 0001:00004D64       AddModuleUnloadProc
 0001:00004D54       AddModuleUnloadProc
 0001:0001C6A0       AddNotFinished
 0001:0001D0C4       AddSubComponentsToLoaded
 0001:0001F56C       AddThread
 0001:00024DB8       AdjustColor
 0001:000AAD74       AdjustColors
 0001:00031928       AdjustColors
 0001:0006A568       Adjustment
 0001:000D7A58       AdjustRect
 0001:00005F08       AdjustWindowRectEx
 0001:000CD11C       adler32
 0002:00000EA4       Alignments
 0002:0000117C       Alignments
 0002:000042FC       Alignments
 0002:00004474       Alignments
 0002:00004348       Alignments
 0002:00000B1C       Alignments
 0002:00000EE8       Alignments
 0002:0000116C       Alignments
 0002:00000D88       AlignStyles
 0001:00055698       AlignWork
 0001:00071810       AlignWork
 0001:0006A034       AllocateHWnd
 0001:00020D94       AllocateHWnd
 0001:00096034       AllocateHWndEx
 0001:0007F09C       AllocateMultiSz
 0001:0002E330       AllocFilterStr
 0002:000025A8       AllocGranularity
 0001:000076F8       AllocMem
 0002:0000A5B4       AllocMemCount
 0002:0000A5B8       AllocMemSize
 0001:0002A2D4       AllocPatternBitmap
 0001:00005598       AllocTlsBuffer
 0001:000989A8       AlphaBlend
 0002:0000C7E4       AlphaTable
 0002:0000C7EC       alpha_ptr
 0002:00000F58       AnchorAlign
 0002:00000F4C       AnimateWindowProc
 0002:00001054       AnimationStyle
 0002:0000AC68       AnsiCaseMap
 0002:00001CD8       AnsiCaseMapReady
 0002:0000AF68       AnsiCharTypes
 0001:00007924       AnsiCompareStr
 0001:0000795C       AnsiCompareText
 0001:000080D0       AnsiLastChar
 0001:00005F10       AnsiLower
 0001:000078F0       AnsiLowerCase
 0001:0000C1F8       AnsiLowerCaseFileName
 0001:0000C1C0       AnsiPos
 0002:0000AC10       AnsiReplacementCharacter
 0001:0006736C       AnsiSameCaption
 0001:00007994       AnsiSameText
 0001:000079AC       AnsiStrLIComp
 0001:0000C284       AnsiStrPos
 0001:0000C324       AnsiStrRScan
 0001:0000C34C       AnsiStrScan
 0001:00005334       AnsiToUtf8
 0001:000078BC       AnsiUpperCase
 0001:00013840       AnyOp
 0001:00012EEC       AnyToIntf
 0001:000096EC       AppendChars
 0001:00009AB0       AppendFormat
 0001:00009750       AppendNumber
 0001:00009730       AppendString
 0002:0000ABEC       Application
 0002:00000600       ApplicationHandleException
 0002:00000608       ApplicationShowException
 0002:000012A8       AppVisible
 0001:0000B824       AssertErrorHandler
 0002:0000A024       AssertErrorProc
 0001:00094DF0       AssignBitmapCell
 0001:00015BC0       AssignLongStr
 0001:00015F64       AssignVariant
 0002:00000E1C       AutoExpandStyles
 0002:0000A60C       avail
 0002:000038F8       B64Table
 0001:00008328       BackfillGetDiskFreeSpaceEx
 0001:00052A5C       BackgroundClipped
 0001:0000D8B4       BackupVarBoolFromStr
 0001:0000DA14       BackupVarBStrFromBool
 0001:0000D934       BackupVarBStrFromCy
 0001:0000D9A4       BackupVarBStrFromDate
 0001:0000D848       BackupVarCyFromStr
 0001:0000D7DC       BackupVarDateFromStr
 0001:0000D698       BackupVarI4FromStr
 0001:0000D644       BackupVariantChangeTypeEx
 0001:0000D704       BackupVarR4FromStr
 0001:0000D770       BackupVarR8FromStr
 0002:0000706C       Base64Map
 0002:00000438       BaseTypeMap
 0002:0000CDB4       base_dist
 0002:00007520       base_dist_const
 0002:0000CD40       base_length
 0002:000074AC       base_length_const
 0001:0000BE18       Beep
 0001:00018BFC       BeginGlobalLoading
 0001:00005F18       BeginPaint
 0001:00003108       BeginThread
 0001:00024DC4       BetterSize
 0002:0000C7E8       bias_ptr
 0001:000639CC       BiDiDraw
 0001:0001F458       BinToHex
 0001:00005C78       BitBlt
 0001:00080D4C       BitBlt
 0002:00000CCC       BitBtnCaptions
 0002:0000AACC       BitBtnGlyphs
 0002:00000CF8       BitBtnModalResults
 0002:00000CA0       BitBtnResNames
 0002:000009B0       BitCounts
 0002:000009A8       BitmapCanvasList
 0002:0000A8B0       BitmapImageLock
 0002:00008D58       BitmapInfoHeader
 0001:000CFB58       BITSS
 0002:00008CD4       BitTable
 0002:00008D18       BitTable
 0001:0000D680       BiUnimplemented
 0001:000CE3F0       bi_flush
 0001:000CD7D8       bi_reverse
 0001:000CDCE0       bi_windup
 0002:0000C7D4       BlendLine
 0002:0000C7D8       BlendLineEx
 0002:0000C7C8       BlendMem
 0002:0000C7D0       BlendMemEx
 0002:0000C7C4       BlendReg
 0002:0000C7CC       BlendRegEx
 0002:000006C4       BlockCode
 0002:0000A5E4       blockDescBlockList
 0002:0000A5E8       blockDescFreeList
 0002:00007038       bLowerToUpperListSetup
 0002:0000CE2C       bl_order
 0002:00007598       bl_order_const
 0002:000005D4       BooleanIdents
 0002:00000434       BooleanToStringRule
 0002:000043AC       BooleanValues
 0002:000038F0       BooleanValues
 0002:00007068       BoolStr
 0001:00007ECC       BoolToStr
 0002:00003434       BoolToStr
 0001:00011FEC       BoolToWStrViaOS
 0002:00000E9C       BorderStyles
 0002:00004340       BorderStyles
 0002:00000DD4       BorderStyles
 0002:00000B14       BorderStyles
 0001:000057B4       Bounds
 0001:00017BA0       Bounds
 0002:00001114       Breaks
 0002:0000A8E8       BrushManager
 0001:00082100       BuildColorMap
 0001:000D8864       BuildHeader
 0001:00066180       BuildImage
 0001:00082058       BuildPalette
 0001:000CDBA4       build_bl_tree
 0001:000CD860       build_tree
 0002:00007034       bUpperToLowerListSetup
 0002:00000ABC       ButtonCaptions
 0002:00000D28       ButtonCount
 0002:00000A90       ButtonNames
 0002:00004260       ButtonNames
 0002:00001190       Buttons
 0001:0003671C       Buttons
 0002:00000DEC       ButtonStyles
 0002:00000EE0       ButtonStyles
 0002:0000AA84       ButtonWidths
 0001:000D0290       BYTEBITS
 0002:00007040       byteMark
 0002:0000703C       byteMask
 0001:000D3798       BytesForPixels
 0001:000245A4       BytesPerScanline
 0001:000D378C       ByteSwap
 0001:000D3790       ByteSwap16
 0001:000248FC       ByteSwapColors
 0001:0000BEFC       ByteToCharIndex
 0001:0000BED4       ByteToCharLen
 0001:0000BE98       ByteType
 0001:0000BE20       ByteTypeTest
 0001:000AD744       bzip2
 0002:0000ABD4       CachedComCtrlVer
 0002:000025B0       CachedGetProcessorArchitecture
 0002:00001C50       CachedIsWindows64
 0002:00000DCC       cAddMode
 0001:00020CD0       CalcJmpOffset
 0001:0005D3BC       CalcSplitterPos
 0001:000797AC       CallCPUID
 0001:00005F20       CallNextHookEx
 0001:0000CB4C       CallTerminateProcs
 0001:00005F28       CallWindowProc
 0001:000AD07C       CancelAutoHintShown
 0001:00050F00       CancelDrag
 0002:0000A8EC       CanvasList
 0002:0000AB9C       CanvasList
 0002:00000A68       Captions
 0002:00001010       CaptureControl
 0002:0000B59C       CaseMapping
 0002:0000B19C       Categories
 0002:000010B4       cBooleanToItemAutoFlag
 0002:000004E4       CBooleanToRelationship
 0002:0000718C       CBuiltInColorSchemes
 0002:00004314       CCaption
 0002:0000430C       cCaptionButton
 0002:0000BD9C       CCCs
 0002:000043FC       cCloseAction
 0002:00004254       cDefaultPixelsPerInch
 0002:00004330       CDown
 0002:00004320       CDrawFlags
 0002:00004318       CElements
 0002:00004334       CEnabled
 0001:000057D0       CenterPoint
 0001:0002DC40       CenterWindow
 0002:0000AABA       CF_COMPONENT
 0002:0000AAB8       CF_PICTURE
 0002:0000A818       ChangeAnyProc
 0001:0004F42C       ChangeBiDiModeAlignment
 0001:00008150       ChangeFileExt
 0002:0000C83C       ChangeWindowMessageFilter
 0002:0000C840       ChangeWindowMessageFilterEx
 0002:00000EC4       CharCases
 0001:00003274       CharFromWChar
 0001:0007EF3C       CharIsLower
 0001:00078A64       CharIsLower
 0001:00078A78       CharIsUpper
 0001:0007EF50       CharIsUpper
 0001:0000C0D0       CharLength
 0001:00005F30       CharLowerBuff
 0001:00005F38       CharLowerBuffA
 0001:00005F40       CharNext
 0001:00000290       CharNext
 0001:00022DA4       CharsetToIdent
 0001:000BF6E4       CharsToOctet
 0001:000BF6A8       CharTo6Bit
 0001:0000BFE4       CharToByteIndex
 0001:0000C048       CharToByteLen
 0001:00005F48       CharToOemA
 0001:00005F50       CharUpperBuff
 0001:00005F58       CharUpperBuffA
 0001:0002538C       CheckBool
 0001:00002760       CheckJmp
 0001:000DAF98       CheckLst
 0001:00005F60       CheckMenuItem
 0002:00001104       Checks
 0001:000BD54C       checkstr
 0001:0001D100       CheckSubComponents
 0001:0001F584       CheckSynchronize
 0001:00095C20       CheckTaskWindow
 0001:00069F4C       CheckTaskWindow
 0001:0001381C       CheckType
 0001:00050BB4       CheckUndock
 0001:0000BD0C       CheckWin32Version
 0002:000038E8       cHexPrefix
 0002:0000D894       ChunkClasses
 0002:00000450       CInvalidCustomVariantType
 0002:000010B8       cItemAutoFlagToBoolean
 0002:000010B0       cItemAutoFlagToMenu
 0001:00020F20       Classes
 0001:00018668       ClassNotFound
 0002:0000A814       ClearAnyProc
 0001:00022634       ClearColor
 0001:000783F4       ClearExcepInfo
 0002:00008D88       ClearFlag
 0001:00081028       ClearInfoList
 0001:000151D8       ClearVariantTypeList
 0001:000CE4C4       CLEAR_HASH
 0001:00005F68       ClientToScreen
 0001:0005A960       ClientToWindow
 0002:000009A0       ClipboardFormats
 0001:00032C20       Clipbrd
 0001:00005F70       CloseClipboard
 0001:00005950       CloseHandle
 0002:0000A98C       CloseThemeData
 0002:0000435C       CLSID_TaskbarList
 0002:0000A040       CmdLine
 0002:0000A03C       CmdShow
 0002:000010AC       cMenuAutoFlagToItem
 0002:000004F0       CmpTypeMap
 0001:0000D68C       CmpUnimplemented
 0002:00004310       cNormalButton
 0002:00001C80       CoAddRefServerProcess
 0001:0001613C       CoCreateInstance
 0002:00001C78       CoCreateInstanceEx
 0001:0007EA80       CodePageFromLocale
 0002:00001C90       CoInitFlags
 0001:0001612C       CoInitialize
 0002:00001C7C       CoInitializeEx
 0002:00000720       Colors
 0001:00022B9C       ColorToIdent
 0002:00000B28       ColorToPretyName
 0001:00022B8C       ColorToRGB
 0002:0000344C       ColorValues
 0002:00008CB8       ColumnIncrement
 0002:00008C80       ColumnStart
 0002:0000C7C0       CombineMem
 0002:0000C7BC       CombineReg
 0001:00005C80       CombineRgn
 0002:0000AC54       ComClassManagerVar
 0001:0007786C       ComConst
 0002:0000A900       ComCtl32DLL
 0002:0000AB24       ComCtlVersion
 0001:00044E24       ComCtrls
 0002:0000ABE8       CommandPool
 0001:0002AC74       CommCtrl
 0001:0002D534       CommDlg
 0001:0000072C       Commit
 0002:0000A628       committedRoot
 0001:000786BC       ComObj
 0001:0006213C       CompareFront
 0001:00007824       CompareMem
 0001:000077F4       CompareStr
 0001:00005958       CompareString
 0001:00005960       CompareStringA
 0001:00005968       CompareStringW
 0001:00007844       CompareText
 0001:0007EAF4       CompareTextWin95
 0001:0007EBFC       CompareTextWinNT
 0001:00007DF4       CompareWith
 0001:0001D1E0       ComponentCreated
 0002:0000C1A4       Compositions
 0002:000043C8       CompressionMethodNames
 0001:000D3B90       CompressZLIB
 0001:000CDDE4       compress_block
 0001:0002515C       ComputeAldusChecksum
 0001:00032BDC       ComStrs
 0002:0000C9C8       configuration_table
 0001:000AECB4       ConstructPipe
 0001:000212D4       Consts
 0001:0002A858       Contnrs
 0002:0000AB5A       ControlAtom
 0002:0000AB60       ControlAtomString
 0001:0006F050       ControlHasHelp
 0001:0005E064       Controls
 0002:000042B4       Conversions
 0002:00000624       Convert
 0002:00000634       Convert
 0001:0000B238       ConvertAddr
 0001:00009840       ConvertEraString
 0001:000076D4       ConvertErrorFmt
 0001:000099A8       ConvertYearString
 0001:000D8908       CopyAlphaToBitmap
 0001:0000465C       CopyArray
 0001:00027610       CopyBitmap
 0001:00027CD8       CopyBitmapAsMask
 0001:00005C88       CopyEnhMetaFile
 0001:000364CC       CopyImage
 0001:00035A94       CopyImage
 0001:0000649C       CopyMemory
 0001:00027C74       CopyPalette
 0001:00094B28       CopyParentImage
 0002:00000E38       Copyright
 0001:0006522C       CopyToBest
 0001:000CDD24       copy_block
 0002:00001C84       CoReleaseServerProcess
 0002:00001C88       CoResumeClassObjects
 0002:00001C8C       CoSuspendClassObjects
 0001:00016134       CoUninitialize
 0001:0000BF54       CountChars
 0002:0000A8C8       CounterLock
 0002:0000436C       cProgressStates
 0001:0007B894       CPUID
 0002:00000454       CRangeToType
 0002:0000D898       crc_table
 0002:0000DC98       crc_table_computed
 0002:000038D8       crDragAlt
 0001:0000B768       CreateAssertException
 0001:0000B8F0       CreateAVObject
 0001:00005C90       CreateBitmap
 0001:00005C98       CreateBrushIndirect
 0001:000D390C       CreateClassChunk
 0001:00077BCC       CreateComObject
 0001:00005CA0       CreateCompatibleBitmap
 0001:00005CA8       CreateCompatibleDC
 0001:0001D260       CreateComponent
 0001:00005CB8       CreateDIBitmap
 0001:00005CB0       CreateDIBSection
 0001:000083B4       CreateDir
 0001:00005970       CreateDirectory
 0001:00095484       CreateDisabledBitmapEx
 0001:000AEC68       CreateDuplicate
 0001:00005978       CreateEvent
 0001:00005980       CreateFile
 0001:00005990       CreateFileMapping
 0001:00005988       CreateFileW
 0001:00005CC0       CreateFontIndirect
 0001:00005CC8       CreateHalftonePalette
 0001:00005F78       CreateIcon
 0001:0000B694       CreateInOutError
 0001:00005F80       CreateMenu
 0001:000B1B90       CreateMenuItemPainterFromStyle
 0001:0002F030       CreateMessageDialog
 0002:00004390       CreateObjectExportName
 0001:00005CD0       CreatePalette
 0001:00005CD8       CreatePenIndirect
 0001:00005998       CreatePipe
 0001:00005F88       CreatePopupMenu
 0001:000059A0       CreateProcess
 0001:00005CE0       CreateRectRgn
 0001:00005CE8       CreateRectRgnIndirect
 0001:00080B68       CreateScreenCompatibleDC
 0001:00005CF0       CreateSolidBrush
 0001:00024954       CreateSystemPalette
 0001:00000298       CreateThread
 0001:000059A8       CreateThread
 0001:000065C0       CreateWindow
 0001:00006568       CreateWindowEx
 0001:0009DDD0       CreateWMMessage
 0002:00000F50       CreationControl
 0002:00000A04       CreationControl
 0002:00004414       CreationFlagsValues
 0002:000005C0       CRelationshipToBoolean
 0002:00000418       CResult
 0002:000038DC       crMultiDragAlt
 0002:000038D4       crMultiDragLink
 0002:000038E0       crMultiDragLinkAlt
 0002:00000F3C       CSHREDRAW
 0002:00000138       cSimpleBoolStrs
 0002:00004378       cTBPFFlags
 0002:0000056C       CText
 0002:0000104C       Ctl3DStyles
 0002:0000A620       curAlloc
 0001:0001452C       CurrCompare
 0002:0000A68C       CurrencyDecimals
 0002:0000A688       CurrencyFormat
 0002:0000A684       CurrencyString
 0002:0000C7F4       currentXPPainter
 0001:000096D8       CurrentYear
 0001:00013E28       CurrOp
 0001:00009234       CurrToStr
 0001:00011F7C       CurrToWStrViaOS
 0002:0000122C       CursorMap
 0002:00000F60       Cursors
 0001:0004F74C       CursorToIdent
 0002:0000121C       cUseAlpha
 0002:00001224       cUseColorKey
 0002:00008AA8       CUTF16BE
 0002:00008AAC       CUTF16LE
 0002:00008AA0       CUTF32BE
 0002:00008AA4       CUTF32LE
 0002:00008AB4       CUTF7
 0002:00008AB0       CUTF8
 0002:0000428C       cUtilWindowExClass
 0002:00000310       CVarTypeToElementInfo
 0001:00007B04       CvtInt
 0001:00007B70       CvtInt64
 0002:00000178       CWNear
 0002:00000F44       Data
 0001:00076AEC       DataError
 0001:00014504       DateCompare
 0001:00013960       DateOp
 0002:0000A68D       DateSeparator
 0001:0000A2F0       DateTimeToStr
 0001:0000A264       DateTimeToString
 0001:00009330       DateTimeToTimeStamp
 0001:0000A2C0       DateToStr
 0001:00011FB4       DateToWStrViaOS
 0001:000BEBE8       DateUtils
 0002:0000388C       Day
 0001:000096B0       DayOfWeek
 0002:00008154       dbase
 0002:00000174       DCon10
 0002:0000071C       DDBsOnly
 0001:00020E48       DeallocateHWnd
 0001:0006A048       DeallocateHWnd
 0001:00096118       DeallocateHWndEx
 0002:00000028       DebugHook
 0002:0000A68B       DecimalSeparator
 0001:00009690       DecodeDate
 0001:00009544       DecodeDateFully
 0001:000BE928       DecodeDateTime
 0001:000093E4       DecodeTime
 0001:000007C0       Decommit
 0001:00000DDC       DecommitFree
 0002:0000A5FC       decommittedRoot
 0002:0000B99C       Decompositions
 0001:000D3A9C       DecompressZLIB
 0002:00007058       DefaulCaseSensitive
 0001:00072450       Default
 0001:0006CCD8       Default
 0002:00000020       Default8087CW
 0002:00007060       DefaultBOM
 0002:00000F54       DefaultDockTreeClass
 0002:0000705C       DefaultEncoding
 0002:00007064       DefaultIndentText
 0002:00004434       DefaultMarginColor
 0002:00007050       DefaultNameTable
 0002:000070C0       DefaultNameTableImpl
 0002:00007054       DefaultPreserveWhiteSpace
 0001:0003FCB0       DefaultTreeViewSort
 0002:0000A5C0       DefaultUserCodePage
 0002:00000970       DefBrushData
 0002:00004258       DefCompanyName
 0002:000006F0       DefFontData
 0001:00005F90       DefFrameProc
 0001:000CE4E4       deflate
 0001:000CE7F4       deflateEnd
 0001:000CEA48       deflateInit2_
 0001:000CECF8       deflateInit_
 0001:000CE998       deflateReset
 0001:000CF0A0       deflate_fast
 0001:000CF260       deflate_slow
 0001:000CE2F0       deflate_stored
 0002:00000204       DefLongDayNames
 0002:000001B8       DefLongMonthNames
 0001:00005F98       DefMDIChildProc
 0002:00000950       DefPenData
 0002:000001E8       DefShortDayNames
 0002:00000188       DefShortMonthNames
 0001:00005FA0       DefWindowProc
 0001:000048A8       DelayLoadResourceModule
 0001:0000047C       DeleteBlock
 0001:000003EC       DeleteCriticalSection
 0001:000059B0       DeleteCriticalSection
 0001:00005CF8       DeleteDC
 0001:00005D00       DeleteEnhMetaFile
 0001:00000C24       DeleteFree
 0001:00005FA8       DeleteMenu
 0001:00005D08       DeleteObject
 0001:00081004       DeleteType
 0001:000271CC       DeselectBitmap
 0001:00097A50       DesignerSelectComponent
 0002:0000C738       DesignerSelectComponentProc
 0001:00094A64       DestroyAppStoragePropertyEngineList
 0001:00005FB0       DestroyCursor
 0001:00005FB8       DestroyIcon
 0001:000365DC       DestroyLocals
 0001:00005FC0       DestroyMenu
 0001:00005FC8       DestroyWindow
 0002:00008194       dext
 0001:0004C9B8       DialogEnumerationTester
 0001:0002DCF4       DialogHook
 0001:0002F8A0       Dialogs
 0002:000009AC       DIBPalSizes
 0002:0000008C       dig
 0001:000080AC       DirectoryExists
 0001:00069DA0       DisableTaskWindows
 0001:00077E08       DispatchInvoke
 0001:000783E8       DispatchInvokeError
 0001:0009DF68       DispatchIsDesignMsg
 0001:00005FD0       DispatchMessage
 0001:00070330       DispatchShortCut
 0001:00078404       DispCall
 0001:000784E8       DispCallByID
 0002:0000A000       DispCallByIDProc
 0001:00078314       DispCallError
 0002:000081D4       distfix
 0001:000076B8       DivMod
 0001:0009DE78       DlgCodesToDlgc
 0001:0009DE20       DlgcToDlgCodes
 0001:0002D56C       Dlgs
 0001:000CD058       DO1
 0001:000CD104       DO16
 0001:000CD0B0       DO2
 0001:000CD0CC       DO4
 0001:000CD0E8       DO8
 0001:00055528       DoAlign
 0001:000716C4       DoAlign
 0001:00059620       DoCalcConstraints
 0002:0000AB90       DockSiteList
 0001:00065E4C       DoClick
 0001:00056C6C       DoControlMsg
 0001:00069D50       DoDisableWindow
 0001:000504E0       DoDragOver
 0001:00007718       DoExitProc
 0001:0005B690       DoFindControlZone
 0001:00069E8C       DoFindWindow
 0001:0005BC1C       DoFindZone
 0001:0005B714       DoForEach
 0001:0005D020       DoGetNextLimit
 0001:00069D18       DoneApplication
 0001:0005DD8C       DoneControls
 0001:0000BC1C       DoneExceptions
 0001:0006E6AC       DoNestedActivation
 0001:0001F520       DoneThreadSynchronization
 0001:000AFECC       DoOutput
 0001:000550E8       DoPosition
 0001:00071514       DoPosition
 0001:0005C648       DoPrune
 0001:00030DE8       DoRect
 0001:0005CB20       DoSaveZone
 0001:0005CD24       DoSetNewBounds
 0001:000AFF34       DoTab
 0002:000045CC       doti
 0002:000005DC       DotSep
 0001:000DC690       DownloadFile
 0002:00000D2C       DownStyles
 0001:0006079C       DoWrite
 0001:000262E8       DoWrite
 0001:00096F08       DoWrite
 0001:0001A510       DoWrite
 0001:000255E4       DoWrite
 0001:00056254       DoWriteDesignSize
 0001:00053BAC       DoWriteIsControl
 0002:0000AB74       DragCapture
 0002:0000AB68       DragControl
 0001:00050C28       DragDone
 0001:00050490       DragFindTarget
 0001:00050464       DragFindWindow
 0002:0000AB8C       DragImageList
 0001:00050880       DragInit
 0001:000509F0       DragInitControl
 0002:0000AB70       DragInternalObject
 0001:000503AC       DragMessage
 0002:0000AB6C       DragObject
 0002:0000AB98       DragSave
 0002:0000AB80       DragSaveCursor
 0002:0000AB78       DragStartPos
 0002:00000E04       DragStyles
 0002:0000AB84       DragThreshold
 0001:000505B0       DragTo
 0001:0007248C       DrawAppIcon
 0002:0000425C       DrawBitmap
 0001:00095434       DrawBitmapTransparent
 0001:00033934       DrawButtonFace
 0001:0005C1B4       DrawCloseButton
 0001:0009DC28       DrawDotNetControl
 0001:0009DB88       DrawDotNetControl
 0001:00005FD8       DrawEdge
 0001:00005FE0       DrawFocusRect
 0001:00005FE8       DrawFrameControl
 0001:0005C20C       DrawGrabberLine
 0001:00005FF0       DrawIcon
 0001:00005FF8       DrawIconEx
 0002:00001088       DrawingStyles
 0001:00006000       DrawMenuBar
 0001:0006718C       DrawMenuItem
 0001:0009CE48       DrawStr
 0001:00080CBC       DrawText
 0001:00080CF0       DrawText
 0001:00006008       DrawText
 0001:00080D20       DrawText
 0001:00006010       DrawTextA
 0002:0000A990       DrawThemeBackground
 0001:0009754C       DrawThemedBackground
 0001:00097520       DrawThemedBackground
 0002:0000A9B4       DrawThemeEdge
 0002:0000A9B8       DrawThemeIcon
 0002:0000AA3C       DrawThemeParentBackground
 0002:0000A994       DrawThemeText
 0001:000D3450       DrawTransparentBitmap
 0001:000CFD38       DROPBITS
 0001:000982C0       DupBits
 0001:00024424       DupBits
 0001:000059B8       DuplicateHandle
 0001:00004674       DynArrayClear
 0001:0000467C       DynArraySetLength
 0001:000CDDC4       d_code
 0002:00001174       EdgeStyle
 0002:0000103C       EdgeStyles
 0002:00000DF4       EditStyles
 0001:0000B668       EHeapException.FreeInstance
 0001:000816E8       EmitMessage
 0001:00006018       EmptyClipboard
 0001:00014390       EmptyCompare
 0001:00013D90       EmptyOp
 0002:0000A800       EmptyParam
 0002:000000BC       EmptyStr
 0002:000070AC       EmptyVar
 0002:000000C0       EmptyWideStr
 0001:00006020       EnableMenuItem
 0002:0000110C       Enables
 0001:00006028       EnableScrollBar
 0001:00069E54       EnableTaskWindows
 0002:0000AA24       EnableThemeDialogTexture
 0002:0000AA40       EnableTheming
 0001:00006030       EnableWindow
 0001:000BE8C0       EncodeDateTime
 0002:000043B4       EncryptionMethodNames
 0001:00018C84       EndGlobalLoading
 0001:00006038       EndPaint
 0001:0000314C       EndThread
 0001:000C69F0       EndWithCRLF
 0001:000003DC       EnterCriticalSection
 0001:000059C0       EnterCriticalSection
 0001:000C4620       EnumAttrValue
 0001:000059C8       EnumCalendarInfoA
 0002:0000A924       EnumDisplayMonitors
 0001:0000AEAC       EnumEraNames
 0001:0000AEE8       EnumEraYearOffsets
 0001:0006D29C       EnumMonitorsProc
 0001:00006040       EnumThreadWindows
 0001:0001CA10       EnumValue
 0001:00006048       EnumWindows
 0001:00077B00       EOleException.Create
 0001:00077A30       EOleSysError.Create
 0001:00006050       EqualRect
 0001:000056B8       EqualRect
 0002:0000A754       EraNames
 0001:0000A568       EraToYear
 0002:0000A770       EraYearOffsets
 0002:00000064       errCaption
 0001:00061E8C       Error
 0001:0001820C       Error
 0001:0001C1F4       Error
 0001:0000189C       Error
 0002:00000004       ErrorAddr
 0001:00001850       ErrorAt
 0001:0000B714       ErrorHandler
 0002:00000220       ErrorMap
 0002:0000A008       ErrorProc
 0002:0000A3E8       ErrOutput
 0001:000CD22C       ERR_MSG
 0001:000CD24C       ERR_RETURN
 0001:000017F0       ExceptAddr
 0002:0000A00C       ExceptClsProc
 0001:0000BB88       ExceptHandler
 0001:0000B494       Exception.Create
 0001:0000B4D0       Exception.CreateFmt
 0001:0000B620       Exception.CreateHelp
 0001:0000B550       Exception.CreateRes
 0001:0000B58C       Exception.CreateResFmt
 0002:0000A01C       ExceptionClass
 0001:0000B244       ExceptionErrorMessage
 0002:00000258       ExceptMap
 0001:000017D0       ExceptObject
 0002:0000A010       ExceptObjProc
 0002:0000A004       ExceptProc
 0001:00005D10       ExcludeClipRect
 0002:00000000       ExitCode
 0001:00002F04       ExitDll
 0002:0000A048       ExitProc
 0001:000002A8       ExitProcess
 0002:0000A028       ExitProcessProc
 0002:00000134       ExitProcList
 0001:000002A0       ExitThread
 0001:000082EC       ExpandFileName
 0001:0002DFCC       ExplorerHook
 0001:00038860       ExtActns
 0001:00032B2C       ExtCtrls
 0001:00036774       ExtDlgs
 0002:00000F1C       ExtendSelects
 0001:00008218       ExtractFileDir
 0001:000082A4       ExtractFileExt
 0001:0000826C       ExtractFileName
 0001:0002E644       ExtractFileName
 0001:0002E68C       ExtractFileNames
 0001:000081E4       ExtractFilePath
 0002:0000C97C       extra_blbits
 0002:00007698       extra_blbits_const
 0002:0000C890       extra_dbits
 0002:000075AC       extra_dbits_const
 0002:0000C908       extra_lbits
 0002:00007624       extra_lbits_const
 0001:00005D18       ExtTextOut
 0002:0000A790       FalseBoolStrs
 0002:0000DCA4       FCheckHeight
 0002:0000DCA0       FCheckWidth
 0002:0000AAC0       FClipboard
 0002:00000168       FCon1E18
 0001:000BEFB4       FetchTo
 0002:000070BC       FGetXMLIntend
 0001:00008034       FileAge
 0001:0000802C       FileClose
 0001:00007F70       FileCreate
 0001:00007F94       FileCreate
 0001:000DCCBC       FileCtrl
 0001:0000809C       FileExists
 0002:000009A4       FileFormats
 0002:00000008       FileMode
 0001:00007F18       FileOpen
 0001:00007F9C       FileRead
 0002:00000618       FilerSignature
 0001:00007FF4       FileSeek
 0001:000059D0       FileTimeToDosDateTime
 0001:000059D8       FileTimeToLocalFileTime
 0001:00007FC8       FileWrite
 0001:00000D0C       FillAfterGap
 0001:00000CB8       FillBeforeGap
 0001:00000DA4       FillerSizeAfterGap
 0001:00000D34       FillerSizeBeforeGap
 0001:00006058       FillRect
 0002:00000D34       FillStyles
 0001:000CD3B4       fill_window
 0001:000DCF7C       Finalization
 0001:00044DAC       Finalization
 0001:000DCF44       Finalization
 0001:000DCCFC       Finalization
 0001:000BEBB8       Finalization
 0001:00045D60       Finalization
 0001:000DCCC4       Finalization
 0001:0002A52C       Finalization
 0001:00016160       Finalization
 0001:000BE880       Finalization
 0001:000160A0       Finalization
 0001:0004BE44       Finalization
 0001:0002A30C       Finalization
 0001:000DCC8C       Finalization
 0001:00078AB0       Finalization
 0001:0004BFAC       Finalization
 0001:000BD484       Finalization
 0001:00078AF4       Finalization
 0001:000813F0       Finalization
 0001:000BD36C       Finalization
 0001:000DCC54       Finalization
 0001:000BC328       Finalization
 0001:00078B2C       Finalization
 0001:0004CC30       Finalization
 0001:00015884       Finalization
 0001:00015648       Finalization
 0001:00081380       Finalization
 0001:0007863C       Finalization
 0001:000DCC1C       Finalization
 0001:000B6AE0       Finalization
 0001:0002AC44       Finalization
 0001:000BE41C       Finalization
 0001:00078B64       Finalization
 0001:00078BA4       Finalization
 0001:000DAF68       Finalization
 0001:000B6498       Finalization
 0001:00078BEC       Finalization
 0001:000CA5FC       Finalization
 0001:0007783C       Finalization
 0001:000777D8       Finalization
 0001:000D9780       Finalization
 0001:0002B3C4       Finalization
 0001:000212A4       Finalization
 0001:00020E70       Finalization
 0001:00038868       Finalization
 0001:00038810       Finalization
 0001:000387B8       Finalization
 0001:00078974       Finalization
 0001:0002B404       Finalization
 0001:000BE3DC       Finalization
 0001:000777A0       Finalization
 0001:000776D0       Finalization
 0001:0002C3EC       Finalization
 0001:00038754       Finalization
 0001:0002C434       Finalization
 0001:00081268       Finalization
 0001:0002C46C       Finalization
 0001:000386EC       Finalization
 0001:000B0798       Finalization
 0001:00005450       Finalization
 0001:000D269C       Finalization
 0001:00005680       Finalization
 0001:000D25E4       Finalization
 0001:000057FC       Finalization
 0001:0002C790       Finalization
 0001:00076464       Finalization
 0001:000CAD7C       Finalization
 0001:0002C93C       Finalization
 0001:000CAE68       Finalization
 0001:000BE13C       Finalization
 0001:000CBBC4       Finalization
 0001:000B01B8       Finalization
 0001:0008120C       Finalization
 0001:000B0180       Finalization
 0001:000CCA6C       Finalization
 0001:000811D4       Finalization
 0001:0008119C       Finalization
 0001:000BE0D0       Finalization
 0001:0000DDF0       Finalization
 0001:0007C1C4       Finalization
 0001:000AE0A8       Finalization
 0001:00036744       Finalization
 0001:000ADF00       Finalization
 0001:000366E4       Finalization
 0001:000D2594       Finalization
 0001:0005DFFC       Finalization
 0001:000D22B4       Finalization
 0001:000D227C       Finalization
 0001:0005F32C       Finalization
 0001:000D2244       Finalization
 0001:000ADD58       Finalization
 0001:000AD8A0       Finalization
 0001:000CD00C       Finalization
 0001:000AD714       Finalization
 0001:000CD1F4       Finalization
 0001:000AD6DC       Finalization
 0001:0000D41C       Finalization
 0001:00094724       Finalization
 0001:00081140       Finalization
 0001:000949DC       Finalization
 0001:00094A2C       Finalization
 0001:000AD654       Finalization
 0001:00094A80       Finalization
 0001:0007642C       Finalization
 0001:0002D2C0       Finalization
 0001:0002D330       Finalization
 0001:000AD54C       Finalization
 0001:00060EEC       Finalization
 0001:00080F7C       Finalization
 0001:000AD514       Finalization
 0001:0002D368       Finalization
 0001:000763F4       Finalization
 0001:0002D3A8       Finalization
 0001:00080E64       Finalization
 0001:0002D3E0       Finalization
 0001:0002D418       Finalization
 0001:0002D458       Finalization
 0001:000763A4       Finalization
 0001:0002D4C4       Finalization
 0001:000ACBC8       Finalization
 0001:0002D504       Finalization
 0001:0002D53C       Finalization
 0001:00080D78       Finalization
 0001:000AC1F0       Finalization
 0001:000A88A4       Finalization
 0001:0007EC7C       Finalization
 0001:000A84F0       Finalization
 0001:00096390       Finalization
 0001:00096448       Finalization
 0001:000A823C       Finalization
 0001:000974CC       Finalization
 0001:00074D74       Finalization
 0001:0007EDF0       Finalization
 0001:000A6BC4       Finalization
 0001:000809AC       Finalization
 0001:000A683C       Finalization
 0001:00080654       Finalization
 0001:00078924       Finalization
 0001:000A5500       Finalization
 0001:00074D14       Finalization
 0001:00097A08       Finalization
 0001:000CF4AC       Finalization
 0001:00074CDC       Finalization
 0001:00074CA4       Finalization
 0001:00097A60       Finalization
 0001:0007F7CC       Finalization
 0001:0009EF80       Finalization
 0001:00067468       Finalization
 0001:0007F48C       Finalization
 0001:00074C64       Finalization
 0001:00074C24       Finalization
 0001:0007F0FC       Finalization
 0001:0009E930       Finalization
 0001:00074AD0       Finalization
 0001:00032C78       Finalization
 0001:00032BE4       Finalization
 0001:00032BAC       Finalization
 0001:00032AE4       Finalization
 0001:0002A828       Finalization
 0001:000746A0       Finalization
 0001:0009E8F8       Finalization
 0001:0007F22C       Finalization
 0001:0009E8C0       Finalization
 0001:0009E888       Finalization
 0001:000D1B74       Finalization
 0001:0002F844       Finalization
 0001:000D1BB4       Finalization
 0001:0009B728       Finalization
 0001:00006A80       Finalization
 0001:00006748       Finalization
 0001:000D1E60       Finalization
 0001:00006710       Finalization
 0001:0009D8C0       Finalization
 0001:0007F39C       Finalization
 0001:0007F454       Finalization
 0001:0007F41C       Finalization
 0001:0000466C       FinalizeArray
 0001:00078BA0       FinalizeSnmp
 0001:0007BCE4       FinalizeSysInfo
 0001:00002D1C       FinalizeUnits
 0001:00097998       FinalizeWMPrintClientFix
 0001:00065C0C       Find
 0001:00004918       FindBS
 0001:00018728       FindClass
 0001:000048A0       FindClassHInstance
 0001:000002B8       FindClose
 0001:000059E0       FindClose
 0001:00000C88       FindCommitted
 0001:0004F52C       FindControl
 0001:0005BE48       FindControlAtPos
 0001:00015534       FindCustomVariantType
[...]
  2216 0001:000BACD3  2217 0001:000BACDE  2218 0001:000BACE9  2219 0001:000BAD00
  2222 0001:000BAD04  2223 0001:000BAD07  2224 0001:000BAD0E  2226 0001:000BAD12
  2229 0001:000BAD14  2230 0001:000BAD1A  2231 0001:000BAD23  2232 0001:000BAD2F
  2233 0001:000BAD35  2239 0001:000BAD38  2240 0001:000BAD46  2241 0001:000BAD58
  2242 0001:000BAD6B  2244 0001:000BAD71  2245 0001:000BAD78  2247 0001:000BAD89
  2249 0001:000BAD9A  2254 0001:000BADA4  2255 0001:000BADA7  2256 0001:000BADAE
  2258 0001:000BADBC  2259 0001:000BADC6  2260 0001:000BADCF  2262 0001:000BADEE
  2263 0001:000BAE11  2264 0001:000BAE15  2265 0001:000BAE36  2268 0001:000BAE43
  2271 0001:000BAE48  2272 0001:000BAE4B  2273 0001:000BAE52  2274 0001:000BAE65
  2275 0001:000BAE72  2278 0001:000BAE74  2279 0001:000BAE7A  2280 0001:000BAE85
  2281 0001:000BAE8E  2284 0001:000BAE94  2285 0001:000BAE9A  2287 0001:000BAEA4
  2288 0001:000BAEA8  2289 0001:000BAEAF  2290 0001:000BAEB8  2291 0001:000BAEBC
  2293 0001:000BAEC5  2297 0001:000BAEC8  2298 0001:000BAED2  2300 0001:000BAEDF
  2301 0001:000BAEE2  2304 0001:000BAEE4  2305 0001:000BAEEB  2306 0001:000BAEF4
  2307 0001:000BAF08  2308 0001:000BAF11  2333 0001:000BAF18  2335 0001:000BAF1F
  2340 0001:000BAF20  2341 0001:000BAF3D  2343 0001:000BAF4D  2344 0001:000BAF57
  2345 0001:000BAF65  2346 0001:000BAF70  2348 0001:000BAF79  2349 0001:000BAF83
  2350 0001:000BAF91  2352 0001:000BAF9B  2353 0001:000BAFB2  2354 0001:000BAFC8
  2359 0001:000BAFE9  2360 0001:000BB003  2363 0001:000BB01D  2365 0001:000BB026
  2366 0001:000BB039  2367 0001:000BB050  2371 0001:000BB08D  2373 0001:000BB0BC
  2379 0001:000BB0C4  2382 0001:000BB0C8  2383 0001:000BB0CB  2384 0001:000BB0D2
  2385 0001:000BB0ED  2386 0001:000BB0FB  2389 0001:000BB100  2390 0001:000BB106
  2391 0001:000BB121  2392 0001:000BB131  2395 0001:000BB134  2396 0001:000BB13A
  2397 0001:000BB155  2398 0001:000BB165  2402 0001:000BB168  2403 0001:000BB16D
  2406 0001:000BB170  2407 0001:000BB177  2409 0001:000BB182  2410 0001:000BB18B
  2411 0001:000BB19D  2413 0001:000BB1A2  2416 0001:000BB1A8  2417 0001:000BB1B0
  2419 0001:000BB1BB  2420 0001:000BB1C4  2424 0001:000BB1D6  2426 0001:000BB1DF
  2427 0001:000BB1EC  2429 0001:000BB1F7  2431 0001:000BB207  2434 0001:000BB20E
  2438 0001:000BB218  2439 0001:000BB221  2443 0001:000BB224  2444 0001:000BB22D
  2448 0001:000BB230  2449 0001:000BB23B  2453 0001:000BB23C  2454 0001:000BB247
  2496 0001:000BB248  2497 0001:000BB24C  2498 0001:000BB257  2503 0001:000BB25C
  2504 0001:000BB267  2505 0001:000BB26C  2506 0001:000BB283  2509 0001:000BB288
  2510 0001:000BB28E  2511 0001:000BB297  2515 0001:000BB29C  2517 0001:000BB2A7
  2519 0001:000BB2B1  2521 0001:000BB2B9  2526 0001:000BB2BC  2527 0001:000BB2D3
  2530 0001:000BB2DC  2531 0001:000BB2E8  2532 0001:000BB2FC  2533 0001:000BB2FF
  2534 0001:000BB308  2535 0001:000BB30F  2536 0001:000BB31C  2537 0001:000BB330
  2538 0001:000BB33A  2539 0001:000BB341  2540 0001:000BB348  2541 0001:000BB368
  2546 0001:000BB374  2547 0001:000BB381  2552 0001:000BB388  2553 0001:000BB399
  2552 0001:000BB3AF  2554 0001:000BB3B2  2555 0001:000BB3BD  2556 0001:000BB3C8
  2557 0001:000BB3DF  2560 0001:000BB3E4  2561 0001:000BB3E7  2562 0001:000BB3FE
  2566 0001:000BB400  2567 0001:000BB40A  2570 0001:000BB40C  2571 0001:000BB40F
  2572 0001:000BB429  2575 0001:000BB42C  2576 0001:000BB42F  2577 0001:000BB436
  2579 0001:000BB43D  2580 0001:000BB449  2581 0001:000BB450  2585 0001:000BB454
  2587 0001:000BB480  2589 0001:000BB486  2591 0001:000BB48C  2593 0001:000BB492
  2595 0001:000BB498  2597 0001:000BB49E  2599 0001:000BB4A4  2601 0001:000BB4AA
  2603 0001:000BB4AF  2609 0001:000BB4B0  2610 0001:000BB4BA  2613 0001:000BB4BE
  2614 0001:000BB4D7  2615 0001:000BB4E5  2616 0001:000BB4F0  2617 0001:000BB504
  2619 0001:000BB51D  2620 0001:000BB53A  2622 0001:000BB548  2610 0001:000BB54B
  2623 0001:000BB555  2628 0001:000BB55C  2629 0001:000BB560  2630 0001:000BB562
  2629 0001:000BB573  2631 0001:000BB578  2635 0001:000BB57C  2639 0001:000BB589
  2640 0001:000BB58E  2642 0001:000BB5A6  2643 0001:000BB5A8  2645 0001:000BB5D3
  2647 0001:000BB5D9  2648 0001:000BB5DD  2650 0001:000BB5E9  2651 0001:000BB5F4
  2653 0001:000BB5F6  2655 0001:000BB621  2656 0001:000BB634  2660 0001:000BB68C
  2661 0001:000BB69A  2662 0001:000BB6AC  2664 0001:000BB6B4  2663 0001:000BB6CC
  2665 0001:000BB6DB  2670 0001:000BB6E4  2671 0001:000BB6E8  2672 0001:000BB704
  2674 0001:000BB70A  2675 0001:000BB71A  2676 0001:000BB72F  2677 0001:000BB735
  2679 0001:000BB73F  2684 0001:000BB744  2685 0001:000BB748  2686 0001:000BB768
  2688 0001:000BB76E  2689 0001:000BB77E  2690 0001:000BB793  2691 0001:000BB799
  2693 0001:000BB7A3  2698 0001:000BB7A8  2699 0001:000BB7AC  2700 0001:000BB7CE
  2702 0001:000BB7D4  2703 0001:000BB7E4  2704 0001:000BB7F9  2705 0001:000BB7FF
  2707 0001:000BB809  2712 0001:000BB80C  2713 0001:000BB810  2714 0001:000BB830
  2716 0001:000BB836  2717 0001:000BB846  2718 0001:000BB85B  2719 0001:000BB861
  2721 0001:000BB86B  2726 0001:000BB870  2727 0001:000BB873  2728 0001:000BB881
  2729 0001:000BB88F  2740 0001:000BB894  2741 0001:000BB89A  2744 0001:000BB8BD
  2746 0001:000BB8C6  2751 0001:000BB8CC  2752 0001:000BB8D5  2754 0001:000BB8E4
  2755 0001:000BB8F1  2758 0001:000BB900  2759 0001:000BB909  2762 0001:000BB93E
  2765 0001:000BB94B  2768 0001:000BB955  2769 0001:000BB962  2774 0001:000BB96F
  2776 0001:000BB987  2777 0001:000BB99B  2779 0001:000BB9B7  2782 0001:000BB9CF
  2785 0001:000BB9D5  2786 0001:000BB9E6  2787 0001:000BB9EE  2788 0001:000BB9F8
  2790 0001:000BB9FC  2791 0001:000BBA0C  2793 0001:000BBA18  2794 0001:000BBA27
  2798 0001:000BBA30  2799 0001:000BBA39  2800 0001:000BBA43  2801 0001:000BBA48
  2803 0001:000BBA51  2804 0001:000BBA68  2806 0001:000BBA73  2810 0001:000BBA83
  2812 0001:000BBA9E  2813 0001:000BBAA9  2816 0001:000BBAB7  2818 0001:000BBAC2
  2821 0001:000BBACC  2822 0001:000BBAD2  2823 0001:000BBADF  2824 0001:000BBAE9
  2825 0001:000BBAF0  2830 0001:000BBAF4  2831 0001:000BBAFB  2832 0001:000BBB05
  2834 0001:000BBB28  2836 0001:000BBB2A  2837 0001:000BBB2E  2838 0001:000BBB30
  2839 0001:000BBB3A  2840 0001:000BBB41  2841 0001:000BBB4E  2845 0001:000BBB57
  2849 0001:000BBB5C  2850 0001:000BBB66  2852 0001:000BBB6E  2853 0001:000BBB71
  2869 0001:000BBB74  2870 0001:000BBB7B  2875 0001:000BBB7C  2876 0001:000BBB82
  2877 0001:000BBB8B  2879 0001:000BBB95  2880 0001:000BBBA4  2881 0001:000BBBB4
  2883 0001:000BBBC1  2885 0001:000BBBD9  2886 0001:000BBBE7  2888 0001:000BBC03
  2892 0001:000BBC0C  2894 0001:000BBC14  2895 0001:000BBC1A  2897 0001:000BBC1F
  2901 0001:000BBC20  2902 0001:000BBC2A  2904 0001:000BBC2E  2905 0001:000BBC30
  2909 0001:000BBC34  2910 0001:000BBC3E  2911 0001:000BBC45  2914 0001:000BBC48
  2915 0001:000BBC4B  2917 0001:000BBC53  2918 0001:000BBC59  2919 0001:000BBC60
  2920 0001:000BBC67  2924 0001:000BBC6E  2925 0001:000BBC75  2928 0001:000BBC78
  2929 0001:000BBC7B  2930 0001:000BBC8F  2931 0001:000BBC99  2932 0001:000BBC9E
  2935 0001:000BBCA0  2936 0001:000BBCA4  2937 0001:000BBCB6  2939 0001:000BBCCA
  2940 0001:000BBCD1  2943 0001:000BBCD4  2944 0001:000BBCD8  2945 0001:000BBCEA
  2946 0001:000BBCFC  2950 0001:000BBD04  2951 0001:000BBD0D  2956 0001:000BBD10
  2957 0001:000BBD1A  2958 0001:000BBD24  2959 0001:000BBD48  2960 0001:000BBD4F
  2963 0001:000BBD58  2969 0001:000BBD5E  2970 0001:000BBD67  2971 0001:000BBD76
  2972 0001:000BBD7F  2976 0001:000BBD84  2977 0001:000BBD8B  2984 0001:000BBD8C
  2985 0001:000BBD92  2987 0001:000BBD9C  2988 0001:000BBDA4  2989 0001:000BBDAD
  2993 0001:000BBDB6  2994 0001:000BBDCF  2995 0001:000BBDDC  2996 0001:000BBDEB
  2997 0001:000BBDF5  2999 0001:000BBDFB  3000 0001:000BBDFF  3001 0001:000BBE03
  3002 0001:000BBE08  3003 0001:000BBE0D  3007 0001:000BBE12  3009 0001:000BBE14
  3010 0001:000BBE39  3011 0001:000BBE58  3007 0001:000BBE59  3014 0001:000BBE5E
  3015 0001:000BBE6B  3017 0001:000BBE81  3018 0001:000BBE8E  3019 0001:000BBEA2
  3029 0001:000BBEB0  3030 0001:000BBEB9  3032 0001:000BBECC  3034 0001:000BBEDC
  3035 0001:000BBEE8  3036 0001:000BBEF1  3037 0001:000BBF1C  3038 0001:000BBF28
  3040 0001:000BBF31  3042 0001:000BBF3A  3044 0001:000BBF40  3045 0001:000BBF4B
  3047 0001:000BBF58  3049 0001:000BBF71  3050 0001:000BBF79  3052 0001:000BBF86
  3053 0001:000BBF8F  3055 0001:000BBF98  3056 0001:000BBF9C  3057 0001:000BBFA0
  3060 0001:000BBFA4  3062 0001:000BBFCD  3063 0001:000BBFEA  3064 0001:000BC002
  3065 0001:000BC010  3067 0001:000BC01B  3068 0001:000BC038  3070 0001:000BC04B
  3071 0001:000BC057  3075 0001:000BC073  3076 0001:000BC08D  3078 0001:000BC099
  3079 0001:000BC0A7  3083 0001:000BC0B4  3084 0001:000BC0B6  3085 0001:000BC0C4
  3083 0001:000BC0DC  3087 0001:000BC0E1  3093 0001:000BC0F0  3095 0001:000BC0FF
  3096 0001:000BC113  3095 0001:000BC12C  3099 0001:000BC12F  3101 0001:000BC141
  3105 0001:000BC14D  3106 0001:000BC166  3107 0001:000BC16E  3099 0001:000BC16F
  3108 0001:000BC172  3111 0001:000BC17C  3112 0001:000BC185  3113 0001:000BC190
  3114 0001:000BC19D  3115 0001:000BC1A6  3118 0001:000BC1AC  3119 0001:000BC1B2
  3120 0001:000BC1CE  3121 0001:000BC1D9  3124 0001:000BC1DC  3125 0001:000BC1E2
  3126 0001:000BC1FB  3127 0001:000BC204  3128 0001:000BC20D  3131 0001:000BC210
  3132 0001:000BC213  3133 0001:000BC21A  3134 0001:000BC221  3137 0001:000BC224
  3138 0001:000BC22A  3139 0001:000BC240  3140 0001:000BC257  3141 0001:000BC27A
  3144 0001:000BC280  3145 0001:000BC283  3147 0001:000BC28B  3148 0001:000BC291
  3149 0001:000BC298  3151 0001:000BC29F  3154 0001:000BC2A4  3155 0001:000BC2AA
  3156 0001:000BC2B7  3159 0001:000BC2BC  3160 0001:000BC2BD  3161 0001:000BC2C7
  3162 0001:000BC2D7  3165 0001:000BC2DC  3166 0001:000BC2DD  3167 0001:000BC2E7
  3168 0001:000BC2F9  3172 0001:000BC2FC  3174 0001:000BC304  3175 0001:000BC30A
  3177 0001:000BC30F  3181 0001:000BC310  3182 0001:000BC31A  3186 0001:000BC31C
  3187 0001:000BC326  3197 0001:000BC358  3197 0001:000BC35F

Line numbers for JvWizardRouteMapSteps(..\..\run\JvWizardRouteMapSteps.pas) segment .text

   111 0001:000BC6B0   112 0001:000BC6C2   113 0001:000BC6CB   114 0001:000BC6D5
   115 0001:000BC6E1   116 0001:000BC6EE   117 0001:000BC6FE   118 0001:000BC70E
   119 0001:000BC71E   120 0001:000BC725   121 0001:000BC72C   122 0001:000BC74A
   125 0001:000BC750   126 0001:000BC759   129 0001:000BC766   131 0001:000BC77C
   133 0001:000BC7B8   135 0001:000BC7BF   138 0001:000BC7DF   140 0001:000BC7F5
   142 0001:000BC831   144 0001:000BC835   147 0001:000BC857   151 0001:000BC85B
   153 0001:000BC85D   156 0001:000BC864   157 0001:000BC86A   159 0001:000BC8AF
   162 0001:000BC8C0   163 0001:000BC8C7   165 0001:000BC8F9   168 0001:000BC900
   169 0001:000BC907   171 0001:000BC942   176 0001:000BC954   178 0001:000BC95E
   179 0001:000BC965   180 0001:000BC967   182 0001:000BC978   184 0001:000BC990
   185 0001:000BC998   186 0001:000BC99D   188 0001:000BC99E   180 0001:000BC99F
   189 0001:000BC9A4   192 0001:000BC9AC   193 0001:000BC9B3   195 0001:000BC9E2
   198 0001:000BC9E8   199 0001:000BC9EF   201 0001:000BCA24   207 0001:000BCA34
   208 0001:000BCA47   209 0001:000BCA54   211 0001:000BCA63   212 0001:000BCA6F
   214 0001:000BCA88   215 0001:000BCA92   216 0001:000BCA96   218 0001:000BCAA8
   221 0001:000BCAB8   222 0001:000BCAC6   224 0001:000BCAD4   227 0001:000BCAE0
   228 0001:000BCAEC   229 0001:000BCAF3   239 0001:000BCAF8   240 0001:000BCB16
   241 0001:000BCB20   242 0001:000BCB2C   243 0001:000BCB3D   244 0001:000BCB48
   246 0001:000BCB5C   247 0001:000BCB66   248 0001:000BCB74   249 0001:000BCB85
   250 0001:000BCB99   252 0001:000BCBA9   254 0001:000BCBB6   255 0001:000BCBCB
   256 0001:000BCBDF   258 0001:000BCC0D   259 0001:000BCC13   262 0001:000BCC48
   263 0001:000BCC5C   264 0001:000BCC84   266 0001:000BCC8D   270 0001:000BCC94
   272 0001:000BCC99   276 0001:000BCCC3   277 0001:000BCCD7   278 0001:000BCCE3
   279 0001:000BCCF8   281 0001:000BCD01   285 0001:000BCD08   287 0001:000BCD0D
   289 0001:000BCD35   290 0001:000BCD49   293 0001:000BCD52   294 0001:000BCD7A
   300 0001:000BCD96   301 0001:000BCDB6   303 0001:000BCDD8   304 0001:000BCDE2
   305 0001:000BCDEC   306 0001:000BCE00   308 0001:000BCE09   309 0001:000BCE1F
   310 0001:000BCE2A   311 0001:000BCE4A   315 0001:000BCE66   316 0001:000BCE74
   319 0001:000BCEA2   320 0001:000BCEAE   321 0001:000BCEB8   324 0001:000BCEC1
   325 0001:000BCEED   327 0001:000BCEF3   331 0001:000BCEFA   333 0001:000BCEFF
   339 0001:000BCF27   340 0001:000BCF49   342 0001:000BCF6B   343 0001:000BCF75
   344 0001:000BCF7F   345 0001:000BCF93   347 0001:000BCF9C   348 0001:000BCFA9
   349 0001:000BCFC9   353 0001:000BCFE5   355 0001:000BCFEE   356 0001:000BCFF8
   358 0001:000BD026   359 0001:000BD02C   362 0001:000BD04E   363 0001:000BD05C
   366 0001:000BD087   367 0001:000BD093   368 0001:000BD09D   371 0001:000BD0A6
   372 0001:000BD0D2   374 0001:000BD0D8   378 0001:000BD0DF   380 0001:000BD0E4
   382 0001:000BD129   386 0001:000BD148   388 0001:000BD150   389 0001:000BD156
   391 0001:000BD15B   395 0001:000BD15C   397 0001:000BD164   398 0001:000BD16A
   400 0001:000BD16F   404 0001:000BD170   406 0001:000BD178   407 0001:000BD17E
   409 0001:000BD183   412 0001:000BD184   413 0001:000BD18A   415 0001:000BD199
   416 0001:000BD1A6   418 0001:000BD1AD   421 0001:000BD1B0   422 0001:000BD1B6
   424 0001:000BD1C5   425 0001:000BD1D2   427 0001:000BD1D9   430 0001:000BD1DC
   431 0001:000BD1E2   433 0001:000BD1F1   434 0001:000BD1FE   436 0001:000BD205
   439 0001:000BD208   440 0001:000BD20E   442 0001:000BD216   443 0001:000BD224
   444 0001:000BD232   445 0001:000BD238   447 0001:000BD23F   451 0001:000BD244
   453 0001:000BD24C   454 0001:000BD252   456 0001:000BD257   459 0001:000BD258
   460 0001:000BD26E   461 0001:000BD2AD   464 0001:000BD2B4   465 0001:000BD2CA
   466 0001:000BD309   469 0001:000BD310   470 0001:000BD326   471 0001:000BD365
   482 0001:000BD39C   482 0001:000BD3A3

Line numbers for LMDRTLConst(LMDRTLConst.pas) segment .text

   217 0001:000BD4B4   217 0001:000BD4BB

Line numbers for LMDRTLXConst(LMDRTLXConst.pas) segment .text

   142 0001:000D26CC   142 0001:000D26D3

Line numbers for MainForm(MainForm.pas) segment .text

   120 0001:000DB7F4   121 0001:000DB7F7   122 0001:000DB804   124 0001:000DB811
   125 0001:000DB81E   126 0001:000DB82B   128 0001:000DB838   129 0001:000DB845
   132 0001:000DB848   133 0001:000DB84B   134 0001:000DB858   136 0001:000DB865
   137 0001:000DB872   138 0001:000DB87F   140 0001:000DB88C   141 0001:000DB899
   142 0001:000DB8A6   145 0001:000DB8A8   146 0001:000DB8AB   147 0001:000DB8B8
   149 0001:000DB8C5   150 0001:000DB8D2   151 0001:000DB8DF   153 0001:000DB8EC
   154 0001:000DB8F9   157 0001:000DB8FC   158 0001:000DB902   159 0001:000DB90F
   160 0001:000DB923   162 0001:000DB937   163 0001:000DB940   166 0001:000DB944
   167 0001:000DB948   168 0001:000DB962   169 0001:000DB96F   170 0001:000DB97C
   172 0001:000DB989   173 0001:000DB9A3   174 0001:000DB9B0   175 0001:000DB9BD
   177 0001:000DB9CA   178 0001:000DB9E4   179 0001:000DB9F1   180 0001:000DB9FE
   182 0001:000DBA0B   183 0001:000DBA18   185 0001:000DBA25   188 0001:000DBA35
   189 0001:000DBA42   191 0001:000DBA64   191 0001:000DBA74   192 0001:000DBA78
   192 0001:000DBA88   194 0001:000DBA8C   194 0001:000DBA9C   195 0001:000DBAA0
   195 0001:000DBAB0   197 0001:000DBAB4   197 0001:000DBAC4   198 0001:000DBAC8
   198 0001:000DBAD8   200 0001:000DBADC   200 0001:000DBAEC   201 0001:000DBAF0
   201 0001:000DBB00   203 0001:000DBB04   203 0001:000DBB14   204 0001:000DBB18
   204 0001:000DBB28   206 0001:000DBB2C   206 0001:000DBB3C   207 0001:000DBB40
   207 0001:000DBB50   211 0001:000DBB54   212 0001:000DBB59   215 0001:000DBB5C
   216 0001:000DBB72   218 0001:000DBB81   219 0001:000DBB8B   222 0001:000DBB8D
   223 0001:000DBBA9   224 0001:000DBBD4   227 0001:000DBC08   228 0001:000DBC1E
   230 0001:000DBC2D   231 0001:000DBC37   234 0001:000DBC39   235 0001:000DBC55
   236 0001:000DBC80   239 0001:000DBCB4   240 0001:000DBCCC   241 0001:000DBCDA
   243 0001:000DBCE9   244 0001:000DBCF3   247 0001:000DBCF5   248 0001:000DBD1C
   249 0001:000DBD4F   252 0001:000DBD84   253 0001:000DBD9C   255 0001:000DBDAB
   256 0001:000DBDB5   258 0001:000DBDB7   260 0001:000DBDD1   265 0001:000DBDEB
   268 0001:000DBE09   271 0001:000DBE38   275 0001:000DBEB0   276 0001:000DBEB5
   281 0001:000DBEB8   282 0001:000DBEDA   283 0001:000DBEDF   284 0001:000DBEED
   285 0001:000DBEFB   286 0001:000DBF34   287 0001:000DBF58   289 0001:000DBF7C
   290 0001:000DBFA0   291 0001:000DBFC4   292 0001:000DBFE8   294 0001:000DC00C
   295 0001:000DC02D   297 0001:000DC069   299 0001:000DC06B   301 0001:000DC083
   305 0001:000DC0A1   307 0001:000DC0E8   312 0001:000DC1BC   313 0001:000DC1DE
   314 0001:000DC1E3   315 0001:000DC1F1   316 0001:000DC1FF   317 0001:000DC238
   318 0001:000DC25D   320 0001:000DC282   321 0001:000DC2A7   322 0001:000DC2CC
   323 0001:000DC2F1   325 0001:000DC316   326 0001:000DC33A   328 0001:000DC379
   330 0001:000DC37B   332 0001:000DC393   336 0001:000DC3B1   338 0001:000DC3E3
   341 0001:000DC4B8   342 0001:000DC4BB   343 0001:000DC4C8   344 0001:000DC4D5
   346 0001:000DC4E2   347 0001:000DC4F2   348 0001:000DC502   351 0001:000DC504
   352 0001:000DC507   353 0001:000DC517   354 0001:000DC527   355 0001:000DC537
   358 0001:000DC5B0   359 0001:000DC5B3   360 0001:000DC5B8   361 0001:000DC5BB
   364 0001:000DC5C0   365 0001:000DC5D5   366 0001:000DC5E9   368 0001:000DC5FF
   371 0001:000DC66C   374 0001:000DC690   375 0001:000DC6BD   376 0001:000DC6CB
   378 0001:000DC6FC   380 0001:000DC727   387 0001:000DC730   388 0001:000DC75A
   389 0001:000DC773   390 0001:000DC78C   392 0001:000DC7A5   394 0001:000DC7B2
   395 0001:000DC7BC   396 0001:000DC7C2   398 0001:000DC7C7   400 0001:000DC7D4
   402 0001:000DC7E6   403 0001:000DC7F0   404 0001:000DC7F6   407 0001:000DC7FB
   409 0001:000DC808   410 0001:000DC812   411 0001:000DC818   414 0001:000DC81D
   416 0001:000DC829   417 0001:000DC833   418 0001:000DC839   421 0001:000DC83E
   423 0001:000DC84C   425 0001:000DC862   426 0001:000DC86F   428 0001:000DC89C
   429 0001:000DC8A9   431 0001:000DC8B5   435 0001:000DC8E7   437 0001:000DC8F9
   446 0001:000DC92E   448 0001:000DC93A   449 0001:000DC946   453 0001:000DC980
   455 0001:000DC982   457 0001:000DC99A   458 0001:000DC9A0   461 0001:000DC9FD
   465 0001:000DCB10   466 0001:000DCB2E   467 0001:000DCB44   473 0001:000DCBA1
   474 0001:000DCBDE   476 0001:000DCC4C   476 0001:000DCC53

Line numbers for JvBaseDlg(..\..\run\JvBaseDlg.pas) segment .text

   100 0001:000DCC84   100 0001:000DCC8B

Line numbers for JvSelectDirectory(..\..\run\JvSelectDirectory.pas) segment .text

   112 0001:000DCCF4   112 0001:000DCCFB

Line numbers for wizardA(wizardA.pas) segment .text

   122 0001:000DCD2C   122 0001:000DCD33

Line numbers for FrameCAroot(FrameCAroot.pas) segment .text

    27 0001:000DCED8    28 0001:000DCEDB    29 0001:000DCEE8    30 0001:000DCF0D
    31 0001:000DCF1A    32 0001:000DCF27    33 0001:000DCF41    35 0001:000DCF74
    35 0001:000DCF7B

Line numbers for SignTool(E:\Projekte\SignTool\SignTool.dpr) segment .text

    12 0001:000DD52C    13 0001:000DD53C    14 0001:000DD548    15 0001:000DD560
    16 0001:000DD56C

Bound resource files

e:\program files (x86)\borland\delphi7\Lib\Buttons.res
e:\program files (x86)\borland\delphi7\Lib\ExtDlgs.res
e:\program files (x86)\borland\delphi7\Lib\Controls.res
E:\Projekte\jedi\jcl\jcl\source\common\JclUnicode.res
E:\Projekte\jedi\jvcl\jvcl\resources\JvConsts.res
E:\Projekte\jedi\jvcl\jvcl\resources\JvOutlookBar.res
FrameApache.dfm
FrameLocalDNS.dfm
MainForm.dfm
resources.res
e:\program files (x86)\borland\delphi7\Lib\FileCtrl.res
wizardA.dfm
FrameCAroot.dfm
SignTool.res
SignTool.drf


Program entry point at 0001:000DD52C
