
 Start         Length     Name                   Class
 0001:00000000 000DD7D4H .text                   CODE
 0002:00000000 000096C8H .data                   DATA
 0002:000096C8 00003CC5H .bss                    BSS


Detailed map of segments

 0001:00000000 00005577 C=CODE     S=.text    G=(none)   M=System   ACBP=A9
 0001:00005578 00000140 C=CODE     S=.text    G=(none)   M=SysInit  ACBP=A9
 0001:000056B8 0000017C C=CODE     S=.text    G=(none)   M=Types    ACBP=A9
 0001:00005834 00000F14 C=CODE     S=.text    G=(none)   M=Windows  ACBP=A9
 0001:00006748 00000038 C=CODE     S=.text    G=(none)   M=Messages ACBP=A9
 0001:00006780 00000338 C=CODE     S=.text    G=(none)   M=SysConst ACBP=A9
 0001:00006AB8 00006B64 C=CODE     S=.text    G=(none)   M=SysUtils ACBP=A9
 0001:0000D61C 00000813 C=CODE     S=.text    G=(none)   M=VarUtils ACBP=A9
 0001:0000DE30 0000793A C=CODE     S=.text    G=(none)   M=Variants ACBP=A9
 0001:0001576C 00000150 C=CODE     S=.text    G=(none)   M=RTLConsts ACBP=A9
 0001:000158BC 0000083C C=CODE     S=.text    G=(none)   M=TypInfo  ACBP=A9
 0001:000160F8 000000A0 C=CODE     S=.text    G=(none)   M=ActiveX  ACBP=A9
 0001:00016198 0000AE1A C=CODE     S=.text    G=(none)   M=Classes  ACBP=A9
 0001:00020FB4 00000330 C=CODE     S=.text    G=(none)   M=Consts   ACBP=A9
 0001:000212E4 000093CB C=CODE     S=.text    G=(none)   M=Graphics ACBP=A9
 0001:0002A6B0 00000088 C=CODE     S=.text    G=(none)   M=Math     ACBP=A9
 0001:0002A738 000002FC C=CODE     S=.text    G=(none)   M=Contnrs  ACBP=A9
 0001:0002AA34 0000041C C=CODE     S=.text    G=(none)   M=CommCtrl ACBP=A9
 0001:0002AE50 00000787 C=CODE     S=.text    G=(none)   M=MultiMon ACBP=A9
 0001:0002B5D8 00000038 C=CODE     S=.text    G=(none)   M=Imm      ACBP=A9
 0001:0002B610 00000FF8 C=CODE     S=.text    G=(none)   M=HelpIntfs ACBP=A9
 0001:0002C608 00000038 C=CODE     S=.text    G=(none)   M=WinSpool ACBP=A9
 0001:0002C640 00000044 C=CODE     S=.text    G=(none)   M=Printers ACBP=A9
 0001:0002C684 0000031F C=CODE     S=.text    G=(none)   M=FlatSB   ACBP=A9
 0001:0002C9A4 000001A4 C=CODE     S=.text    G=(none)   M=SyncObjs ACBP=A9
 0001:0002CB48 000009BB C=CODE     S=.text    G=(none)   M=UxTheme  ACBP=A9
 0001:0002D504 00000038 C=CODE     S=.text    G=(none)   M=RichEdit ACBP=A9
 0001:0002D53C 00000038 C=CODE     S=.text    G=(none)   M=ToolWin  ACBP=A9
 0001:0002D574 00000040 C=CODE     S=.text    G=(none)   M=ShellAPI ACBP=A9
 0001:0002D5B4 00000038 C=CODE     S=.text    G=(none)   M=RegStr   ACBP=A9
 0001:0002D5EC 00000038 C=CODE     S=.text    G=(none)   M=WinInet  ACBP=A9
 0001:0002D624 00000040 C=CODE     S=.text    G=(none)   M=UrlMon   ACBP=A9
 0001:0002D664 0000006C C=CODE     S=.text    G=(none)   M=ShlObj   ACBP=A9
 0001:0002D6D0 00000040 C=CODE     S=.text    G=(none)   M=CommDlg  ACBP=A9
 0001:0002D710 00000038 C=CODE     S=.text    G=(none)   M=Dlgs     ACBP=A9
 0001:0002D748 00002369 C=CODE     S=.text    G=(none)   M=Dialogs  ACBP=A9
 0001:0002FAB4 0000327A C=CODE     S=.text    G=(none)   M=ExtCtrls ACBP=A9
 0001:00032D30 00000088 C=CODE     S=.text    G=(none)   M=ComStrs  ACBP=A9
 0001:00032DB8 00000094 C=CODE     S=.text    G=(none)   M=Clipbrd  ACBP=A9
 0001:00032E4C 00000038 C=CODE     S=.text    G=(none)   M=StrUtils ACBP=A9
 0001:00032E84 00003A91 C=CODE     S=.text    G=(none)   M=Buttons  ACBP=A9
 0001:00036918 00000038 C=CODE     S=.text    G=(none)   M=ExtDlgs  ACBP=A9
 0001:00036950 00001FC0 C=CODE     S=.text    G=(none)   M=IniFiles ACBP=A9
 0001:00038910 00000068 C=CODE     S=.text    G=(none)   M=Registry ACBP=A9
 0001:00038978 0000006C C=CODE     S=.text    G=(none)   M=Mapi     ACBP=A9
 0001:000389E4 00000058 C=CODE     S=.text    G=(none)   M=ExtActns ACBP=A9
 0001:00038A3C 00000038 C=CODE     S=.text    G=(none)   M=ListActns ACBP=A9
 0001:00038A74 0000C58C C=CODE     S=.text    G=(none)   M=ComCtrls ACBP=A9
 0001:00045000 00000F80 C=CODE     S=.text    G=(none)   M=Themes   ACBP=A9
 0001:00045F80 000060D0 C=CODE     S=.text    G=(none)   M=StdCtrls ACBP=A9
 0001:0004C050 00000168 C=CODE     S=.text    G=(none)   M=StdActns ACBP=A9
 0001:0004C1B8 00000D1F C=CODE     S=.text    G=(none)   M=WinHelpViewer ACBP=A9
 0001:0004CED8 000113EF C=CODE     S=.text    G=(none)   M=Controls ACBP=A9
 0001:0005E2C8 00001292 C=CODE     S=.text    G=(none)   M=ActnList ACBP=A9
 0001:0005F55C 00001B9C C=CODE     S=.text    G=(none)   M=ImgList  ACBP=A9
 0001:000610F8 00006639 C=CODE     S=.text    G=(none)   M=Menus    ACBP=A9
 0001:00067734 0000D1E0 C=CODE     S=.text    G=(none)   M=Forms    ACBP=A9
 0001:00074914 000003C8 C=CODE     S=.text    G=(none)   M=JclResources ACBP=A9
 0001:00074CDC 0000015B C=CODE     S=.text    G=(none)   M=JclBase  ACBP=A9
 0001:00074E38 00000038 C=CODE     S=.text    G=(none)   M=AccCtrl  ACBP=A9
 0001:00074E70 00000040 C=CODE     S=.text    G=(none)   M=JclWin32 ACBP=A9
 0001:00074EB0 00000038 C=CODE     S=.text    G=(none)   M=JclStringConversions ACBP=A9
 0001:00074EE8 00000038 C=CODE     S=.text    G=(none)   M=Jcl8087  ACBP=A9
 0001:00074F20 00000074 C=CODE     S=.text    G=(none)   M=JclMath  ACBP=A9
 0001:00074F94 00001634 C=CODE     S=.text    G=(none)   M=JclCharsets ACBP=A9
 0001:000765C8 00000038 C=CODE     S=.text    G=(none)   M=JclStreams ACBP=A9
 0001:00076600 00000038 C=CODE     S=.text    G=(none)   M=JclLogic ACBP=A9
 0001:00076638 00000038 C=CODE     S=.text    G=(none)   M=JclDateTime ACBP=A9
 0001:00076670 00001304 C=CODE     S=.text    G=(none)   M=JclRegistry ACBP=A9
 0001:00077974 00000038 C=CODE     S=.text    G=(none)   M=JclSecurity ACBP=A9
 0001:000779AC 00000044 C=CODE     S=.text    G=(none)   M=JclShell ACBP=A9
 0001:000779F0 00000058 C=CODE     S=.text    G=(none)   M=ComConst ACBP=A9
 0001:00077A48 00000E9D C=CODE     S=.text    G=(none)   M=ComObj   ACBP=A9
 0001:000788E8 00000260 C=CODE     S=.text    G=(none)   M=JclFileUtils ACBP=A9
 0001:00078B48 00000038 C=CODE     S=.text    G=(none)   M=JclConsole ACBP=A9
 0001:00078B80 00000148 C=CODE     S=.text    G=(none)   M=JclAnsiStrings ACBP=A9
 0001:00078CC8 00000038 C=CODE     S=.text    G=(none)   M=JclIniFiles ACBP=A9
 0001:00078D00 00000038 C=CODE     S=.text    G=(none)   M=PsAPI    ACBP=A9
 0001:00078D38 00000038 C=CODE     S=.text    G=(none)   M=TlHelp32 ACBP=A9
 0001:00078D70 0000004F C=CODE     S=.text    G=(none)   M=Snmp     ACBP=A9
 0001:00078DC0 00000038 C=CODE     S=.text    G=(none)   M=WinSock  ACBP=A9
 0001:00078DF8 000035F1 C=CODE     S=.text    G=(none)   M=JclSysInfo ACBP=A9
 0001:0007C3EC 00002B6E C=CODE     S=.text    G=(none)   M=JclUnicode ACBP=A9
 0001:0007EF5C 000000A0 C=CODE     S=.text    G=(none)   M=JclWideStrings ACBP=A9
 0001:0007EFFC 00000330 C=CODE     S=.text    G=(none)   M=JclStrings ACBP=A9
 0001:0007F32C 0000010C C=CODE     S=.text    G=(none)   M=JclSynch ACBP=A9
 0001:0007F438 000001B5 C=CODE     S=.text    G=(none)   M=JclSysUtils ACBP=A9
 0001:0007F5F0 00000038 C=CODE     S=.text    G=(none)   M=MaskUtils ACBP=A9
 0001:0007F628 00000038 C=CODE     S=.text    G=(none)   M=Mask     ACBP=A9
 0001:0007F660 00000038 C=CODE     S=.text    G=(none)   M=Grids    ACBP=A9
 0001:0007F698 00000340 C=CODE     S=.text    G=(none)   M=JvResources ACBP=A9
 0001:0007F9D8 000011A8 C=CODE     S=.text    G=(none)   M=JvTypes  ACBP=A9
 0001:00080B80 00000038 C=CODE     S=.text    G=(none)   M=MMSystem ACBP=A9
 0001:00080BB8 0000044C C=CODE     S=.text    G=(none)   M=JvJCLUtils ACBP=A9
 0001:00081004 0000006C C=CODE     S=.text    G=(none)   M=JVCLVer  ACBP=A9
 0001:00081070 00000118 C=CODE     S=.text    G=(none)   M=JvComponentBase ACBP=A9
 0001:00081188 000001E7 C=CODE     S=.text    G=(none)   M=JclRTTI  ACBP=A9
 0001:00081370 00000038 C=CODE     S=.text    G=(none)   M=JclMime  ACBP=A9
 0001:000813A8 00000038 C=CODE     S=.text    G=(none)   M=JvPropertyStoreEditorIntf ACBP=A9
 0001:000813E0 00000038 C=CODE     S=.text    G=(none)   M=JvConsts ACBP=A9
 0001:00081418 00000090 C=CODE     S=.text    G=(none)   M=JclSimpleXml ACBP=A9
 0001:000814A8 00000104 C=CODE     S=.text    G=(none)   M=JvStrings ACBP=A9
 0001:000815AC 00000050 C=CODE     S=.text    G=(none)   M=JConsts  ACBP=A9
 0001:000815FC 000133EC C=CODE     S=.text    G=(none)   M=jpeg     ACBP=A9
 0001:000949E8 00000218 C=CODE     S=.text    G=(none)   M=JvPropertyStore ACBP=A9
 0001:00094C00 00000038 C=CODE     S=.text    G=(none)   M=JvTranslateString ACBP=A9
 0001:00094C38 0000005C C=CODE     S=.text    G=(none)   M=JvAppStorage ACBP=A9
 0001:00094C94 00001957 C=CODE     S=.text    G=(none)   M=JvJVCLUtils ACBP=A9
 0001:000965EC 00000070 C=CODE     S=.text    G=(none)   M=JvImageList ACBP=A9
 0001:0009665C 00001098 C=CODE     S=.text    G=(none)   M=JvWndProcHook ACBP=A9
 0001:000976F4 0000052F C=CODE     S=.text    G=(none)   M=JvThemes ACBP=A9
 0001:00097C24 00000048 C=CODE     S=.text    G=(none)   M=JvDsgnIntf ACBP=A9
 0001:00097C6C 00003CD0 C=CODE     S=.text    G=(none)   M=JvCaptionButton ACBP=A9
 0001:0009B93C 00002190 C=CODE     S=.text    G=(none)   M=JvGradientCaption ACBP=A9
 0001:0009DACC 00000FC8 C=CODE     S=.text    G=(none)   M=JvExControls ACBP=A9
 0001:0009EA94 00000038 C=CODE     S=.text    G=(none)   M=JvExForms ACBP=A9
 0001:0009EACC 00000038 C=CODE     S=.text    G=(none)   M=JvExStdCtrls ACBP=A9
 0001:0009EB04 00000038 C=CODE     S=.text    G=(none)   M=JvComponent ACBP=A9
 0001:0009EB3C 00000650 C=CODE     S=.text    G=(none)   M=JvExButtons ACBP=A9
 0001:0009F18C 00006580 C=CODE     S=.text    G=(none)   M=JvOutlookBar ACBP=A9
 0001:000A570C 0000133C C=CODE     S=.text    G=(none)   M=JvExExtCtrls ACBP=A9
 0001:000A6A48 00000388 C=CODE     S=.text    G=(none)   M=JvSplitter ACBP=A9
 0001:000A6DD0 00001678 C=CODE     S=.text    G=(none)   M=JvExComCtrls ACBP=A9
 0001:000A8448 000002B4 C=CODE     S=.text    G=(none)   M=JvExtComponent ACBP=A9
 0001:000A86FC 000003B4 C=CODE     S=.text    G=(none)   M=JvHotTrackPersistent ACBP=A9
 0001:000A8AB0 0000394C C=CODE     S=.text    G=(none)   M=JvPanel  ACBP=A9
 0001:000AC3FC 000009D8 C=CODE     S=.text    G=(none)   M=JvProgressBar ACBP=A9
 0001:000ACDD4 0000094C C=CODE     S=.text    G=(none)   M=JvStatusBar ACBP=A9
 0001:000AD720 00000038 C=CODE     S=.text    G=(none)   M=JvArrowButton ACBP=A9
 0001:000AD758 00000158 C=CODE     S=.text    G=(none)   M=sevenzip ACBP=A9
 0001:000AD8B0 00000038 C=CODE     S=.text    G=(none)   M=zlibh    ACBP=A9
 0001:000AD8E8 00000038 C=CODE     S=.text    G=(none)   M=bzip2    ACBP=A9
 0001:000AD920 000001EC C=CODE     S=.text    G=(none)   M=JclCompression ACBP=A9
 0001:000ADB0C 00000458 C=CODE     S=.text    G=(none)   M=JvZlibMultiple ACBP=A9
 0001:000ADF64 000001A8 C=CODE     S=.text    G=(none)   M=FrameApache ACBP=A9
 0001:000AE10C 000001A8 C=CODE     S=.text    G=(none)   M=FrameLocalDNS ACBP=A9
 0001:000AE2B4 000020D8 C=CODE     S=.text    G=(none)   M=JvCreateProcess ACBP=A9
 0001:000B038C 00000038 C=CODE     S=.text    G=(none)   M=JclVclResources ACBP=A9
 0001:000B03C4 00000605 C=CODE     S=.text    G=(none)   M=JclGraphUtils ACBP=A9
 0001:000B09CC 00005CEC C=CODE     S=.text    G=(none)   M=JvMenus  ACBP=A9
 0001:000B66B8 00000634 C=CODE     S=.text    G=(none)   M=JvWizardCommon ACBP=A9
 0001:000B6CEC 00005848 C=CODE     S=.text    G=(none)   M=JvWizard ACBP=A9
 0001:000BC534 00001044 C=CODE     S=.text    G=(none)   M=JvWizardRouteMapSteps ACBP=A9
 0001:000BD578 00000118 C=CODE     S=.text    G=(none)   M=LMDRTLConst ACBP=A9
 0001:000BD690 00000C80 C=CODE     S=.text    G=(none)   M=LMDUnicode ACBP=A9
 0001:000BE310 00000038 C=CODE     S=.text    G=(none)   M=LMDHashTable ACBP=A9
 0001:000BE348 000002A7 C=CODE     S=.text    G=(none)   M=LMDObject ACBP=A9
 0001:000BE5F0 00000038 C=CODE     S=.text    G=(none)   M=intfLMDBase ACBP=A9
 0001:000BE628 0000046B C=CODE     S=.text    G=(none)   M=LMDCustomComponent ACBP=A9
 0001:000BEA94 00000330 C=CODE     S=.text    G=(none)   M=DateUtils ACBP=A9
 0001:000BEDC4 0000BAB5 C=CODE     S=.text    G=(none)   M=LMDXML   ACBP=A9
 0001:000CA87C 0000072B C=CODE     S=.text    G=(none)   M=LMDSysIn ACBP=A9
 0001:000CAFA8 000000DB C=CODE     S=.text    G=(none)   M=LMDShUtils ACBP=A9
 0001:000CB084 00000D60 C=CODE     S=.text    G=(none)   M=LMDIniCtrl ACBP=A9
 0001:000CBDE4 00000ECE C=CODE     S=.text    G=(none)   M=LMDClass ACBP=A9
 0001:000CCCB4 00000564 C=CODE     S=.text    G=(none)   M=LMDStrings ACBP=A9
 0001:000CD218 000001E8 C=CODE     S=.text    G=(none)   M=LMDZCommonUnit ACBP=A9
 0001:000CD400 00002770 C=CODE     S=.text    G=(none)   M=LMDZCompressUnit ACBP=A9
 0001:000CFB70 00002210 C=CODE     S=.text    G=(none)   M=LMDZUncompressUnit ACBP=A9
 0001:000D1D80 00000040 C=CODE     S=.text    G=(none)   M=SHFolder ACBP=A9
 0001:000D1DC0 000002AC C=CODE     S=.text    G=(none)   M=LMDProcs ACBP=A9
 0001:000D206C 000003E4 C=CODE     S=.text    G=(none)   M=LMDFiles ACBP=A9
 0001:000D2450 00000038 C=CODE     S=.text    G=(none)   M=LMDArray ACBP=A9
 0001:000D2488 00000038 C=CODE     S=.text    G=(none)   M=LMDUnicodeStrings ACBP=A9
 0001:000D24C0 000002F8 C=CODE     S=.text    G=(none)   M=LMDTypes ACBP=A9
 0001:000D27B8 00000038 C=CODE     S=.text    G=(none)   M=LMDZLib  ACBP=A9
 0001:000D27F0 000000B8 C=CODE     S=.text    G=(none)   M=LMDRTLXConst ACBP=A9
 0001:000D28A8 00007174 C=CODE     S=.text    G=(none)   M=LMDPNGImage ACBP=A9
 0001:000D9A1C 0000175F C=CODE     S=.text    G=(none)   M=CheckLst ACBP=A9
 0001:000DB17C 00001D38 C=CODE     S=.text    G=(none)   M=MainForm ACBP=A9
 0001:000DCEB4 00000038 C=CODE     S=.text    G=(none)   M=JvBaseDlg ACBP=A9
 0001:000DCEEC 00000038 C=CODE     S=.text    G=(none)   M=FileCtrl ACBP=A9
 0001:000DCF24 00000038 C=CODE     S=.text    G=(none)   M=JvSelectDirectory ACBP=A9
 0001:000DCF5C 00000038 C=CODE     S=.text    G=(none)   M=wizardA  ACBP=A9
 0001:000DCF94 00000248 C=CODE     S=.text    G=(none)   M=FrameCAroot ACBP=A9
 0001:000DD1DC 000005F5 C=CODE     S=.text    G=(none)   M=SignTool ACBP=A9
 0002:00000000 0000009C C=DATA     S=.data    G=DGROUP   M=System   ACBP=A9
 0002:0000009C 00000020 C=DATA     S=.data    G=DGROUP   M=SysInit  ACBP=A9
 0002:000000BC 00000254 C=DATA     S=.data    G=DGROUP   M=SysUtils ACBP=A9
 0002:00000310 00000110 C=DATA     S=.data    G=DGROUP   M=VarUtils ACBP=A9
 0002:00000420 000001B2 C=DATA     S=.data    G=DGROUP   M=Variants ACBP=A9
 0002:000005D4 0000000C C=DATA     S=.data    G=DGROUP   M=TypInfo  ACBP=A9
 0002:000005E0 00000010 C=DATA     S=.data    G=DGROUP   M=ActiveX  ACBP=A9
 0002:000005F0 00000100 C=DATA     S=.data    G=DGROUP   M=Classes  ACBP=A9
 0002:000006F0 0000030C C=DATA     S=.data    G=DGROUP   M=Graphics ACBP=A9
 0002:000009FC 00000004 C=DATA     S=.data    G=DGROUP   M=Printers ACBP=A9
 0002:00000A00 00000114 C=DATA     S=.data    G=DGROUP   M=Dialogs  ACBP=A9
 0002:00000B14 0000018C C=DATA     S=.data    G=DGROUP   M=ExtCtrls ACBP=A9
 0002:00000CA0 0000009E C=DATA     S=.data    G=DGROUP   M=Buttons  ACBP=A9
 0002:00000D40 00000008 C=DATA     S=.data    G=DGROUP   M=IniFiles ACBP=A9
 0002:00000D48 00000008 C=DATA     S=.data    G=DGROUP   M=Registry ACBP=A9
 0002:00000D50 00000008 C=DATA     S=.data    G=DGROUP   M=Mapi     ACBP=A9
 0002:00000D58 000000DC C=DATA     S=.data    G=DGROUP   M=ComCtrls ACBP=A9
 0002:00000E34 00000068 C=DATA     S=.data    G=DGROUP   M=Themes   ACBP=A9
 0002:00000E9C 000000B0 C=DATA     S=.data    G=DGROUP   M=StdCtrls ACBP=A9
 0002:00000F4C 0000013C C=DATA     S=.data    G=DGROUP   M=Controls ACBP=A9
 0002:00001088 00000020 C=DATA     S=.data    G=DGROUP   M=ImgList  ACBP=A9
 0002:000010A8 000000EC C=DATA     S=.data    G=DGROUP   M=Menus    ACBP=A9
 0002:00001194 0000011C C=DATA     S=.data    G=DGROUP   M=Forms    ACBP=A9
 0002:000012B0 00000008 C=DATA     S=.data    G=DGROUP   M=JclMath  ACBP=A9
 0002:000012B8 000008F0 C=DATA     S=.data    G=DGROUP   M=JclCharsets ACBP=A9
 0002:00001BA8 000000CC C=DATA     S=.data    G=DGROUP   M=JclRegistry ACBP=A9
 0002:00001C74 00000004 C=DATA     S=.data    G=DGROUP   M=JclShell ACBP=A9
 0002:00001C78 00000030 C=DATA     S=.data    G=DGROUP   M=ComObj   ACBP=A9
 0002:00001CA8 00000030 C=DATA     S=.data    G=DGROUP   M=JclFileUtils ACBP=A9
 0002:00001CD8 00000001 C=DATA     S=.data    G=DGROUP   M=JclAnsiStrings ACBP=A9
 0002:00001CDC 000008D8 C=DATA     S=.data    G=DGROUP   M=JclSysInfo ACBP=A9
 0002:000025B4 00000E7C C=DATA     S=.data    G=DGROUP   M=JclUnicode ACBP=A9
 0002:00003430 0000000C C=DATA     S=.data    G=DGROUP   M=JclStrings ACBP=A9
 0002:0000343C 00000010 C=DATA     S=.data    G=DGROUP   M=JclSysUtils ACBP=A9
 0002:0000344C 00000438 C=DATA     S=.data    G=DGROUP   M=JvTypes  ACBP=A9
 0002:00003884 00000050 C=DATA     S=.data    G=DGROUP   M=JvJCLUtils ACBP=A9
 0002:000038D4 0000000E C=DATA     S=.data    G=DGROUP   M=JvConsts ACBP=A9
 0002:000038E4 00000014 C=DATA     S=.data    G=DGROUP   M=JclSimpleXml ACBP=A9
 0002:000038F8 0000000C C=DATA     S=.data    G=DGROUP   M=JvStrings ACBP=A9
 0002:00003904 00000908 C=DATA     S=.data    G=DGROUP   M=jpeg     ACBP=A9
 0002:0000420C 00000048 C=DATA     S=.data    G=DGROUP   M=JvPropertyStore ACBP=A9
 0002:00004254 0000009C C=DATA     S=.data    G=DGROUP   M=JvJVCLUtils ACBP=A9
 0002:000042F0 00000001 C=DATA     S=.data    G=DGROUP   M=JvImageList ACBP=A9
 0002:000042F4 00000008 C=DATA     S=.data    G=DGROUP   M=JvWndProcHook ACBP=A9
 0002:000042FC 0000003C C=DATA     S=.data    G=DGROUP   M=JvCaptionButton ACBP=A9
 0002:00004338 00000008 C=DATA     S=.data    G=DGROUP   M=JvExControls ACBP=A9
 0002:00004340 00000008 C=DATA     S=.data    G=DGROUP   M=JvOutlookBar ACBP=A9
 0002:00004348 00000014 C=DATA     S=.data    G=DGROUP   M=JvPanel  ACBP=A9
 0002:0000435C 00000030 C=DATA     S=.data    G=DGROUP   M=JvProgressBar ACBP=A9
 0002:0000438C 00000020 C=DATA     S=.data    G=DGROUP   M=sevenzip ACBP=A9
 0002:000043AC 00000038 C=DATA     S=.data    G=DGROUP   M=JclCompression ACBP=A9
 0002:000043E4 00000050 C=DATA     S=.data    G=DGROUP   M=JvCreateProcess ACBP=A9
 0002:00004434 00000008 C=DATA     S=.data    G=DGROUP   M=JvMenus  ACBP=A9
 0002:0000443C 00000038 C=DATA     S=.data    G=DGROUP   M=JvWizardCommon ACBP=A9
 0002:00004474 0000000C C=DATA     S=.data    G=DGROUP   M=JvWizard ACBP=A9
 0002:00004480 00002BCC C=DATA     S=.data    G=DGROUP   M=LMDUnicode ACBP=A9
 0002:0000704C 00000078 C=DATA     S=.data    G=DGROUP   M=LMDXML   ACBP=A9
 0002:000070C4 000000C0 C=DATA     S=.data    G=DGROUP   M=LMDSysIn ACBP=A9
 0002:00007184 00000008 C=DATA     S=.data    G=DGROUP   M=LMDIniCtrl ACBP=A9
 0002:0000718C 00000020 C=DATA     S=.data    G=DGROUP   M=LMDClass ACBP=A9
 0002:000071AC 00000F28 C=DATA     S=.data    G=DGROUP   M=LMDZCompressUnit ACBP=A9
 0002:000080D4 000009CC C=DATA     S=.data    G=DGROUP   M=LMDZUncompressUnit ACBP=A9
 0002:00008AA0 00000038 C=DATA     S=.data    G=DGROUP   M=LMDFiles ACBP=A9
 0002:00008AD8 00000168 C=DATA     S=.data    G=DGROUP   M=LMDTypes ACBP=A9
 0002:00008C40 00000168 C=DATA     S=.data    G=DGROUP   M=LMDPNGImage ACBP=A9
 0002:0000A000 00000664 C=BSS      S=.bss     G=DGROUP   M=System   ACBP=A9
 0002:0000A664 00000010 C=BSS      S=.bss     G=DGROUP   M=SysInit  ACBP=A9
 0002:0000A674 00000004 C=BSS      S=.bss     G=DGROUP   M=Types    ACBP=A9
 0002:0000A678 00000004 C=BSS      S=.bss     G=DGROUP   M=Windows  ACBP=A9
 0002:0000A67C 00000004 C=BSS      S=.bss     G=DGROUP   M=Messages ACBP=A9
 0002:0000A680 00000004 C=BSS      S=.bss     G=DGROUP   M=SysConst ACBP=A9
 0002:0000A684 00000120 C=BSS      S=.bss     G=DGROUP   M=SysUtils ACBP=A9
 0002:0000A7A4 0000005C C=BSS      S=.bss     G=DGROUP   M=VarUtils ACBP=A9
 0002:0000A800 00000040 C=BSS      S=.bss     G=DGROUP   M=Variants ACBP=A9
 0002:0000A840 00000004 C=BSS      S=.bss     G=DGROUP   M=RTLConsts ACBP=A9
 0002:0000A844 00000004 C=BSS      S=.bss     G=DGROUP   M=TypInfo  ACBP=A9
 0002:0000A848 00000004 C=BSS      S=.bss     G=DGROUP   M=ActiveX  ACBP=A9
 0002:0000A84C 00000044 C=BSS      S=.bss     G=DGROUP   M=Classes  ACBP=A9
 0002:0000A890 00000004 C=BSS      S=.bss     G=DGROUP   M=Consts   ACBP=A9
 0002:0000A894 00000060 C=BSS      S=.bss     G=DGROUP   M=Graphics ACBP=A9
 0002:0000A8F4 00000004 C=BSS      S=.bss     G=DGROUP   M=Math     ACBP=A9
 0002:0000A8F8 00000004 C=BSS      S=.bss     G=DGROUP   M=Contnrs  ACBP=A9
 0002:0000A8FC 0000000C C=BSS      S=.bss     G=DGROUP   M=CommCtrl ACBP=A9
 0002:0000A908 00000031 C=BSS      S=.bss     G=DGROUP   M=MultiMon ACBP=A9
 0002:0000A93C 00000004 C=BSS      S=.bss     G=DGROUP   M=Imm      ACBP=A9
 0002:0000A940 00000008 C=BSS      S=.bss     G=DGROUP   M=HelpIntfs ACBP=A9
 0002:0000A948 00000004 C=BSS      S=.bss     G=DGROUP   M=WinSpool ACBP=A9
 0002:0000A94C 00000004 C=BSS      S=.bss     G=DGROUP   M=Printers ACBP=A9
 0002:0000A950 00000034 C=BSS      S=.bss     G=DGROUP   M=FlatSB   ACBP=A9
 0002:0000A984 00000004 C=BSS      S=.bss     G=DGROUP   M=SyncObjs ACBP=A9
 0002:0000A988 000000CC C=BSS      S=.bss     G=DGROUP   M=UxTheme  ACBP=A9
 0002:0000AA54 00000004 C=BSS      S=.bss     G=DGROUP   M=RichEdit ACBP=A9
 0002:0000AA58 00000004 C=BSS      S=.bss     G=DGROUP   M=ToolWin  ACBP=A9
 0002:0000AA5C 00000004 C=BSS      S=.bss     G=DGROUP   M=ShellAPI ACBP=A9
 0002:0000AA60 00000004 C=BSS      S=.bss     G=DGROUP   M=RegStr   ACBP=A9
 0002:0000AA64 00000004 C=BSS      S=.bss     G=DGROUP   M=WinInet  ACBP=A9
 0002:0000AA68 00000004 C=BSS      S=.bss     G=DGROUP   M=UrlMon   ACBP=A9
 0002:0000AA6C 00000004 C=BSS      S=.bss     G=DGROUP   M=ShlObj   ACBP=A9
 0002:0000AA70 00000004 C=BSS      S=.bss     G=DGROUP   M=CommDlg  ACBP=A9
 0002:0000AA74 00000004 C=BSS      S=.bss     G=DGROUP   M=Dlgs     ACBP=A9
 0002:0000AA78 00000038 C=BSS      S=.bss     G=DGROUP   M=Dialogs  ACBP=A9
 0002:0000AAB0 00000004 C=BSS      S=.bss     G=DGROUP   M=ExtCtrls ACBP=A9
 0002:0000AAB4 00000004 C=BSS      S=.bss     G=DGROUP   M=ComStrs  ACBP=A9
 0002:0000AAB8 0000000C C=BSS      S=.bss     G=DGROUP   M=Clipbrd  ACBP=A9
 0002:0000AAC4 00000004 C=BSS      S=.bss     G=DGROUP   M=StrUtils ACBP=A9
 0002:0000AAC8 00000030 C=BSS      S=.bss     G=DGROUP   M=Buttons  ACBP=A9
 0002:0000AAF8 00000004 C=BSS      S=.bss     G=DGROUP   M=ExtDlgs  ACBP=A9
 0002:0000AAFC 00000004 C=BSS      S=.bss     G=DGROUP   M=IniFiles ACBP=A9
 0002:0000AB00 00000004 C=BSS      S=.bss     G=DGROUP   M=Registry ACBP=A9
 0002:0000AB04 00000004 C=BSS      S=.bss     G=DGROUP   M=Mapi     ACBP=A9
 0002:0000AB08 00000009 C=BSS      S=.bss     G=DGROUP   M=ExtActns ACBP=A9
 0002:0000AB14 00000004 C=BSS      S=.bss     G=DGROUP   M=ListActns ACBP=A9
 0002:0000AB18 00000010 C=BSS      S=.bss     G=DGROUP   M=ComCtrls ACBP=A9
 0002:0000AB28 00000008 C=BSS      S=.bss     G=DGROUP   M=Themes   ACBP=A9
 0002:0000AB30 00000004 C=BSS      S=.bss     G=DGROUP   M=StdCtrls ACBP=A9
 0002:0000AB34 00000004 C=BSS      S=.bss     G=DGROUP   M=StdActns ACBP=A9
 0002:0000AB38 00000014 C=BSS      S=.bss     G=DGROUP   M=WinHelpViewer ACBP=A9
 0002:0000AB4C 00000080 C=BSS      S=.bss     G=DGROUP   M=Controls ACBP=A9
 0002:0000ABCC 00000004 C=BSS      S=.bss     G=DGROUP   M=ActnList ACBP=A9
 0002:0000ABD0 0000000C C=BSS      S=.bss     G=DGROUP   M=ImgList  ACBP=A9
 0002:0000ABDC 00000010 C=BSS      S=.bss     G=DGROUP   M=Menus    ACBP=A9
 0002:0000ABEC 00000020 C=BSS      S=.bss     G=DGROUP   M=Forms    ACBP=A9
 0002:0000AC0C 00000004 C=BSS      S=.bss     G=DGROUP   M=JclResources ACBP=A9
 0002:0000AC10 00000008 C=BSS      S=.bss     G=DGROUP   M=JclBase  ACBP=A9
 0002:0000AC18 00000004 C=BSS      S=.bss     G=DGROUP   M=AccCtrl  ACBP=A9
 0002:0000AC1C 00000004 C=BSS      S=.bss     G=DGROUP   M=JclWin32 ACBP=A9
 0002:0000AC20 00000004 C=BSS      S=.bss     G=DGROUP   M=JclStringConversions ACBP=A9
 0002:0000AC24 00000004 C=BSS      S=.bss     G=DGROUP   M=Jcl8087  ACBP=A9
 0002:0000AC28 00000004 C=BSS      S=.bss     G=DGROUP   M=JclMath  ACBP=A9
 0002:0000AC2C 00000004 C=BSS      S=.bss     G=DGROUP   M=JclCharsets ACBP=A9
 0002:0000AC30 00000004 C=BSS      S=.bss     G=DGROUP   M=JclStreams ACBP=A9
 0002:0000AC34 00000004 C=BSS      S=.bss     G=DGROUP   M=JclLogic ACBP=A9
 0002:0000AC38 00000004 C=BSS      S=.bss     G=DGROUP   M=JclDateTime ACBP=A9
 0002:0000AC3C 00000004 C=BSS      S=.bss     G=DGROUP   M=JclRegistry ACBP=A9
 0002:0000AC40 00000004 C=BSS      S=.bss     G=DGROUP   M=JclSecurity ACBP=A9
 0002:0000AC44 00000004 C=BSS      S=.bss     G=DGROUP   M=JclShell ACBP=A9
 0002:0000AC48 00000004 C=BSS      S=.bss     G=DGROUP   M=ComConst ACBP=A9
 0002:0000AC4C 00000011 C=BSS      S=.bss     G=DGROUP   M=ComObj   ACBP=A9
 0002:0000AC60 00000004 C=BSS      S=.bss     G=DGROUP   M=JclFileUtils ACBP=A9
 0002:0000AC64 00000004 C=BSS      S=.bss     G=DGROUP   M=JclConsole ACBP=A9
 0002:0000AC68 00000504 C=BSS      S=.bss     G=DGROUP   M=JclAnsiStrings ACBP=A9
 0002:0000B16C 00000004 C=BSS      S=.bss     G=DGROUP   M=JclIniFiles ACBP=A9
 0002:0000B170 00000004 C=BSS      S=.bss     G=DGROUP   M=PsAPI    ACBP=A9
 0002:0000B174 00000004 C=BSS      S=.bss     G=DGROUP   M=TlHelp32 ACBP=A9
 0002:0000B178 00000004 C=BSS      S=.bss     G=DGROUP   M=Snmp     ACBP=A9
 0002:0000B17C 00000004 C=BSS      S=.bss     G=DGROUP   M=WinSock  ACBP=A9
 0002:0000B180 00000010 C=BSS      S=.bss     G=DGROUP   M=JclSysInfo ACBP=A9
 0002:0000B190 00001018 C=BSS      S=.bss     G=DGROUP   M=JclUnicode ACBP=A9
 0002:0000C1A8 00000004 C=BSS      S=.bss     G=DGROUP   M=JclWideStrings ACBP=A9
 0002:0000C1AC 00000504 C=BSS      S=.bss     G=DGROUP   M=JclStrings ACBP=A9
 0002:0000C6B0 00000004 C=BSS      S=.bss     G=DGROUP   M=JclSynch ACBP=A9
 0002:0000C6B4 00000008 C=BSS      S=.bss     G=DGROUP   M=JclSysUtils ACBP=A9
 0002:0000C6BC 00000004 C=BSS      S=.bss     G=DGROUP   M=MaskUtils ACBP=A9
 0002:0000C6C0 00000004 C=BSS      S=.bss     G=DGROUP   M=Mask     ACBP=A9
 0002:0000C6C4 00000004 C=BSS      S=.bss     G=DGROUP   M=Grids    ACBP=A9
 0002:0000C6C8 00000004 C=BSS      S=.bss     G=DGROUP   M=JvResources ACBP=A9
 0002:0000C6CC 00000008 C=BSS      S=.bss     G=DGROUP   M=JvTypes  ACBP=A9
 0002:0000C6D4 00000004 C=BSS      S=.bss     G=DGROUP   M=MMSystem ACBP=A9
 0002:0000C6D8 00000004 C=BSS      S=.bss     G=DGROUP   M=JvJCLUtils ACBP=A9
 0002:0000C6DC 00000004 C=BSS      S=.bss     G=DGROUP   M=JVCLVer  ACBP=A9
 0002:0000C6E0 00000004 C=BSS      S=.bss     G=DGROUP   M=JvComponentBase ACBP=A9
 0002:0000C6E4 00000008 C=BSS      S=.bss     G=DGROUP   M=JclRTTI  ACBP=A9
 0002:0000C6EC 00000004 C=BSS      S=.bss     G=DGROUP   M=JclMime  ACBP=A9
 0002:0000C6F0 00000004 C=BSS      S=.bss     G=DGROUP   M=JvPropertyStoreEditorIntf ACBP=A9
 0002:0000C6F4 00000004 C=BSS      S=.bss     G=DGROUP   M=JvConsts ACBP=A9
 0002:0000C6F8 00000004 C=BSS      S=.bss     G=DGROUP   M=JclSimpleXml ACBP=A9
 0002:0000C6FC 00000004 C=BSS      S=.bss     G=DGROUP   M=JvStrings ACBP=A9
 0002:0000C700 00000004 C=BSS      S=.bss     G=DGROUP   M=JConsts  ACBP=A9
 0002:0000C704 00000004 C=BSS      S=.bss     G=DGROUP   M=jpeg     ACBP=A9
 0002:0000C708 00000004 C=BSS      S=.bss     G=DGROUP   M=JvPropertyStore ACBP=A9
 0002:0000C70C 00000004 C=BSS      S=.bss     G=DGROUP   M=JvTranslateString ACBP=A9
 0002:0000C710 00000009 C=BSS      S=.bss     G=DGROUP   M=JvAppStorage ACBP=A9
 0002:0000C71C 00000004 C=BSS      S=.bss     G=DGROUP   M=JvJVCLUtils ACBP=A9
 0002:0000C720 00000009 C=BSS      S=.bss     G=DGROUP   M=JvImageList ACBP=A9
 0002:0000C72C 00000004 C=BSS      S=.bss     G=DGROUP   M=JvWndProcHook ACBP=A9
 0002:0000C730 00000008 C=BSS      S=.bss     G=DGROUP   M=JvThemes ACBP=A9
 0002:0000C738 00000008 C=BSS      S=.bss     G=DGROUP   M=JvDsgnIntf ACBP=A9
 0002:0000C740 00000010 C=BSS      S=.bss     G=DGROUP   M=JvCaptionButton ACBP=A9
 0002:0000C750 00000004 C=BSS      S=.bss     G=DGROUP   M=JvGradientCaption ACBP=A9
 0002:0000C754 00000004 C=BSS      S=.bss     G=DGROUP   M=JvExControls ACBP=A9
 0002:0000C758 00000004 C=BSS      S=.bss     G=DGROUP   M=JvExForms ACBP=A9
 0002:0000C75C 00000004 C=BSS      S=.bss     G=DGROUP   M=JvExStdCtrls ACBP=A9
 0002:0000C760 00000004 C=BSS      S=.bss     G=DGROUP   M=JvComponent ACBP=A9
 0002:0000C764 00000004 C=BSS      S=.bss     G=DGROUP   M=JvExButtons ACBP=A9
 0002:0000C768 00000004 C=BSS      S=.bss     G=DGROUP   M=JvOutlookBar ACBP=A9
 0002:0000C76C 00000004 C=BSS      S=.bss     G=DGROUP   M=JvExExtCtrls ACBP=A9
 0002:0000C770 00000004 C=BSS      S=.bss     G=DGROUP   M=JvSplitter ACBP=A9
 0002:0000C774 00000004 C=BSS      S=.bss     G=DGROUP   M=JvExComCtrls ACBP=A9
 0002:0000C778 00000004 C=BSS      S=.bss     G=DGROUP   M=JvExtComponent ACBP=A9
 0002:0000C77C 00000004 C=BSS      S=.bss     G=DGROUP   M=JvHotTrackPersistent ACBP=A9
 0002:0000C780 00000004 C=BSS      S=.bss     G=DGROUP   M=JvPanel  ACBP=A9
 0002:0000C784 00000004 C=BSS      S=.bss     G=DGROUP   M=JvProgressBar ACBP=A9
 0002:0000C788 00000004 C=BSS      S=.bss     G=DGROUP   M=JvStatusBar ACBP=A9
 0002:0000C78C 00000004 C=BSS      S=.bss     G=DGROUP   M=JvArrowButton ACBP=A9
 0002:0000C790 00000004 C=BSS      S=.bss     G=DGROUP   M=sevenzip ACBP=A9
 0002:0000C794 00000004 C=BSS      S=.bss     G=DGROUP   M=zlibh    ACBP=A9
 0002:0000C798 00000004 C=BSS      S=.bss     G=DGROUP   M=bzip2    ACBP=A9
 0002:0000C79C 0000000C C=BSS      S=.bss     G=DGROUP   M=JclCompression ACBP=A9
 0002:0000C7A8 00000004 C=BSS      S=.bss     G=DGROUP   M=JvZlibMultiple ACBP=A9
 0002:0000C7AC 00000004 C=BSS      S=.bss     G=DGROUP   M=FrameApache ACBP=A9
 0002:0000C7B0 00000004 C=BSS      S=.bss     G=DGROUP   M=FrameLocalDNS ACBP=A9
 0002:0000C7B4 00000004 C=BSS      S=.bss     G=DGROUP   M=JvCreateProcess ACBP=A9
 0002:0000C7B8 00000004 C=BSS      S=.bss     G=DGROUP   M=JclVclResources ACBP=A9
 0002:0000C7BC 00000034 C=BSS      S=.bss     G=DGROUP   M=JclGraphUtils ACBP=A9
 0002:0000C7F0 0000000C C=BSS      S=.bss     G=DGROUP   M=JvMenus  ACBP=A9
 0002:0000C7FC 00000004 C=BSS      S=.bss     G=DGROUP   M=JvWizardCommon ACBP=A9
 0002:0000C800 00000004 C=BSS      S=.bss     G=DGROUP   M=JvWizard ACBP=A9
 0002:0000C804 00000004 C=BSS      S=.bss     G=DGROUP   M=JvWizardRouteMapSteps ACBP=A9
 0002:0000C808 00000004 C=BSS      S=.bss     G=DGROUP   M=LMDRTLConst ACBP=A9
 0002:0000C80C 0000000C C=BSS      S=.bss     G=DGROUP   M=LMDUnicode ACBP=A9
 0002:0000C818 00000004 C=BSS      S=.bss     G=DGROUP   M=LMDHashTable ACBP=A9
 0002:0000C81C 00000004 C=BSS      S=.bss     G=DGROUP   M=LMDObject ACBP=A9
 0002:0000C820 00000004 C=BSS      S=.bss     G=DGROUP   M=intfLMDBase ACBP=A9
 0002:0000C824 00000004 C=BSS      S=.bss     G=DGROUP   M=LMDCustomComponent ACBP=A9
 0002:0000C828 00000004 C=BSS      S=.bss     G=DGROUP   M=DateUtils ACBP=A9
 0002:0000C82C 00000004 C=BSS      S=.bss     G=DGROUP   M=LMDXML   ACBP=A9
 0002:0000C830 00000008 C=BSS      S=.bss     G=DGROUP   M=LMDSysIn ACBP=A9
 0002:0000C838 00000010 C=BSS      S=.bss     G=DGROUP   M=LMDShUtils ACBP=A9
 0002:0000C848 00000004 C=BSS      S=.bss     G=DGROUP   M=LMDIniCtrl ACBP=A9
 0002:0000C84C 00000008 C=BSS      S=.bss     G=DGROUP   M=LMDClass ACBP=A9
 0002:0000C854 00000004 C=BSS      S=.bss     G=DGROUP   M=LMDStrings ACBP=A9
 0002:0000C858 00000004 C=BSS      S=.bss     G=DGROUP   M=LMDZCommonUnit ACBP=A9
 0002:0000C85C 00001010 C=BSS      S=.bss     G=DGROUP   M=LMDZCompressUnit ACBP=A9
 0002:0000D86C 00000004 C=BSS      S=.bss     G=DGROUP   M=LMDZUncompressUnit ACBP=A9
 0002:0000D870 00000004 C=BSS      S=.bss     G=DGROUP   M=SHFolder ACBP=A9
 0002:0000D874 00000004 C=BSS      S=.bss     G=DGROUP   M=LMDProcs ACBP=A9
 0002:0000D878 00000004 C=BSS      S=.bss     G=DGROUP   M=LMDFiles ACBP=A9
 0002:0000D87C 00000004 C=BSS      S=.bss     G=DGROUP   M=LMDArray ACBP=A9
 0002:0000D880 00000004 C=BSS      S=.bss     G=DGROUP   M=LMDUnicodeStrings ACBP=A9
 0002:0000D884 00000004 C=BSS      S=.bss     G=DGROUP   M=LMDTypes ACBP=A9
 0002:0000D888 00000004 C=BSS      S=.bss     G=DGROUP   M=LMDZLib  ACBP=A9
 0002:0000D88C 00000004 C=BSS      S=.bss     G=DGROUP   M=LMDRTLXConst ACBP=A9
 0002:0000D890 00000409 C=BSS      S=.bss     G=DGROUP   M=LMDPNGImage ACBP=A9
 0002:0000DC9C 0000000C C=BSS      S=.bss     G=DGROUP   M=CheckLst ACBP=A9
 0002:0000DCA8 00000008 C=BSS      S=.bss     G=DGROUP   M=MainForm ACBP=A9
 0002:0000DCB0 00000004 C=BSS      S=.bss     G=DGROUP   M=JvBaseDlg ACBP=A9
 0002:0000DCB4 00000004 C=BSS      S=.bss     G=DGROUP   M=FileCtrl ACBP=A9
 0002:0000DCB8 00000004 C=BSS      S=.bss     G=DGROUP   M=JvSelectDirectory ACBP=A9
 0002:0000DCBC 00000004 C=BSS      S=.bss     G=DGROUP   M=wizardA  ACBP=A9
 0002:0000DCC0 00000004 C=BSS      S=.bss     G=DGROUP   M=FrameCAroot ACBP=A9


  Address         Publics by Name

 0001:0008E474       ..
 0001:00089278       ..
 0001:00087F78       ..
 0002:00003AA0       ..
 0001:000909E4       ..
 0001:0008311C       ..
 0001:0008679C       ..
 0001:000847A8       ..
 0001:00089950       ..
 0001:00083D80       ..
 0001:00093C58       ..
 0002:00003990       ..
 0001:000926D4       ..
 0001:00090888       ..
 0002:00003DAC       ..
 0001:00091DAC       ..
 0002:000039A0       ..
 0001:00084EE8       ..
 0001:00085C10       ..
 0001:00091724       ..
 0001:0008F530       ..
 0002:00003A20       ..
 0001:000842E4       ..
 0001:00090F20       ..
 0001:0008FD58       ..
 0001:00087330       ..
 0001:0008A9E0       ..
 0001:00086D88       ..
 0001:00092BEC       ..
 0001:0008ACD4       ..
 0001:0008C4F8       ..
 0002:0000414C       ..
 0001:0008E584       ..
 0001:0008AFA4       ..
 0002:00003BAC       ..
 0002:0000AC64       .01
 0002:0000C6E4       .02
 0002:0000D890       .04
 0002:0000C6DC       .1
 0002:0000C808       .1
 0002:0000B170       .1
 0002:0000B174       .1
 0002:0000B178       .1
 0002:0000AB40       .1
 0002:0000A674       .1
 0002:0000C6F4       .1
 0002:0000B17C       .1
 0002:0000B180       .1
 0002:0000D88C       .1
 0002:0000A66C       .1
 0002:0000C7B8       .1
 0002:0000AB04       .1
 0002:0000C798       .1
 0002:0000C794       .1
 0002:0000C790       .1
 0002:0000C6C8       .1
 0002:0000C73C       .1
 0002:0000B16C       .1
 0002:0000A8FC       .1
 0002:0000C820       .1
 0002:0000C828       .1
 0002:0000A840       .1
 0002:0000C82C       .1
 0002:0000A928       .1
 0002:0000AC48       .1
 0002:0000AC44       .1
 0002:0000A93C       .1
 0002:0000C700       .1
 0002:0000A970       .1
 0002:0000C834       .1
 0002:0000C838       .1
 0002:0000AC34       .1
 0002:0000A890       .1
 0002:0000C858       .1
 0002:0000AA44       .1
 0002:0000AA54       .1
 0002:0000AA5C       .1
 0002:0000AA60       .1
 0002:0000AA64       .1
 0002:0000AA68       .1
 0002:0000AA6C       .1
 0002:0000AA70       .1
 0002:0000AAC4       .1
 0002:0000AAB4       .1
 0002:0000AA74       .1
 0002:0000C6FC       .1
 0002:0000AC24       .1
 0002:0000D86C       .1
 0002:0000AC18       .1
 0002:0000A67C       .1
 0002:0000A680       .1
 0002:0000C6EC       .1
 0002:0000AC0C       .1
 0002:0000C6F0       .1
 0002:0000D870       .1
 0002:0000AA78       .11
 0002:0000C6C4       .11
 0002:0000C76C       .12
 0002:0000A898       .12
 0002:0000AAB0       .12
 0002:0000C730       .2
 0002:0000C778       .2
 0002:0000C6E0       .2
 0002:0000DCB0       .2
 0002:0000AC38       .2
 0002:0000C81C       .2
 0002:0000A940       .2
 0002:0000A8F4       .2
 0002:0000AC40       .2
 0002:0000C7DC       .2
 0002:0000D87C       .2
 0002:0000C7A8       .2
 0002:0000D878       .2
 0002:0000AB28       .2
 0002:0000C7AC       .2
 0002:0000C80C       .2
 0002:0000C88C       .2
 0002:0000DCBC       .2
 0002:0000DCB8       .2
 0002:0000C6BC       .2
 0002:0000DC9C       .2
 0002:0000C7B0       .2
 0002:0000AABC       .2
 0002:0000C804       .2
 0002:0000DCC0       .2
 0002:0000C70C       .2
 0002:0000C78C       .2
 0002:0000DCAC       .2
 0002:0000C824       .2
 0002:0000D874       .2
 0002:0000C7FC       .2
 0002:0000C72C       .2
 0002:0000C770       .2
 0002:0000A8F8       .21
 0002:0000C710       .21
 0002:0000A848       .3
 0002:0000C848       .3
 0002:0000A948       .3
 0002:0000A94C       .3
 0002:0000AC2C       .3
 0002:0000A678       .3
 0002:0000C740       .3
 0002:0000AC3C       .3
 0002:0000AC20       .3
 0002:0000C764       .3
 0002:0000C6D8       .3
 0002:0000C760       .3
 0002:0000AAF8       .3
 0002:0000C704       .3
 0002:0000ABD0       .3
 0002:0000B168       .3
 0002:0000C7F0       .31
 0002:0000A794       .35
 0002:0000AB18       .36
 0002:0000C750       .4
 0002:0000D888       .4
 0002:0000C77C       .4
 0002:0000C708       .4
 0002:0000AC14       .4
 0002:0000C1A8       .4
 0002:0000AAC8       .4
 0002:0000AA58       .4
 0002:0000D880       .4
 0002:0000D884       .4
 0002:0000C788       .4
 0002:0000AC4C       .41
 0002:0000ABF4       .41
 0002:0000C6F8       .42
 0002:0000AB30       .42
 0002:0000A858       .45
 0002:0000C818       .5
 0002:0000A7FC       .5
 0002:0000C854       .5
 0002:0000C6C0       .5
 0002:0000DCB4       .5
 0002:0000A5BC       .5
 0002:0000C720       .5
 0002:0000AB00       .5
 0002:0000C780       .5
 0002:0000C7B4       .5
 0002:0000C79C       .501
 0002:0000A844       .6
 0002:0000AC1C       .6
 0002:0000A984       .6
 0002:0000C784       .6
 0002:0000C800       .61
 0002:0000AC60       .62
 0002:0000C6D4       .7
 0002:0000C754       .7
 0002:0000C850       .7
 0002:0000AC28       .7
 0002:0000B194       .71
 0002:0000AB54       .72
 0002:0000AB08       .72
 0002:0000AB34       .73
 0002:0000AB14       .8
 0002:0000C71C       .8
 0002:0000C6D0       .8
 0002:0000AAFC       .8
 0002:0000ABCC       .8
 0002:0000C75C       .81
 0002:0000C6B8       .81
 0002:0000A820       .81
 0002:0000C768       .9
 0002:0000C6AC       .9
 0002:0000ABE4       .9
 0002:0000C758       .9
 0002:0000C6B0       .91
 0002:0000AC30       .92
 0002:0000C774       .92
 0001:00001B54       @AbstractError
 0001:000026C0       @AfterConstruction
 0001:000024F4       @AsClass
 0001:000030B0       @Assert
 0001:00001CBC       @AStrCmp
 0001:000026D0       @BeforeDestruction
 0001:0000227C       @BoundErr
 0001:00002540       @CallDynaInst
 0001:00002668       @ClassCreate
 0001:000026B8       @ClassDestroy
 0001:00001BC4       @Close
 0001:000018D8       @Copy
 0001:0000414C       @CopyArray
 0001:00004030       @CopyRecord
 0001:000042B8       @DispCallByIDError
 0001:0000EA10       @DispInvokeError
 0001:00004254       @Dispose
 0001:00002B4C       @DoneExcept
 0001:00004850       @DynArrayAsg
 0001:00004814       @DynArrayClear
 0001:00004654       @DynArrayHigh
 0001:0000464C       @DynArrayLength
 0001:00004808       @DynArraySetLength
 0001:00002C34       @ExceptionHandler
 0001:00001AEC       @EXP
 0001:00001D2C       @FillChar
 0001:0000400C       @Finalize
 0001:00003F20       @FinalizeArray
 0001:00003ED4       @FinalizeRecord
 0001:00002558       @FindDynaInst
 0001:00002270       @FpuInit
 0001:000021AC       @FpuMaskInit
 0001:00001760       @FreeMem
 0001:00001740       @GetMem
 0001:000055F0       @GetTls
 0001:00003098       @Halt
 0001:00002FC0       @Halt0
 0001:000027E4       @HandleAnyException
 0001:00002A98       @HandleFinally
 0001:00002910       @HandleOnException
 0001:0000563C       @InitExe
 0001:00003EC8       @Initialize
 0001:00003E34       @InitializeArray
 0001:00003E04       @InitializeRecord
 0001:00002E68       @InitImports
 0001:00002E40       @InitResStringImports
 0001:00002E1C       @InitResStrings
 0001:00002E8C       @InitWideStrings
 0001:00001B04       @INT
 0001:00004F34       @IntfAddRef
 0001:00004F04       @IntfCast
 0001:00004EC0       @IntfClear
 0001:00004ED8       @IntfCopy
 0001:00002284       @IntOver
 0001:000024D0       @IsClass
 0001:0000217C       @isNECWindows
 0001:0008E3C4       @jcopy_block_row
 0001:0008E378       @jcopy_sample_rows
 0001:0008E350       @jdiv_round_up
 0001:00087EE4       @jinit_1pass_quantizer
 0001:00089158       @jinit_2pass_quantizer
 0001:00091B60       @jinit_color_converter
 0001:00087164       @jinit_color_deconverter
 0001:0008F484       @jinit_compress_master
 0001:0009165C       @jinit_c_coef_controller
 0001:00090960       @jinit_c_main_controller
 0001:000907C0       @jinit_c_master_control
 0001:00090E78       @jinit_c_prep_controller
 0001:0009254C       @jinit_downsampler
 0001:0008A8CC       @jinit_d_coef_controller
 0001:00089870       @jinit_d_main_controller
 0001:0008AC40       @jinit_d_post_controller
 0001:00092B70       @jinit_forward_dct
 0001:0008675C       @jinit_huff_decoder
 0001:000948B4       @jinit_huff_encoder
 0001:0008429C       @jinit_input_controller
 0001:0008AF28       @jinit_inverse_dct
 0001:0008E1F4       @jinit_marker_reader
 0001:0008FD04       @jinit_marker_writer
 0001:00084EB0       @jinit_master_decompress
 0001:00083C48       @jinit_memory_mgr
 0001:00086D08       @jinit_merged_upsampler
 0001:00085B9C       @jinit_phuff_decoder
 0001:0009367C       @jinit_phuff_encoder
 0001:0008B488       @jinit_upsampler
 0001:0008E3E4       @jpeg_abort
 0001:0008E45C       @jpeg_alloc_huff_table
 0001:0008E444       @jpeg_alloc_quant_table
 0001:0009392C       @jpeg_fdct_float
 0001:000936C0       @jpeg_fdct_ifast
 0001:00086044       @jpeg_fill_bit_buffer
 0001:00083D54       @jpeg_free_large
 0001:00083D44       @jpeg_free_small
 0001:000945F8       @jpeg_gen_optimal_table
 0001:00083D4C       @jpeg_get_large
 0001:00083D3C       @jpeg_get_small
 0001:00086190       @jpeg_huff_decode
 0001:0008C4BC       @jpeg_idct_1x1
 0001:0008C2CC       @jpeg_idct_2x2
 0001:0008BF18       @jpeg_idct_4x4
 0001:0008B6A0       @jpeg_idct_float
 0001:0008BAE4       @jpeg_idct_ifast
 0001:00093DE8       @jpeg_make_c_derived_tbl
 0001:00085D48       @jpeg_make_d_derived_tbl
 0001:00083D5C       @jpeg_mem_available
 0001:00083D78       @jpeg_mem_init
 0001:00083D7C       @jpeg_mem_term
 0001:00083D68       @jpeg_open_backing_store
 0001:0008E0C0       @jpeg_resync_to_restart
 0001:0008F248       @jpeg_suppress_tables
 0001:0008E360       @jround_up
 0001:0008E3D4       @jzero_far
 0001:00003620       @LStrAddRef
 0001:00003178       @LStrArrayClr
 0001:000031A8       @LStrAsg
 0001:00003438       @LStrCat
 0001:0000347C       @LStrCat3
 0001:000034F0       @LStrCatN
 0001:00003154       @LStrClr
 0001:0000357C       @LStrCmp
 0001:00003690       @LStrCopy
 0001:000036D0       @LStrDelete
 0001:000033C4       @LStrFromArray
 0001:0000333C       @LStrFromChar
 0001:0000334C       @LStrFromPChar
 0001:00003244       @LStrFromPCharLen
 0001:0000337C       @LStrFromPWChar
 0001:000032B0       @LStrFromPWCharLen
 0001:000033B8       @LStrFromString
 0001:000033DC       @LStrFromWArray
 0001:000033F8       @LStrFromWStr
 0001:00003718       @LStrInsert
 0001:000031EC       @LStrLAsg
 0001:00003430       @LStrLen
 0001:00003820       @LStrOfChar
 0001:00003774       @LStrPos
 0001:000037BC       @LStrSetLength
 0001:00003630       @LStrToPChar
 0001:0000340C       @LStrToString
 0001:00004240       @New
 0001:00003218       @NewAnsiString
 0001:00003854       @NewWideString
 0001:00001E90       @Pow10
 0001:00001C38       @PStrCmp
 0001:00001C1C       @PStrNCpy
 0001:00002AF8       @RaiseAgain
 0001:00002AD0       @RaiseExcept
 0001:00001780       @ReallocMem
 0001:00001B24       @ROUND
 0001:000030A4       @RunError
 0001:00001E50       @SetElem
 0001:00001E74       @SetEq
 0001:00002DDC       @StartExe
 0001:00000320       @strlen
 0001:00001B30       @TRUNC
 0001:00002B7C       @TryFinallyExit
 0001:00003688       @UniqueStringA
 0001:0000441C       @ValInt64
 0001:00001D4C       @ValLong
 0001:0001562C       @VarAdd
 0001:00014BD8       @VarAddRef
 0001:0000F540       @VarCast
 0001:0000ECFC       @VarClear
 0001:0000ED10       @VarClr
 0001:00003F08       @VarClr
 0001:00015638       @VarCmpEQ
 0001:00004018       @VarCopy
 0001:0000F024       @VarCopy
 0001:0000F2A4       @VarCopyNoInd
 0001:000132AC       @VarFromBool
 0001:00013138       @VarFromByte
 0001:000132FC       @VarFromCurr
 0001:00013254       @VarFromCurrency
 0001:00013280       @VarFromDate
 0001:000133F0       @VarFromDisp
 0001:00013228       @VarFromDouble
 0001:000130DC       @VarFromInt
 0001:000131D8       @VarFromInt64
 0001:00013118       @VarFromInteger
 0001:000133C4       @VarFromIntf
 0001:00013178       @VarFromLongWord
 0001:00013310       @VarFromLStr
 0001:0001333C       @VarFromPStr
 0001:000132D4       @VarFromReal
 0001:00013198       @VarFromShortInt
 0001:00013204       @VarFromSingle
 0001:000131B8       @VarFromSmallInt
 0001:000132E8       @VarFromTDateTime
 0001:00013158       @VarFromWord
 0001:0001338C       @VarFromWStr
 0001:0000EA64       @VarNull
 0001:0001422C       @VarOp
 0001:00010D0C       @VarToBool
 0001:000109C4       @VarToBoolean
 0001:0000FE04       @VarToByte
 0001:00011BB0       @VarToCurrency
 0001:00011648       @VarToDate
 0001:00013030       @VarToDisp
 0001:00010ED8       @VarToDouble
 0001:000103C8       @VarToInt64
 0001:0000F904       @VarToInteger
 0001:00012F64       @VarToIntf
 0001:0001007C       @VarToLongWord
 0001:00012264       @VarToLStr
 0001:00011254       @VarToReal
 0001:0000FD54       @VarToShortInt
 0001:00011270       @VarToSingle
 0001:0000FEAC       @VarToSmallInt
 0001:0000FFA4       @VarToWord
 0001:0001298C       @VarToWStr
 0001:00003DE4       @WStrAddRef
 0001:00003894       @WStrArrayClr
 0001:000038B8       @WStrAsg
 0001:00003A48       @WStrCat
 0001:00003AA8       @WStrCat3
 0001:00003B0C       @WStrCatN
 0001:0000387C       @WStrClr
 0001:00003B54       @WStrCmp
 0001:00003BD8       @WStrCopy
 0001:00003C24       @WStrDelete
 0001:00003A1C       @WStrFromLStr
 0001:000039A4       @WStrFromPChar
 0001:000038E4       @WStrFromPCharLen
 0001:000039D4       @WStrFromPWChar
 0001:00003970       @WStrFromPWCharLen
 0001:00003A10       @WStrFromString
 0001:00003994       @WStrFromWChar
 0001:00003CB4       @WStrInsert
 0001:000038DC       @WStrLAsg
 0001:00003A3C       @WStrLen
 0001:00003D50       @WStrPos
 0001:00003DA0       @WStrSetLength
 0001:00003A2C       @WStrToPWChar
 0001:00001E2C       @_CLenToPasStr
 0001:00001E20       @_CToPasStr
 0001:000018A8       @_IOTest
 0001:000042E4       @_lldiv
 0001:00004360       @_llmod
 0001:000042C0       @_llmul
 0001:000043DC       @_llshl
 0001:000043FC       @_llushr
 0001:0005009C       AbsMin
 0001:0000B840       AbstractErrorHandler
 0002:0000A02C       AbstractErrorProc
 0001:00074E68       AccCtrl
 0002:00000140       AccessMode
 0002:00008AB8       AccessMode
 0001:00001810       AcquireExceptionObject
 0001:000188A4       ActivateClassGroup
 0001:00005F00       ActivateKeyboardLayout
 0002:0000AB88       ActiveDrag
 0001:00016190       ActiveX
 0001:0005F530       ActnList
 0001:0000044C       AddBlockAfter
 0001:000C69E0       AddCDATASection
 0002:000005F0       AddDataModule
 0001:00007744       AddExitProc
 0001:0001C668       AddFinished
 0001:00062D2C       AddIn
 0001:00004D54       AddModuleUnloadProc
 0001:00004D64       AddModuleUnloadProc
 0001:0001C6A0       AddNotFinished
 0001:0001D0C4       AddSubComponentsToLoaded
 0001:0001F56C       AddThread
 0001:00024DC0       AdjustColor
 0001:000AAF48       AdjustColors
 0001:00031AFC       AdjustColors
 0001:0006A73C       Adjustment
 0001:000D7C2C       AdjustRect
 0001:00005F08       AdjustWindowRectEx
 0001:000CD2F0       adler32
 0002:00000EE8       Alignments
 0002:0000117C       Alignments
 0002:000042FC       Alignments
 0002:00000B1C       Alignments
 0002:00004348       Alignments
 0002:00004474       Alignments
 0002:00000EA4       Alignments
 0002:0000116C       Alignments
 0002:00000D88       AlignStyles
 0001:000719E4       AlignWork
 0001:0005586C       AlignWork
 0001:00020D94       AllocateHWnd
 0001:0006A208       AllocateHWnd
 0001:00096208       AllocateHWndEx
 0001:0007F270       AllocateMultiSz
 0001:0002E504       AllocFilterStr
 0002:000025A8       AllocGranularity
 0001:000076F8       AllocMem
 0002:0000A5B4       AllocMemCount
 0002:0000A5B8       AllocMemSize
 0001:0002A4A8       AllocPatternBitmap
 0001:00005598       AllocTlsBuffer
 0001:00098B7C       AlphaBlend
 0002:0000C7E4       AlphaTable
 0002:0000C7EC       alpha_ptr
 0002:00000F58       AnchorAlign
 0002:00000F4C       AnimateWindowProc
 0002:00001054       AnimationStyle
 0002:0000AC68       AnsiCaseMap
 0002:00001CD8       AnsiCaseMapReady
 0002:0000AF68       AnsiCharTypes
 0001:00007924       AnsiCompareStr
 0001:0000795C       AnsiCompareText
 0001:000080D0       AnsiLastChar
 0001:00005F10       AnsiLower
 0001:000078F0       AnsiLowerCase
 0001:0000C1F8       AnsiLowerCaseFileName
 0001:0000C1C0       AnsiPos
 0002:0000AC10       AnsiReplacementCharacter
 0001:00067540       AnsiSameCaption
 0001:00007994       AnsiSameText
 0001:000079AC       AnsiStrLIComp
 0001:0000C284       AnsiStrPos
 0001:0000C324       AnsiStrRScan
 0001:0000C34C       AnsiStrScan
 0001:00005334       AnsiToUtf8
 0001:000078BC       AnsiUpperCase
 0001:00013840       AnyOp
 0001:00012EEC       AnyToIntf
 0001:000096EC       AppendChars
 0001:00009AB0       AppendFormat
 0001:00009750       AppendNumber
 0001:00009730       AppendString
 0002:0000ABEC       Application
 0002:00000600       ApplicationHandleException
 0002:00000608       ApplicationShowException
 0002:000012A8       AppVisible
 0001:0000B824       AssertErrorHandler
 0002:0000A024       AssertErrorProc
 0001:00094FC4       AssignBitmapCell
 0001:00015BC0       AssignLongStr
 0001:00015F64       AssignVariant
 0002:00000E1C       AutoExpandStyles
 0002:0000A60C       avail
 0002:000038F8       B64Table
 0001:00008328       BackfillGetDiskFreeSpaceEx
 0001:00052C30       BackgroundClipped
 0001:0000D8B4       BackupVarBoolFromStr
 0001:0000DA14       BackupVarBStrFromBool
 0001:0000D934       BackupVarBStrFromCy
 0001:0000D9A4       BackupVarBStrFromDate
 0001:0000D848       BackupVarCyFromStr
 0001:0000D7DC       BackupVarDateFromStr
 0001:0000D698       BackupVarI4FromStr
 0001:0000D644       BackupVariantChangeTypeEx
 0001:0000D704       BackupVarR4FromStr
 0001:0000D770       BackupVarR8FromStr
 0002:0000706C       Base64Map
 0002:00000438       BaseTypeMap
 0002:0000CDB4       base_dist
 0002:00007520       base_dist_const
 0002:0000CD40       base_length
 0002:000074AC       base_length_const
 0001:0000BE18       Beep
 0001:00018BFC       BeginGlobalLoading
 0001:00005F18       BeginPaint
 0001:00003108       BeginThread
 0001:00024DCC       BetterSize
 0002:0000C7E8       bias_ptr
 0001:00063BA0       BiDiDraw
 0001:0001F458       BinToHex
 0001:00005C78       BitBlt
 0001:00080F20       BitBlt
 0002:00000CCC       BitBtnCaptions
 0002:0000AACC       BitBtnGlyphs
 0002:00000CF8       BitBtnModalResults
 0002:00000CA0       BitBtnResNames
 0002:000009B0       BitCounts
 0002:000009A8       BitmapCanvasList
 0002:0000A8B0       BitmapImageLock
 0002:00008D58       BitmapInfoHeader
 0001:000CFD2C       BITSS
 0002:00008CD4       BitTable
 0002:00008D18       BitTable
 0001:0000D680       BiUnimplemented
 0001:000CE5C4       bi_flush
 0001:000CD9AC       bi_reverse
 0001:000CDEB4       bi_windup
 0002:0000C7D4       BlendLine
 0002:0000C7D8       BlendLineEx
 0002:0000C7C8       BlendMem
 0002:0000C7D0       BlendMemEx
 0002:0000C7C4       BlendReg
 0002:0000C7CC       BlendRegEx
 0002:000006C4       BlockCode
 0002:0000A5E4       blockDescBlockList
 0002:0000A5E8       blockDescFreeList
 0002:00007038       bLowerToUpperListSetup
 0002:0000CE2C       bl_order
 0002:00007598       bl_order_const
 0002:000005D4       BooleanIdents
 0002:00000434       BooleanToStringRule
 0002:000043AC       BooleanValues
 0002:000038F0       BooleanValues
 0002:00007068       BoolStr
 0002:00003434       BoolToStr
 0001:00007ECC       BoolToStr
 0001:00011FEC       BoolToWStrViaOS
 0002:00004340       BorderStyles
 0002:00000B14       BorderStyles
 0002:00000DD4       BorderStyles
 0002:00000E9C       BorderStyles
 0001:000057B4       Bounds
 0001:00017BA0       Bounds
 0002:00001114       Breaks
 0002:0000A8E8       BrushManager
 0001:000822D4       BuildColorMap
 0001:000D8A38       BuildHeader
 0001:00066354       BuildImage
 0001:0008222C       BuildPalette
 0001:000CDD78       build_bl_tree
 0001:000CDA34       build_tree
 0002:00007034       bUpperToLowerListSetup
 0002:00000ABC       ButtonCaptions
 0002:00000D28       ButtonCount
 0002:00004260       ButtonNames
 0002:00000A90       ButtonNames
 0002:00001190       Buttons
 0001:000368F0       Buttons
 0002:00000EE0       ButtonStyles
 0002:00000DEC       ButtonStyles
 0002:0000AA84       ButtonWidths
 0001:000D0464       BYTEBITS
 0002:00007040       byteMark
 0002:0000703C       byteMask
 0001:000D396C       BytesForPixels
 0001:000245AC       BytesPerScanline
 0001:000D3960       ByteSwap
 0001:000D3964       ByteSwap16
 0001:00024904       ByteSwapColors
 0001:0000BEFC       ByteToCharIndex
 0001:0000BED4       ByteToCharLen
 0001:0000BE98       ByteType
 0001:0000BE20       ByteTypeTest
 0001:000AD918       bzip2
 0002:0000ABD4       CachedComCtrlVer
 0002:000025B0       CachedGetProcessorArchitecture
 0002:00001C50       CachedIsWindows64
 0002:00000DCC       cAddMode
 0001:00020CD0       CalcJmpOffset
 0001:0005D590       CalcSplitterPos
 0001:00079980       CallCPUID
 0001:00005F20       CallNextHookEx
 0001:0000CB4C       CallTerminateProcs
 0001:00005F28       CallWindowProc
 0001:000AD250       CancelAutoHintShown
 0001:000510D4       CancelDrag
 0002:0000A8EC       CanvasList
 0002:0000AB9C       CanvasList
 0002:00000A68       Captions
 0002:00001010       CaptureControl
 0002:0000B59C       CaseMapping
 0002:0000B19C       Categories
 0002:000010B4       cBooleanToItemAutoFlag
 0002:000004E4       CBooleanToRelationship
 0002:0000718C       CBuiltInColorSchemes
 0002:00004314       CCaption
 0002:0000430C       cCaptionButton
 0002:0000BD9C       CCCs
 0002:000043FC       cCloseAction
 0002:00004254       cDefaultPixelsPerInch
 0002:00004330       CDown
 0002:00004320       CDrawFlags
 0002:00004318       CElements
 0002:00004334       CEnabled
 0001:000057D0       CenterPoint
 0001:0002DE14       CenterWindow
 0002:0000AABA       CF_COMPONENT
 0002:0000AAB8       CF_PICTURE
 0002:0000A818       ChangeAnyProc
 0001:0004F600       ChangeBiDiModeAlignment
 0001:00008150       ChangeFileExt
 0002:0000C83C       ChangeWindowMessageFilter
 0002:0000C840       ChangeWindowMessageFilterEx
 0002:00000EC4       CharCases
 0001:00003274       CharFromWChar
 0001:0007F110       CharIsLower
 0001:00078C38       CharIsLower
 0001:00078C4C       CharIsUpper
 0001:0007F124       CharIsUpper
 0001:0000C0D0       CharLength
 0001:00005F30       CharLowerBuff
 0001:00005F38       CharLowerBuffA
 0001:00005F40       CharNext
 0001:00000290       CharNext
 0001:00022DAC       CharsetToIdent
 0001:000BF8B8       CharsToOctet
 0001:000BF87C       CharTo6Bit
 0001:0000BFE4       CharToByteIndex
 0001:0000C048       CharToByteLen
 0001:00005F48       CharToOemA
 0001:00005F50       CharUpperBuff
 0001:00005F58       CharUpperBuffA
 0001:00025394       CheckBool
 0001:00002760       CheckJmp
 0001:000DB16C       CheckLst
 0001:00005F60       CheckMenuItem
 0002:00001104       Checks
 0001:000BD720       checkstr
 0001:0001D100       CheckSubComponents
 0001:0001F584       CheckSynchronize
 0001:0006A120       CheckTaskWindow
 0001:00095DF4       CheckTaskWindow
 0001:0001381C       CheckType
 0001:00050D88       CheckUndock
 0001:0000BD0C       CheckWin32Version
 0002:000038E8       cHexPrefix
 0002:0000D894       ChunkClasses
 0002:00000450       CInvalidCustomVariantType
 0002:000010B8       cItemAutoFlagToBoolean
 0002:000010B0       cItemAutoFlagToMenu
 0001:00020F20       Classes
 0001:00018668       ClassNotFound
 0002:0000A814       ClearAnyProc
 0001:0002263C       ClearColor
 0001:000785C8       ClearExcepInfo
 0002:00008D88       ClearFlag
 0001:000811FC       ClearInfoList
 0001:000151D8       ClearVariantTypeList
 0001:000CE698       CLEAR_HASH
 0001:00005F68       ClientToScreen
 0001:0005AB34       ClientToWindow
 0002:000009A0       ClipboardFormats
 0001:00032DF4       Clipbrd
 0001:00005F70       CloseClipboard
 0001:00005950       CloseHandle
 0002:0000A98C       CloseThemeData
 0002:0000435C       CLSID_TaskbarList
 0002:0000A040       CmdLine
 0002:0000A03C       CmdShow
 0002:000010AC       cMenuAutoFlagToItem
 0002:000004F0       CmpTypeMap
 0001:0000D68C       CmpUnimplemented
 0002:00004310       cNormalButton
 0002:00001C80       CoAddRefServerProcess
 0001:0001613C       CoCreateInstance
 0002:00001C78       CoCreateInstanceEx
 0001:0007EC54       CodePageFromLocale
 0002:00001C90       CoInitFlags
 0001:0001612C       CoInitialize
 0002:00001C7C       CoInitializeEx
 0002:00000720       Colors
 0001:00022BA4       ColorToIdent
 0002:00000B28       ColorToPretyName
 0001:00022B94       ColorToRGB
 0002:0000344C       ColorValues
 0002:00008CB8       ColumnIncrement
 0002:00008C80       ColumnStart
 0002:0000C7C0       CombineMem
 0002:0000C7BC       CombineReg
 0001:00005C80       CombineRgn
 0002:0000AC54       ComClassManagerVar
 0001:00077A40       ComConst
 0002:0000A900       ComCtl32DLL
 0002:0000AB24       ComCtlVersion
 0001:00044FF8       ComCtrls
 0002:0000ABE8       CommandPool
 0001:0002AE48       CommCtrl
 0001:0002D708       CommDlg
 0001:0000072C       Commit
 0002:0000A628       committedRoot
 0001:00078890       ComObj
 0001:00062310       CompareFront
 0001:00007824       CompareMem
 0001:000077F4       CompareStr
 0001:00005958       CompareString
 0001:00005960       CompareStringA
 0001:00005968       CompareStringW
 0001:00007844       CompareText
 0001:0007ECC8       CompareTextWin95
 0001:0007EDD0       CompareTextWinNT
 0001:00007DF4       CompareWith
 0001:0001D1E0       ComponentCreated
 0002:0000C1A4       Compositions
 0002:000043C8       CompressionMethodNames
 0001:000D3D64       CompressZLIB
 0001:000CDFB8       compress_block
 0001:00025164       ComputeAldusChecksum
 0001:00032DB0       ComStrs
 0002:0000C9C8       configuration_table
 0001:000AEE88       ConstructPipe
 0001:000212DC       Consts
 0001:0002AA2C       Contnrs
 0002:0000AB5A       ControlAtom
 0002:0000AB60       ControlAtomString
 0001:0006F224       ControlHasHelp
 0001:0005E238       Controls
 0002:000042B4       Conversions
 0002:00000634       Convert
 0002:00000624       Convert
 0001:0000B238       ConvertAddr
 0001:00009840       ConvertEraString
 0001:000076D4       ConvertErrorFmt
 0001:000099A8       ConvertYearString
 0001:000D8ADC       CopyAlphaToBitmap
 0001:0000465C       CopyArray
 0001:000277E4       CopyBitmap
 0001:00027EAC       CopyBitmapAsMask
 0001:00005C88       CopyEnhMetaFile
 0001:000366A0       CopyImage
 0001:00035C68       CopyImage
 0001:0000649C       CopyMemory
 0001:00027E48       CopyPalette
 0001:00094CFC       CopyParentImage
 0002:00000E38       Copyright
 0001:00065400       CopyToBest
 0001:000CDEF8       copy_block
 0002:00001C84       CoReleaseServerProcess
 0002:00001C88       CoResumeClassObjects
 0002:00001C8C       CoSuspendClassObjects
 0001:00016134       CoUninitialize
 0001:0000BF54       CountChars
 0002:0000A8C8       CounterLock
 0002:0000436C       cProgressStates
 0001:0007BA68       CPUID
 0002:00000454       CRangeToType
 0002:0000D898       crc_table
 0002:0000DC98       crc_table_computed
 0002:000038D8       crDragAlt
 0001:0000B768       CreateAssertException
 0001:0000B8F0       CreateAVObject
 0001:00005C90       CreateBitmap
 0001:00005C98       CreateBrushIndirect
 0001:000D3AE0       CreateClassChunk
 0001:00077DA0       CreateComObject
 0001:00005CA0       CreateCompatibleBitmap
 0001:00005CA8       CreateCompatibleDC
 0001:0001D260       CreateComponent
 0001:00005CB8       CreateDIBitmap
 0001:00005CB0       CreateDIBSection
 0001:000083B4       CreateDir
 0001:00005970       CreateDirectory
 0001:00095658       CreateDisabledBitmapEx
 0001:000AEE3C       CreateDuplicate
 0001:00005978       CreateEvent
 0001:00005980       CreateFile
 0001:00005990       CreateFileMapping
 0001:00005988       CreateFileW
 0001:00005CC0       CreateFontIndirect
 0001:00005CC8       CreateHalftonePalette
 0001:00005F78       CreateIcon
 0001:0000B694       CreateInOutError
 0001:00005F80       CreateMenu
 0001:000B1D64       CreateMenuItemPainterFromStyle
 0001:0002F204       CreateMessageDialog
 0002:00004390       CreateObjectExportName
 0001:00005CD0       CreatePalette
 0001:00005CD8       CreatePenIndirect
 0001:00005998       CreatePipe
 0001:00005F88       CreatePopupMenu
 0001:000059A0       CreateProcess
 0001:00005CE0       CreateRectRgn
 0001:00005CE8       CreateRectRgnIndirect
 0001:00080D3C       CreateScreenCompatibleDC
 0001:00005CF0       CreateSolidBrush
 0001:0002495C       CreateSystemPalette
 0001:00000298       CreateThread
 0001:000059A8       CreateThread
 0001:000065C0       CreateWindow
 0001:00006568       CreateWindowEx
 0001:0009DFA4       CreateWMMessage
 0002:00000F50       CreationControl
 0002:00000A04       CreationControl
 0002:00004414       CreationFlagsValues
 0002:000005C0       CRelationshipToBoolean
 0002:00000418       CResult
 0002:000038DC       crMultiDragAlt
 0002:000038D4       crMultiDragLink
 0002:000038E0       crMultiDragLinkAlt
 0002:00000F3C       CSHREDRAW
 0002:00000138       cSimpleBoolStrs
 0002:00004378       cTBPFFlags
 0002:0000056C       CText
 0002:0000104C       Ctl3DStyles
 0002:0000A620       curAlloc
 0001:0001452C       CurrCompare
 0002:0000A68C       CurrencyDecimals
 0002:0000A688       CurrencyFormat
 0002:0000A684       CurrencyString
 0002:0000C7F4       currentXPPainter
 0001:000096D8       CurrentYear
 0001:00013E28       CurrOp
 0001:00009234       CurrToStr
 0001:00011F7C       CurrToWStrViaOS
 0002:0000122C       CursorMap
 0002:00000F60       Cursors
 0001:0004F920       CursorToIdent
 0002:0000121C       cUseAlpha
 0002:00001224       cUseColorKey
 0002:00008AA8       CUTF16BE
 0002:00008AAC       CUTF16LE
 0002:00008AA0       CUTF32BE
 0002:00008AA4       CUTF32LE
 0002:00008AB4       CUTF7
 0002:00008AB0       CUTF8
 0002:0000428C       cUtilWindowExClass
 0002:00000310       CVarTypeToElementInfo
 0001:00007B04       CvtInt
 0001:00007B70       CvtInt64
 0002:00000178       CWNear
 0002:00000F44       Data
 0001:00076CC0       DataError
 0001:00014504       DateCompare
 0001:00013960       DateOp
 0002:0000A68D       DateSeparator
 0001:0000A2F0       DateTimeToStr
 0001:0000A264       DateTimeToString
 0001:00009330       DateTimeToTimeStamp
 0001:0000A2C0       DateToStr
 0001:00011FB4       DateToWStrViaOS
 0001:000BEDBC       DateUtils
 0002:0000388C       Day
 0001:000096B0       DayOfWeek
 0002:00008154       dbase
 0002:00000174       DCon10
 0002:0000071C       DDBsOnly
 0001:0006A21C       DeallocateHWnd
 0001:00020E48       DeallocateHWnd
 0001:000962EC       DeallocateHWndEx
 0002:00000028       DebugHook
 0002:0000A68B       DecimalSeparator
 0001:00009690       DecodeDate
 0001:00009544       DecodeDateFully
 0001:000BEAFC       DecodeDateTime
 0001:000093E4       DecodeTime
 0001:000007C0       Decommit
 0001:00000DDC       DecommitFree
 0002:0000A5FC       decommittedRoot
 0002:0000B99C       Decompositions
 0001:000D3C70       DecompressZLIB
 0002:00007058       DefaulCaseSensitive
 0001:00072624       Default
 0001:0006CEAC       Default
 0002:00000020       Default8087CW
 0002:00007060       DefaultBOM
 0002:00000F54       DefaultDockTreeClass
 0002:0000705C       DefaultEncoding
 0002:00007064       DefaultIndentText
 0002:00004434       DefaultMarginColor
 0002:00007050       DefaultNameTable
 0002:000070C0       DefaultNameTableImpl
 0002:00007054       DefaultPreserveWhiteSpace
 0001:0003FE84       DefaultTreeViewSort
 0002:0000A5C0       DefaultUserCodePage
 0002:00000970       DefBrushData
 0002:00004258       DefCompanyName
 0002:000006F0       DefFontData
 0001:00005F90       DefFrameProc
 0001:000CE6B8       deflate
 0001:000CE9C8       deflateEnd
 0001:000CEC1C       deflateInit2_
 0001:000CEECC       deflateInit_
 0001:000CEB6C       deflateReset
 0001:000CF274       deflate_fast
 0001:000CF434       deflate_slow
 0001:000CE4C4       deflate_stored
 0002:00000204       DefLongDayNames
 0002:000001B8       DefLongMonthNames
 0001:00005F98       DefMDIChildProc
 0002:00000950       DefPenData
 0002:000001E8       DefShortDayNames
 0002:00000188       DefShortMonthNames
 0001:00005FA0       DefWindowProc
 0001:000048A8       DelayLoadResourceModule
 0001:0000047C       DeleteBlock
 0001:000003EC       DeleteCriticalSection
 0001:000059B0       DeleteCriticalSection
 0001:00005CF8       DeleteDC
 0001:00005D00       DeleteEnhMetaFile
 0001:00000C24       DeleteFree
 0001:00005FA8       DeleteMenu
 0001:00005D08       DeleteObject
 0001:000811D8       DeleteType
 0001:000273A0       DeselectBitmap
 0001:00097C24       DesignerSelectComponent
 0002:0000C738       DesignerSelectComponentProc
 0001:00094C38       DestroyAppStoragePropertyEngineList
 0001:00005FB0       DestroyCursor
 0001:00005FB8       DestroyIcon
 0001:000367B0       DestroyLocals
 0001:00005FC0       DestroyMenu
 0001:00005FC8       DestroyWindow
 0002:00008194       dext
 0001:0004CB8C       DialogEnumerationTester
 0001:0002DEC8       DialogHook
 0001:0002FA74       Dialogs
 0002:000009AC       DIBPalSizes
 0002:0000008C       dig
 0001:000080AC       DirectoryExists
 0001:00069F74       DisableTaskWindows
 0001:00077FDC       DispatchInvoke
 0001:000785BC       DispatchInvokeError
 0001:0009E13C       DispatchIsDesignMsg
 0001:00005FD0       DispatchMessage
 0001:00070504       DispatchShortCut
 0001:000785D8       DispCall
 0001:000786BC       DispCallByID
 0002:0000A000       DispCallByIDProc
 0001:000784E8       DispCallError
 0002:000081D4       distfix
 0001:000076B8       DivMod
 0001:0009E04C       DlgCodesToDlgc
 0001:0009DFF4       DlgcToDlgCodes
 0001:0002D740       Dlgs
 0001:000CD22C       DO1
 0001:000CD2D8       DO16
 0001:000CD284       DO2
 0001:000CD2A0       DO4
 0001:000CD2BC       DO8
 0001:00071898       DoAlign
 0001:000556FC       DoAlign
 0001:000597F4       DoCalcConstraints
 0002:0000AB90       DockSiteList
 0001:00066020       DoClick
 0001:00056E40       DoControlMsg
 0001:00069F24       DoDisableWindow
 0001:000506B4       DoDragOver
 0001:00007718       DoExitProc
 0001:0005B864       DoFindControlZone
 0001:0006A060       DoFindWindow
 0001:0005BDF0       DoFindZone
 0001:0005B8E8       DoForEach
 0001:0005D1F4       DoGetNextLimit
 0001:00069EEC       DoneApplication
 0001:0005DF60       DoneControls
 0001:0000BC1C       DoneExceptions
 0001:0006E880       DoNestedActivation
 0001:0001F520       DoneThreadSynchronization
 0001:000B00A0       DoOutput
 0001:000552BC       DoPosition
 0001:000716E8       DoPosition
 0001:0005C81C       DoPrune
 0001:00030FBC       DoRect
 0001:0005CCF4       DoSaveZone
 0001:0005CEF8       DoSetNewBounds
 0001:000B0108       DoTab
 0002:000045CC       doti
 0002:000005DC       DotSep
 0001:000DC8F0       DownloadFile
 0002:00000D2C       DownStyles
 0001:00060970       DoWrite
 0001:000970DC       DoWrite
 0001:000264BC       DoWrite
 0001:0001A510       DoWrite
 0001:000255EC       DoWrite
 0001:00056428       DoWriteDesignSize
 0001:00053D80       DoWriteIsControl
 0002:0000AB74       DragCapture
 0002:0000AB68       DragControl
 0001:00050DFC       DragDone
 0001:00050664       DragFindTarget
 0001:00050638       DragFindWindow
 0002:0000AB8C       DragImageList
 0001:00050A54       DragInit
 0001:00050BC4       DragInitControl
 0002:0000AB70       DragInternalObject
 0001:00050580       DragMessage
 0002:0000AB6C       DragObject
 0002:0000AB98       DragSave
 0002:0000AB80       DragSaveCursor
 0002:0000AB78       DragStartPos
 0002:00000E04       DragStyles
 0002:0000AB84       DragThreshold
 0001:00050784       DragTo
 0001:00072660       DrawAppIcon
 0002:0000425C       DrawBitmap
 0001:00095608       DrawBitmapTransparent
 0001:00033B08       DrawButtonFace
 0001:0005C388       DrawCloseButton
 0001:0009DDFC       DrawDotNetControl
 0001:0009DD5C       DrawDotNetControl
 0001:00005FD8       DrawEdge
 0001:00005FE0       DrawFocusRect
 0001:00005FE8       DrawFrameControl
 0001:0005C3E0       DrawGrabberLine
 0001:00005FF0       DrawIcon
 0001:00005FF8       DrawIconEx
 0002:00001088       DrawingStyles
 0001:00006000       DrawMenuBar
 0001:00067360       DrawMenuItem
 0001:0009D01C       DrawStr
 0001:00080EC4       DrawText
 0001:00006008       DrawText
 0001:00080EF4       DrawText
 0001:00080E90       DrawText
 0001:00006010       DrawTextA
 0002:0000A990       DrawThemeBackground
 0001:00097720       DrawThemedBackground
 0001:000976F4       DrawThemedBackground
 0002:0000A9B4       DrawThemeEdge
 0002:0000A9B8       DrawThemeIcon
 0002:0000AA3C       DrawThemeParentBackground
 0002:0000A994       DrawThemeText
 0001:000D3624       DrawTransparentBitmap
 0001:000CFF0C       DROPBITS
 0001:00098494       DupBits
 0001:0002442C       DupBits
 0001:000059B8       DuplicateHandle
 0001:00004674       DynArrayClear
 0001:0000467C       DynArraySetLength
 0001:000CDF98       d_code
 0002:00001174       EdgeStyle
 0002:0000103C       EdgeStyles
 0002:00000DF4       EditStyles
 0001:0000B668       EHeapException.FreeInstance
 0001:000818BC       EmitMessage
 0001:00006018       EmptyClipboard
 0001:00014390       EmptyCompare
 0001:00013D90       EmptyOp
 0002:0000A800       EmptyParam
 0002:000000BC       EmptyStr
 0002:000070AC       EmptyVar
 0002:000000C0       EmptyWideStr
 0001:00006020       EnableMenuItem
 0002:0000110C       Enables
 0001:00006028       EnableScrollBar
 0001:0006A028       EnableTaskWindows
 0002:0000AA24       EnableThemeDialogTexture
 0002:0000AA40       EnableTheming
 0001:00006030       EnableWindow
 0001:000BEA94       EncodeDateTime
 0002:000043B4       EncryptionMethodNames
 0001:00018C84       EndGlobalLoading
 0001:00006038       EndPaint
 0001:0000314C       EndThread
 0001:000C6BC4       EndWithCRLF
 0001:000059C0       EnterCriticalSection
 0001:000003DC       EnterCriticalSection
 0001:000C47F4       EnumAttrValue
 0001:000059C8       EnumCalendarInfoA
 0002:0000A924       EnumDisplayMonitors
 0001:0000AEAC       EnumEraNames
 0001:0000AEE8       EnumEraYearOffsets
 0001:0006D470       EnumMonitorsProc
 0001:00006040       EnumThreadWindows
 0001:0001CA10       EnumValue
 0001:00006048       EnumWindows
 0001:00077CD4       EOleException.Create
 0001:00077C04       EOleSysError.Create
 0001:000056B8       EqualRect
 0001:00006050       EqualRect
 0002:0000A754       EraNames
 0001:0000A568       EraToYear
 0002:0000A770       EraYearOffsets
 0002:00000064       errCaption
 0001:00062060       Error
 0001:0001C1F4       Error
 0001:0000189C       Error
 0001:0001820C       Error
 0002:00000004       ErrorAddr
 0001:00001850       ErrorAt
 0001:0000B714       ErrorHandler
 0002:00000220       ErrorMap
 0002:0000A008       ErrorProc
 0002:0000A3E8       ErrOutput
 0001:000CD400       ERR_MSG
 0001:000CD420       ERR_RETURN
 0001:000017F0       ExceptAddr
 0002:0000A00C       ExceptClsProc
 0001:0000BB88       ExceptHandler
 0001:0000B494       Exception.Create
 0001:0000B4D0       Exception.CreateFmt
 0001:0000B620       Exception.CreateHelp
 0001:0000B550       Exception.CreateRes
 0001:0000B58C       Exception.CreateResFmt
 0002:0000A01C       ExceptionClass
 0001:0000B244       ExceptionErrorMessage
 0002:00000258       ExceptMap
 0001:000017D0       ExceptObject
 0002:0000A010       ExceptObjProc
 0002:0000A004       ExceptProc
 0001:00005D10       ExcludeClipRect
 0002:00000000       ExitCode
 0001:00002F04       ExitDll
 0002:0000A048       ExitProc
 0001:000002A8       ExitProcess
 0002:0000A028       ExitProcessProc
 0002:00000134       ExitProcList
 0001:000002A0       ExitThread
 0001:000082EC       ExpandFileName
 0001:0002E1A0       ExplorerHook
 0001:00038A34       ExtActns
 0001:00032D00       ExtCtrls
 0001:00036948       ExtDlgs
 0002:00000F1C       ExtendSelects
 0001:00008218       ExtractFileDir
 0001:000082A4       ExtractFileExt
 0001:0000826C       ExtractFileName
 0001:0002E818       ExtractFileName
 0001:0002E860       ExtractFileNames
 0001:000081E4       ExtractFilePath
 0002:0000C97C       extra_blbits
 0002:00007698       extra_blbits_const
 0002:0000C890       extra_dbits
 0002:000075AC       extra_dbits_const
 0002:0000C908       extra_lbits
 0002:00007624       extra_lbits_const
 0001:00005D18       ExtTextOut
 0002:0000A790       FalseBoolStrs
 0002:0000DCA4       FCheckHeight
 0002:0000DCA0       FCheckWidth
 0002:0000AAC0       FClipboard
 0002:00000168       FCon1E18
 0001:000BF188       FetchTo
 0002:000070BC       FGetXMLIntend
 0001:00008034       FileAge
 0001:0000802C       FileClose
 0001:00007F94       FileCreate
 0001:00007F70       FileCreate
 0001:000DCF1C       FileCtrl
 0001:0000809C       FileExists
 0002:000009A4       FileFormats
 0002:00000008       FileMode
 0001:00007F18       FileOpen
 0001:00007F9C       FileRead
 0002:00000618       FilerSignature
 0001:00007FF4       FileSeek
 0001:000059D0       FileTimeToDosDateTime
 0001:000059D8       FileTimeToLocalFileTime
 0001:00007FC8       FileWrite
 0001:00000D0C       FillAfterGap
 0001:00000CB8       FillBeforeGap
 0001:00000DA4       FillerSizeAfterGap
 0001:00000D34       FillerSizeBeforeGap
 0001:00006058       FillRect
 0002:00000D34       FillStyles
 0001:000CD588       fill_window
 0001:000BEA54       Finalization
 0001:000BE5F0       Finalization
 0001:000BE5B0       Finalization
 0001:000BE310       Finalization
 0001:000BE2A4       Finalization
 0001:000BED8C       Finalization
 0001:0002A9FC       Finalization
 0001:00078AF8       Finalization
 0001:00078B48       Finalization
 0001:00016160       Finalization
 0001:000D1D88       Finalization
 0001:0002A700       Finalization
 0001:000160A0       Finalization
 0001:0002A4E0       Finalization
 0001:00078C84       Finalization
 0001:000BD658       Finalization
 0001:00078CC8       Finalization
 0001:000BD540       Finalization
 0001:000057FC       Finalization
 0001:000BC4FC       Finalization
 0001:000B6CB4       Finalization
 0001:00015884       Finalization
 0001:00078D00       Finalization
 0001:00015648       Finalization
 0001:00036918       Finalization
 0001:00078810       Finalization
 0001:00078D38       Finalization
 0001:000368B8       Finalization
 0001:000815C4       Finalization
 0001:0005E1D0       Finalization
 0001:000D2488       Finalization
 0001:000D2450       Finalization
 0001:0005F500       Finalization
 0001:00078D78       Finalization
 0001:000D27B8       Finalization
 0001:000D2418       Finalization
 0001:00074874       Finalization
 0001:00005680       Finalization
 0001:000B666C       Finalization
 0001:0002AE18       Finalization
 0001:00078DC0       Finalization
 0001:00006A80       Finalization
 0001:000D2870       Finalization
 0001:000B096C       Finalization
 0001:00005450       Finalization
 0001:00006748       Finalization
 0001:00006710       Finalization
 0001:00077A10       Finalization
 0001:000CA7D0       Finalization
 0001:00074CA4       Finalization
 0001:0008143C       Finalization
 0001:000779AC       Finalization
 0001:00077974       Finalization
 0001:000388C0       Finalization
 0001:000B038C       Finalization
 0001:000B0354       Finalization
 0001:000AE27C       Finalization
 0001:000AE0D4       Finalization
 0001:0007C398       Finalization
 0001:000ADF2C       Finalization
 0001:00038928       Finalization
 0001:0003898C       Finalization
 0001:000ADA74       Finalization
 0001:0002B598       Finalization
 0001:0002B5D8       Finalization
 0001:000AD8E8       Finalization
 0001:000AD8B0       Finalization
 0001:000389E4       Finalization
 0001:000778A4       Finalization
 0001:0002C5C0       Finalization
 0001:000610C0       Finalization
 0001:0002C608       Finalization
 0001:000AD828       Finalization
 0001:0002C640       Finalization
 0001:00038A3C       Finalization
 0001:000AD720       Finalization
 0001:000AD6E8       Finalization
 0001:000ACD9C       Finalization
 0001:000AC3C4       Finalization
 0001:0002C964       Finalization
 0001:000A8A78       Finalization
 0001:00076638       Finalization
 0001:000CAF50       Finalization
 0001:00076600       Finalization
 0001:0002CB10       Finalization
 0001:000CB03C       Finalization
 0001:00020E70       Finalization
 0001:000CBD98       Finalization
 0001:000212AC       Finalization
 0001:0007EE50       Finalization
 0001:000A86C4       Finalization
 0001:000D9954       Finalization
 0001:000CCC40       Finalization
 0001:000A8410       Finalization
 0001:0007EFC4       Finalization
 0001:000A6D98       Finalization
 0001:000A6A10       Finalization
 0001:000A56D4       Finalization
 0001:0009F154       Finalization
 0001:0007F2D0       Finalization
 0001:0009EB04       Finalization
 0001:0000DDF0       Finalization
 0001:0009EACC       Finalization
 0001:0009EA94       Finalization
 0001:0007F400       Finalization
 0001:0009EA5C       Finalization
 0001:0009DA94       Finalization
 0001:000813E0       Finalization
 0001:0007F570       Finalization
 0001:0007F5F0       Finalization
 0001:000DB13C       Finalization
 0001:0009B8FC       Finalization
 0001:000CD1E0       Finalization
 0001:0007F628       Finalization
 0001:0007F660       Finalization
 0001:000CD3C8       Finalization
 0001:000DCE7C       Finalization
 0001:0007F9A0       Finalization
 0001:0000D41C       Finalization
 0001:00097C34       Finalization
 0001:00097BDC       Finalization
 0001:00080828       Finalization
 0001:00080B80       Finalization
 0001:000765C8       Finalization
 0001:0002D494       Finalization
 0001:000976A0       Finalization
 0001:0004CE04       Finalization
 0001:0009661C       Finalization
 0001:00096564       Finalization
 0001:0002D504       Finalization
 0001:0002D53C       Finalization
 0001:0002D57C       Finalization
 0001:000DCEB4       Finalization
 0001:0002D5B4       Finalization
 0001:0002D5EC       Finalization
 0001:0004C180       Finalization
 0001:00076578       Finalization
 0001:000DCEEC       Finalization
 0001:0006763C       Finalization
 0001:00081554       Finalization
 0001:00080F4C       Finalization
 0001:0004C018       Finalization
 0001:00081038       Finalization
 0001:0002D62C       Finalization
 0001:00081150       Finalization
 0001:0002D698       Finalization
 0001:00032E4C       Finalization
 0001:00032DB8       Finalization
 0001:0002FA18       Finalization
 0001:00094C54       Finalization
 0001:0002D6D8       Finalization
 0001:00032D80       Finalization
 0001:00032CB8       Finalization
 0001:0002D710       Finalization
 0001:00094C00       Finalization
 0001:00094BB0       Finalization
 0001:00081314       Finalization
 0001:000948F8       Finalization
 0001:000D1D48       Finalization
 0001:000DCF24       Finalization
 0001:00045F34       Finalization
 0001:000DCF5C       Finalization
 0001:000DD1A4       Finalization
 0001:00044F80       Finalization
 0001:00074F48       Finalization
 0001:000DD1DC       Finalization
 0001:00074EE8       Finalization
 0001:000CF680       Finalization
 0001:00074EB0       Finalization
 0001:00074E78       Finalization
 0001:00081370       Finalization
 0001:000813A8       Finalization
 0001:00074E38       Finalization
 0001:000D2034       Finalization
 0001:00074DF8       Finalization
 0001:000D2768       Finalization
 0001:0000466C       FinalizeArray
 0001:00078D74       FinalizeSnmp
 0001:0007BEB8       FinalizeSysInfo
 0001:00002D1C       FinalizeUnits
 0001:00097B6C       FinalizeWMPrintClientFix
 0001:00065DE0       Find
 0001:00004918       FindBS
 0001:00018728       FindClass
 0001:000048A0       FindClassHInstance
 0001:000059E0       FindClose
 0001:000002B8       FindClose
 0001:00000C88       FindCommitted
 0001:0004F700       FindControl
 0001:0005C01C       FindControlAtPos
 0001:0001547C       FindCustomVariantType
[...]
  2222 0001:000BAED8  2223 0001:000BAEDB  2224 0001:000BAEE2  2226 0001:000BAEE6
  2229 0001:000BAEE8  2230 0001:000BAEEE  2231 0001:000BAEF7  2232 0001:000BAF03
  2233 0001:000BAF09  2239 0001:000BAF0C  2240 0001:000BAF1A  2241 0001:000BAF2C
  2242 0001:000BAF3F  2244 0001:000BAF45  2245 0001:000BAF4C  2247 0001:000BAF5D
  2249 0001:000BAF6E  2254 0001:000BAF78  2255 0001:000BAF7B  2256 0001:000BAF82
  2258 0001:000BAF90  2259 0001:000BAF9A  2260 0001:000BAFA3  2262 0001:000BAFC2
  2263 0001:000BAFE5  2264 0001:000BAFE9  2265 0001:000BB00A  2268 0001:000BB017
  2271 0001:000BB01C  2272 0001:000BB01F  2273 0001:000BB026  2274 0001:000BB039
  2275 0001:000BB046  2278 0001:000BB048  2279 0001:000BB04E  2280 0001:000BB059
  2281 0001:000BB062  2284 0001:000BB068  2285 0001:000BB06E  2287 0001:000BB078
  2288 0001:000BB07C  2289 0001:000BB083  2290 0001:000BB08C  2291 0001:000BB090
  2293 0001:000BB099  2297 0001:000BB09C  2298 0001:000BB0A6  2300 0001:000BB0B3
  2301 0001:000BB0B6  2304 0001:000BB0B8  2305 0001:000BB0BF  2306 0001:000BB0C8
  2307 0001:000BB0DC  2308 0001:000BB0E5  2333 0001:000BB0EC  2335 0001:000BB0F3
  2340 0001:000BB0F4  2341 0001:000BB111  2343 0001:000BB121  2344 0001:000BB12B
  2345 0001:000BB139  2346 0001:000BB144  2348 0001:000BB14D  2349 0001:000BB157
  2350 0001:000BB165  2352 0001:000BB16F  2353 0001:000BB186  2354 0001:000BB19C
  2359 0001:000BB1BD  2360 0001:000BB1D7  2363 0001:000BB1F1  2365 0001:000BB1FA
  2366 0001:000BB20D  2367 0001:000BB224  2371 0001:000BB261  2373 0001:000BB290
  2379 0001:000BB298  2382 0001:000BB29C  2383 0001:000BB29F  2384 0001:000BB2A6
  2385 0001:000BB2C1  2386 0001:000BB2CF  2389 0001:000BB2D4  2390 0001:000BB2DA
  2391 0001:000BB2F5  2392 0001:000BB305  2395 0001:000BB308  2396 0001:000BB30E
  2397 0001:000BB329  2398 0001:000BB339  2402 0001:000BB33C  2403 0001:000BB341
  2406 0001:000BB344  2407 0001:000BB34B  2409 0001:000BB356  2410 0001:000BB35F
  2411 0001:000BB371  2413 0001:000BB376  2416 0001:000BB37C  2417 0001:000BB384
  2419 0001:000BB38F  2420 0001:000BB398  2424 0001:000BB3AA  2426 0001:000BB3B3
  2427 0001:000BB3C0  2429 0001:000BB3CB  2431 0001:000BB3DB  2434 0001:000BB3E2
  2438 0001:000BB3EC  2439 0001:000BB3F5  2443 0001:000BB3F8  2444 0001:000BB401
  2448 0001:000BB404  2449 0001:000BB40F  2453 0001:000BB410  2454 0001:000BB41B
  2496 0001:000BB41C  2497 0001:000BB420  2498 0001:000BB42B  2503 0001:000BB430
  2504 0001:000BB43B  2505 0001:000BB440  2506 0001:000BB457  2509 0001:000BB45C
  2510 0001:000BB462  2511 0001:000BB46B  2515 0001:000BB470  2517 0001:000BB47B
  2519 0001:000BB485  2521 0001:000BB48D  2526 0001:000BB490  2527 0001:000BB4A7
  2530 0001:000BB4B0  2531 0001:000BB4BC  2532 0001:000BB4D0  2533 0001:000BB4D3
  2534 0001:000BB4DC  2535 0001:000BB4E3  2536 0001:000BB4F0  2537 0001:000BB504
  2538 0001:000BB50E  2539 0001:000BB515  2540 0001:000BB51C  2541 0001:000BB53C
  2546 0001:000BB548  2547 0001:000BB555  2552 0001:000BB55C  2553 0001:000BB56D
  2552 0001:000BB583  2554 0001:000BB586  2555 0001:000BB591  2556 0001:000BB59C
  2557 0001:000BB5B3  2560 0001:000BB5B8  2561 0001:000BB5BB  2562 0001:000BB5D2
  2566 0001:000BB5D4  2567 0001:000BB5DE  2570 0001:000BB5E0  2571 0001:000BB5E3
  2572 0001:000BB5FD  2575 0001:000BB600  2576 0001:000BB603  2577 0001:000BB60A
  2579 0001:000BB611  2580 0001:000BB61D  2581 0001:000BB624  2585 0001:000BB628
  2587 0001:000BB654  2589 0001:000BB65A  2591 0001:000BB660  2593 0001:000BB666
  2595 0001:000BB66C  2597 0001:000BB672  2599 0001:000BB678  2601 0001:000BB67E
  2603 0001:000BB683  2609 0001:000BB684  2610 0001:000BB68E  2613 0001:000BB692
  2614 0001:000BB6AB  2615 0001:000BB6B9  2616 0001:000BB6C4  2617 0001:000BB6D8
  2619 0001:000BB6F1  2620 0001:000BB70E  2622 0001:000BB71C  2610 0001:000BB71F
  2623 0001:000BB729  2628 0001:000BB730  2629 0001:000BB734  2630 0001:000BB736
  2629 0001:000BB747  2631 0001:000BB74C  2635 0001:000BB750  2639 0001:000BB75D
  2640 0001:000BB762  2642 0001:000BB77A  2643 0001:000BB77C  2645 0001:000BB7A7
  2647 0001:000BB7AD  2648 0001:000BB7B1  2650 0001:000BB7BD  2651 0001:000BB7C8
  2653 0001:000BB7CA  2655 0001:000BB7F5  2656 0001:000BB808  2660 0001:000BB860
  2661 0001:000BB86E  2662 0001:000BB880  2664 0001:000BB888  2663 0001:000BB8A0
  2665 0001:000BB8AF  2670 0001:000BB8B8  2671 0001:000BB8BC  2672 0001:000BB8D8
  2674 0001:000BB8DE  2675 0001:000BB8EE  2676 0001:000BB903  2677 0001:000BB909
  2679 0001:000BB913  2684 0001:000BB918  2685 0001:000BB91C  2686 0001:000BB93C
  2688 0001:000BB942  2689 0001:000BB952  2690 0001:000BB967  2691 0001:000BB96D
  2693 0001:000BB977  2698 0001:000BB97C  2699 0001:000BB980  2700 0001:000BB9A2
  2702 0001:000BB9A8  2703 0001:000BB9B8  2704 0001:000BB9CD  2705 0001:000BB9D3
  2707 0001:000BB9DD  2712 0001:000BB9E0  2713 0001:000BB9E4  2714 0001:000BBA04
  2716 0001:000BBA0A  2717 0001:000BBA1A  2718 0001:000BBA2F  2719 0001:000BBA35
  2721 0001:000BBA3F  2726 0001:000BBA44  2727 0001:000BBA47  2728 0001:000BBA55
  2729 0001:000BBA63  2740 0001:000BBA68  2741 0001:000BBA6E  2744 0001:000BBA91
  2746 0001:000BBA9A  2751 0001:000BBAA0  2752 0001:000BBAA9  2754 0001:000BBAB8
  2755 0001:000BBAC5  2758 0001:000BBAD4  2759 0001:000BBADD  2762 0001:000BBB12
  2765 0001:000BBB1F  2768 0001:000BBB29  2769 0001:000BBB36  2774 0001:000BBB43
  2776 0001:000BBB5B  2777 0001:000BBB6F  2779 0001:000BBB8B  2782 0001:000BBBA3
  2785 0001:000BBBA9  2786 0001:000BBBBA  2787 0001:000BBBC2  2788 0001:000BBBCC
  2790 0001:000BBBD0  2791 0001:000BBBE0  2793 0001:000BBBEC  2794 0001:000BBBFB
  2798 0001:000BBC04  2799 0001:000BBC0D  2800 0001:000BBC17  2801 0001:000BBC1C
  2803 0001:000BBC25  2804 0001:000BBC3C  2806 0001:000BBC47  2810 0001:000BBC57
  2812 0001:000BBC72  2813 0001:000BBC7D  2816 0001:000BBC8B  2818 0001:000BBC96
  2821 0001:000BBCA0  2822 0001:000BBCA6  2823 0001:000BBCB3  2824 0001:000BBCBD
  2825 0001:000BBCC4  2830 0001:000BBCC8  2831 0001:000BBCCF  2832 0001:000BBCD9
  2834 0001:000BBCFC  2836 0001:000BBCFE  2837 0001:000BBD02  2838 0001:000BBD04
  2839 0001:000BBD0E  2840 0001:000BBD15  2841 0001:000BBD22  2845 0001:000BBD2B
  2849 0001:000BBD30  2850 0001:000BBD3A  2852 0001:000BBD42  2853 0001:000BBD45
  2869 0001:000BBD48  2870 0001:000BBD4F  2875 0001:000BBD50  2876 0001:000BBD56
  2877 0001:000BBD5F  2879 0001:000BBD69  2880 0001:000BBD78  2881 0001:000BBD88
  2883 0001:000BBD95  2885 0001:000BBDAD  2886 0001:000BBDBB  2888 0001:000BBDD7
  2892 0001:000BBDE0  2894 0001:000BBDE8  2895 0001:000BBDEE  2897 0001:000BBDF3
  2901 0001:000BBDF4  2902 0001:000BBDFE  2904 0001:000BBE02  2905 0001:000BBE04
  2909 0001:000BBE08  2910 0001:000BBE12  2911 0001:000BBE19  2914 0001:000BBE1C
  2915 0001:000BBE1F  2917 0001:000BBE27  2918 0001:000BBE2D  2919 0001:000BBE34
  2920 0001:000BBE3B  2924 0001:000BBE42  2925 0001:000BBE49  2928 0001:000BBE4C
  2929 0001:000BBE4F  2930 0001:000BBE63  2931 0001:000BBE6D  2932 0001:000BBE72
  2935 0001:000BBE74  2936 0001:000BBE78  2937 0001:000BBE8A  2939 0001:000BBE9E
  2940 0001:000BBEA5  2943 0001:000BBEA8  2944 0001:000BBEAC  2945 0001:000BBEBE
  2946 0001:000BBED0  2950 0001:000BBED8  2951 0001:000BBEE1  2956 0001:000BBEE4
  2957 0001:000BBEEE  2958 0001:000BBEF8  2959 0001:000BBF1C  2960 0001:000BBF23
  2963 0001:000BBF2C  2969 0001:000BBF32  2970 0001:000BBF3B  2971 0001:000BBF4A
  2972 0001:000BBF53  2976 0001:000BBF58  2977 0001:000BBF5F  2984 0001:000BBF60
  2985 0001:000BBF66  2987 0001:000BBF70  2988 0001:000BBF78  2989 0001:000BBF81
  2993 0001:000BBF8A  2994 0001:000BBFA3  2995 0001:000BBFB0  2996 0001:000BBFBF
  2997 0001:000BBFC9  2999 0001:000BBFCF  3000 0001:000BBFD3  3001 0001:000BBFD7
  3002 0001:000BBFDC  3003 0001:000BBFE1  3007 0001:000BBFE6  3009 0001:000BBFE8
  3010 0001:000BC00D  3011 0001:000BC02C  3007 0001:000BC02D  3014 0001:000BC032
  3015 0001:000BC03F  3017 0001:000BC055  3018 0001:000BC062  3019 0001:000BC076
  3029 0001:000BC084  3030 0001:000BC08D  3032 0001:000BC0A0  3034 0001:000BC0B0
  3035 0001:000BC0BC  3036 0001:000BC0C5  3037 0001:000BC0F0  3038 0001:000BC0FC
  3040 0001:000BC105  3042 0001:000BC10E  3044 0001:000BC114  3045 0001:000BC11F
  3047 0001:000BC12C  3049 0001:000BC145  3050 0001:000BC14D  3052 0001:000BC15A
  3053 0001:000BC163  3055 0001:000BC16C  3056 0001:000BC170  3057 0001:000BC174
  3060 0001:000BC178  3062 0001:000BC1A1  3063 0001:000BC1BE  3064 0001:000BC1D6
  3065 0001:000BC1E4  3067 0001:000BC1EF  3068 0001:000BC20C  3070 0001:000BC21F
  3071 0001:000BC22B  3075 0001:000BC247  3076 0001:000BC261  3078 0001:000BC26D
  3079 0001:000BC27B  3083 0001:000BC288  3084 0001:000BC28A  3085 0001:000BC298
  3083 0001:000BC2B0  3087 0001:000BC2B5  3093 0001:000BC2C4  3095 0001:000BC2D3
  3096 0001:000BC2E7  3095 0001:000BC300  3099 0001:000BC303  3101 0001:000BC315
  3105 0001:000BC321  3106 0001:000BC33A  3107 0001:000BC342  3099 0001:000BC343
  3108 0001:000BC346  3111 0001:000BC350  3112 0001:000BC359  3113 0001:000BC364
  3114 0001:000BC371  3115 0001:000BC37A  3118 0001:000BC380  3119 0001:000BC386
  3120 0001:000BC3A2  3121 0001:000BC3AD  3124 0001:000BC3B0  3125 0001:000BC3B6
  3126 0001:000BC3CF  3127 0001:000BC3D8  3128 0001:000BC3E1  3131 0001:000BC3E4
  3132 0001:000BC3E7  3133 0001:000BC3EE  3134 0001:000BC3F5  3137 0001:000BC3F8
  3138 0001:000BC3FE  3139 0001:000BC414  3140 0001:000BC42B  3141 0001:000BC44E
  3144 0001:000BC454  3145 0001:000BC457  3147 0001:000BC45F  3148 0001:000BC465
  3149 0001:000BC46C  3151 0001:000BC473  3154 0001:000BC478  3155 0001:000BC47E
  3156 0001:000BC48B  3159 0001:000BC490  3160 0001:000BC491  3161 0001:000BC49B
  3162 0001:000BC4AB  3165 0001:000BC4B0  3166 0001:000BC4B1  3167 0001:000BC4BB
  3168 0001:000BC4CD  3172 0001:000BC4D0  3174 0001:000BC4D8  3175 0001:000BC4DE
  3177 0001:000BC4E3  3181 0001:000BC4E4  3182 0001:000BC4EE  3186 0001:000BC4F0
  3187 0001:000BC4FA  3197 0001:000BC52C  3197 0001:000BC533

Line numbers for JvWizardRouteMapSteps(..\..\run\JvWizardRouteMapSteps.pas) segment .text

   111 0001:000BC884   112 0001:000BC896   113 0001:000BC89F   114 0001:000BC8A9
   115 0001:000BC8B5   116 0001:000BC8C2   117 0001:000BC8D2   118 0001:000BC8E2
   119 0001:000BC8F2   120 0001:000BC8F9   121 0001:000BC900   122 0001:000BC91E
   125 0001:000BC924   126 0001:000BC92D   129 0001:000BC93A   131 0001:000BC950
   133 0001:000BC98C   135 0001:000BC993   138 0001:000BC9B3   140 0001:000BC9C9
   142 0001:000BCA05   144 0001:000BCA09   147 0001:000BCA2B   151 0001:000BCA2F
   153 0001:000BCA31   156 0001:000BCA38   157 0001:000BCA3E   159 0001:000BCA83
   162 0001:000BCA94   163 0001:000BCA9B   165 0001:000BCACD   168 0001:000BCAD4
   169 0001:000BCADB   171 0001:000BCB16   176 0001:000BCB28   178 0001:000BCB32
   179 0001:000BCB39   180 0001:000BCB3B   182 0001:000BCB4C   184 0001:000BCB64
   185 0001:000BCB6C   186 0001:000BCB71   188 0001:000BCB72   180 0001:000BCB73
   189 0001:000BCB78   192 0001:000BCB80   193 0001:000BCB87   195 0001:000BCBB6
   198 0001:000BCBBC   199 0001:000BCBC3   201 0001:000BCBF8   207 0001:000BCC08
   208 0001:000BCC1B   209 0001:000BCC28   211 0001:000BCC37   212 0001:000BCC43
   214 0001:000BCC5C   215 0001:000BCC66   216 0001:000BCC6A   218 0001:000BCC7C
   221 0001:000BCC8C   222 0001:000BCC9A   224 0001:000BCCA8   227 0001:000BCCB4
   228 0001:000BCCC0   229 0001:000BCCC7   239 0001:000BCCCC   240 0001:000BCCEA
   241 0001:000BCCF4   242 0001:000BCD00   243 0001:000BCD11   244 0001:000BCD1C
   246 0001:000BCD30   247 0001:000BCD3A   248 0001:000BCD48   249 0001:000BCD59
   250 0001:000BCD6D   252 0001:000BCD7D   254 0001:000BCD8A   255 0001:000BCD9F
   256 0001:000BCDB3   258 0001:000BCDE1   259 0001:000BCDE7   262 0001:000BCE1C
   263 0001:000BCE30   264 0001:000BCE58   266 0001:000BCE61   270 0001:000BCE68
   272 0001:000BCE6D   276 0001:000BCE97   277 0001:000BCEAB   278 0001:000BCEB7
   279 0001:000BCECC   281 0001:000BCED5   285 0001:000BCEDC   287 0001:000BCEE1
   289 0001:000BCF09   290 0001:000BCF1D   293 0001:000BCF26   294 0001:000BCF4E
   300 0001:000BCF6A   301 0001:000BCF8A   303 0001:000BCFAC   304 0001:000BCFB6
   305 0001:000BCFC0   306 0001:000BCFD4   308 0001:000BCFDD   309 0001:000BCFF3
   310 0001:000BCFFE   311 0001:000BD01E   315 0001:000BD03A   316 0001:000BD048
   319 0001:000BD076   320 0001:000BD082   321 0001:000BD08C   324 0001:000BD095
   325 0001:000BD0C1   327 0001:000BD0C7   331 0001:000BD0CE   333 0001:000BD0D3
   339 0001:000BD0FB   340 0001:000BD11D   342 0001:000BD13F   343 0001:000BD149
   344 0001:000BD153   345 0001:000BD167   347 0001:000BD170   348 0001:000BD17D
   349 0001:000BD19D   353 0001:000BD1B9   355 0001:000BD1C2   356 0001:000BD1CC
   358 0001:000BD1FA   359 0001:000BD200   362 0001:000BD222   363 0001:000BD230
   366 0001:000BD25B   367 0001:000BD267   368 0001:000BD271   371 0001:000BD27A
   372 0001:000BD2A6   374 0001:000BD2AC   378 0001:000BD2B3   380 0001:000BD2B8
   382 0001:000BD2FD   386 0001:000BD31C   388 0001:000BD324   389 0001:000BD32A
   391 0001:000BD32F   395 0001:000BD330   397 0001:000BD338   398 0001:000BD33E
   400 0001:000BD343   404 0001:000BD344   406 0001:000BD34C   407 0001:000BD352
   409 0001:000BD357   412 0001:000BD358   413 0001:000BD35E   415 0001:000BD36D
   416 0001:000BD37A   418 0001:000BD381   421 0001:000BD384   422 0001:000BD38A
   424 0001:000BD399   425 0001:000BD3A6   427 0001:000BD3AD   430 0001:000BD3B0
   431 0001:000BD3B6   433 0001:000BD3C5   434 0001:000BD3D2   436 0001:000BD3D9
   439 0001:000BD3DC   440 0001:000BD3E2   442 0001:000BD3EA   443 0001:000BD3F8
   444 0001:000BD406   445 0001:000BD40C   447 0001:000BD413   451 0001:000BD418
   453 0001:000BD420   454 0001:000BD426   456 0001:000BD42B   459 0001:000BD42C
   460 0001:000BD442   461 0001:000BD481   464 0001:000BD488   465 0001:000BD49E
   466 0001:000BD4DD   469 0001:000BD4E4   470 0001:000BD4FA   471 0001:000BD539
   482 0001:000BD570   482 0001:000BD577

Line numbers for LMDRTLConst(LMDRTLConst.pas) segment .text

   217 0001:000BD688   217 0001:000BD68F

Line numbers for LMDRTLXConst(LMDRTLXConst.pas) segment .text

   142 0001:000D28A0   142 0001:000D28A7

Line numbers for MainForm(MainForm.pas) segment .text

   120 0001:000DB9C8   121 0001:000DB9CB   122 0001:000DB9D8   124 0001:000DB9E5
   125 0001:000DB9F2   126 0001:000DB9FF   128 0001:000DBA0C   129 0001:000DBA19
   132 0001:000DBA1C   133 0001:000DBA1F   134 0001:000DBA2C   136 0001:000DBA39
   137 0001:000DBA46   138 0001:000DBA53   140 0001:000DBA60   141 0001:000DBA6D
   143 0001:000DBA7A   144 0001:000DBA98   145 0001:000DBAB6   147 0001:000DBAD4
   150 0001:000DBAD8   151 0001:000DBADB   152 0001:000DBAE8   154 0001:000DBAF5
   155 0001:000DBB02   156 0001:000DBB0F   158 0001:000DBB1C   159 0001:000DBB29
   162 0001:000DBB2C   163 0001:000DBB32   164 0001:000DBB3F   165 0001:000DBB53
   167 0001:000DBB67   168 0001:000DBB70   171 0001:000DBB74   172 0001:000DBB78
   173 0001:000DBB92   174 0001:000DBB9F   175 0001:000DBBAC   177 0001:000DBBB9
   178 0001:000DBBD3   179 0001:000DBBE0   180 0001:000DBBED   182 0001:000DBBFA
   183 0001:000DBC14   184 0001:000DBC21   185 0001:000DBC2E   187 0001:000DBC3B
   188 0001:000DBC48   190 0001:000DBC55   193 0001:000DBC65   194 0001:000DBC7B
   195 0001:000DBC88   197 0001:000DBCC4   197 0001:000DBCD4   198 0001:000DBCD8
   198 0001:000DBCE8   200 0001:000DBCEC   200 0001:000DBCFC   201 0001:000DBD00
   201 0001:000DBD10   203 0001:000DBD14   203 0001:000DBD24   204 0001:000DBD28
   204 0001:000DBD38   206 0001:000DBD3C   206 0001:000DBD4C   207 0001:000DBD50
   207 0001:000DBD60   209 0001:000DBD64   209 0001:000DBD74   210 0001:000DBD78
   210 0001:000DBD88   212 0001:000DBD8C   212 0001:000DBD9C   213 0001:000DBDA0
   213 0001:000DBDB0   217 0001:000DBDB4   218 0001:000DBDB9   221 0001:000DBDBC
   222 0001:000DBDD2   224 0001:000DBDE1   225 0001:000DBDEB   228 0001:000DBDED
   229 0001:000DBE09   230 0001:000DBE34   233 0001:000DBE68   234 0001:000DBE7E
   236 0001:000DBE8D   237 0001:000DBE97   240 0001:000DBE99   241 0001:000DBEB5
   242 0001:000DBEE0   245 0001:000DBF14   246 0001:000DBF2C   247 0001:000DBF3A
   249 0001:000DBF49   250 0001:000DBF53   253 0001:000DBF55   254 0001:000DBF7C
   255 0001:000DBFAF   258 0001:000DBFE4   259 0001:000DBFFC   261 0001:000DC00B
   262 0001:000DC015   264 0001:000DC017   266 0001:000DC031   271 0001:000DC04B
   274 0001:000DC069   277 0001:000DC098   281 0001:000DC110   282 0001:000DC115
   287 0001:000DC118   288 0001:000DC13A   289 0001:000DC13F   290 0001:000DC14D
   291 0001:000DC15B   292 0001:000DC194   293 0001:000DC1B8   295 0001:000DC1DC
   296 0001:000DC200   297 0001:000DC224   298 0001:000DC248   300 0001:000DC26C
   301 0001:000DC28D   303 0001:000DC2C9   305 0001:000DC2CB   307 0001:000DC2E3
   311 0001:000DC301   313 0001:000DC348   318 0001:000DC41C   319 0001:000DC43E
   320 0001:000DC443   321 0001:000DC451   322 0001:000DC45F   323 0001:000DC498
   324 0001:000DC4BD   326 0001:000DC4E2   327 0001:000DC507   328 0001:000DC52C
   329 0001:000DC551   331 0001:000DC576   332 0001:000DC59A   334 0001:000DC5D9
   336 0001:000DC5DB   338 0001:000DC5F3   342 0001:000DC611   344 0001:000DC643
   347 0001:000DC718   348 0001:000DC71B   349 0001:000DC728   350 0001:000DC735
   352 0001:000DC742   353 0001:000DC752   354 0001:000DC762   357 0001:000DC764
   358 0001:000DC767   359 0001:000DC777   360 0001:000DC787   361 0001:000DC797
   364 0001:000DC810   365 0001:000DC813   366 0001:000DC818   367 0001:000DC81B
   370 0001:000DC820   371 0001:000DC835   372 0001:000DC849   374 0001:000DC85F
   377 0001:000DC8CC   380 0001:000DC8F0   381 0001:000DC91D   382 0001:000DC92B
   384 0001:000DC95C   386 0001:000DC987   393 0001:000DC990   394 0001:000DC9BA
   395 0001:000DC9D3   396 0001:000DC9EC   398 0001:000DCA05   400 0001:000DCA12
   401 0001:000DCA1C   402 0001:000DCA22   404 0001:000DCA27   406 0001:000DCA34
   408 0001:000DCA46   409 0001:000DCA50   410 0001:000DCA56   413 0001:000DCA5B
   415 0001:000DCA68   416 0001:000DCA72   417 0001:000DCA78   420 0001:000DCA7D
   422 0001:000DCA89   423 0001:000DCA93   424 0001:000DCA99   427 0001:000DCA9E
   429 0001:000DCAAC   431 0001:000DCAC2   432 0001:000DCACF   434 0001:000DCAFC
   435 0001:000DCB09   437 0001:000DCB15   441 0001:000DCB47   443 0001:000DCB59
   452 0001:000DCB8E   454 0001:000DCB9A   455 0001:000DCBA6   459 0001:000DCBE0
   461 0001:000DCBE2   463 0001:000DCBFA   464 0001:000DCC00   467 0001:000DCC5D
   471 0001:000DCD70   472 0001:000DCD8E   473 0001:000DCDA4   479 0001:000DCE01
   480 0001:000DCE3E   482 0001:000DCEAC   482 0001:000DCEB3

Line numbers for JvBaseDlg(..\..\run\JvBaseDlg.pas) segment .text

   100 0001:000DCEE4   100 0001:000DCEEB

Line numbers for JvSelectDirectory(..\..\run\JvSelectDirectory.pas) segment .text

   112 0001:000DCF54   112 0001:000DCF5B

Line numbers for wizardA(wizardA.pas) segment .text

   122 0001:000DCF8C   122 0001:000DCF93

Line numbers for FrameCAroot(FrameCAroot.pas) segment .text

    27 0001:000DD138    28 0001:000DD13B    29 0001:000DD148    30 0001:000DD16D
    31 0001:000DD17A    32 0001:000DD187    33 0001:000DD1A1    35 0001:000DD1D4
    35 0001:000DD1DB

Line numbers for SignTool(E:\Projekte\SignTool\SignTool.dpr) segment .text

    12 0001:000DD78C    13 0001:000DD79C    14 0001:000DD7A8    15 0001:000DD7C0
    16 0001:000DD7CC

Bound resource files

e:\program files (x86)\borland\delphi7\Lib\Buttons.res
e:\program files (x86)\borland\delphi7\Lib\ExtDlgs.res
e:\program files (x86)\borland\delphi7\Lib\Controls.res
E:\Projekte\jedi\jcl\jcl\source\common\JclUnicode.res
E:\Projekte\jedi\jvcl\jvcl\resources\JvConsts.res
E:\Projekte\jedi\jvcl\jvcl\resources\JvOutlookBar.res
FrameApache.dfm
FrameLocalDNS.dfm
MainForm.dfm
resources.res
e:\program files (x86)\borland\delphi7\Lib\FileCtrl.res
wizardA.dfm
FrameCAroot.dfm
SignTool.res
SignTool.drf


Program entry point at 0001:000DD78C
